PASS Branding: no prototype masthead, footers, edition labels or shortcut banner 
PASS Real first click unlocks original music without autoplay overrides 
PASS Four authored stems decode, contain signal and share the authored loop duration 
PASS Menu, gameplay and trial mixes change without restarting synchronized stems 
PASS Single mute button silences both music and effects and restores output 
PASS Independent master, music and effects sliders reach separate buses with a quiet probe tone 
PASS Disabling typewriter effects leaves the music playing 
PASS Music toggle fades rather than resetting playback or disabling effects 
PASS Repeated modal transitions do not duplicate music sources 
PASS Pause and nested Settings freeze play, soften music, and make obscured controls inert 
PASS Resume countdown holds the simulation still before returning control 
PASS Escape cancels a pending countdown without accidental resume 
PASS Focus loss cancels countdown, suspends audio and requires deliberate gameplay resume 
PASS Countdown restores the exact word, cursor and selected range 
PASS Countdown preference provides immediate resume when disabled 
PASS First-use typing hint retires on success and respects its preference 
PASS Focused HUD removes secondary numbers; detailed HUD can restore them 
PASS Reduced motion removes decorative animation without hiding ready states 
PASS Burst effects respect voice limits and disconnect after playback 
PASS Injected missing music failure reports honestly while typing remains playable 
PASS AudioContext-unavailable environment still starts gameplay 
PASS Final title, gameplay, Audio settings and chapter atlas render into captures 
PASS Unmodified production PLAY.html exposes no controlled test seam 
PASS No unhandled application errors during polish audit 
{
  "passed": 24,
  "failed": 0,
  "browser": "144.0.7559.96"
}
