PASS User gesture unlocks four local music layers with no autoplay override 
PASS New layers share the original 90-BPM cycle without pitch or phase resets 
PASS Pile percentage drives continuous audible pressure/urgency gains on the same sources 
PASS A real falling-card impact, not just a fixture setter, increases the music pressure 
PASS WIND clears danger, preserves current typing, and releases tension without restarting music 
PASS Adaptive music switch works without altering difficulty, stock, or active card speeds 
PASS Pause and chapter results remove tension; resume restores the actual current pressure 
PASS Matching letters create local ink glints and delicate matched-key cues 
PASS Fully typed word glows but still requires Enter; saving emits one scored resolution 
PASS Wrong intermediate letters stay unpenalized, without a false success shine 
PASS Backspace is quiet; replacement text gets fresh, accurate matching feedback 
PASS Typing shimmer can be disabled independently of normal sound and scoring 
PASS Reduced motion suppresses sparks, book flights and WIND paper animation, not rescue 
PASS Spell acquisition, dark bonus cards and eight-word streaks have distinct reward cues 
PASS All four real quick-casts trigger their distinct original spell sound palettes 
PASS Natural ICE then queued SLOW expiry creates one subtle return cue each 
PASS Danger warning cues occur on band entry, not every frame or repeated percentage 
PASS Result score counts upward with bounded ticks; saved score is authoritative from the start 
PASS Clicking the tally skips its animation without duplicate sound, score, or medals 
PASS Next chapter is immediately usable and cancels all old score-tally voices 
PASS Returning to a finished results screen does not replay the score ceremony 
PASS Reduced-motion results expose the exact final score without counting animation 
PASS Global mute also silences the new tally clicks and medal seal 
PASS Dense reward bursts stay within 32 tones/12 noise voices and fully disconnect 
PASS Repeated completions and rescues keep the shimmer and particle pools bounded 
PASS A large streak celebration never covers an active word underneath it 
PASS Actual shipping model uses the earlier chapter 1/3/6/12 difficulty ramp 
PASS Missing optional tension stems degrade gracefully to the original playable score 
PASS Tab loss suspends the expanded audio graph and never resumes falling words automatically 
PASS Production HTML still hides every audit/control hook 
PASS Unchanged live HUD nodes survive repeated frames and keys without markup replacement 
PASS Live pressure, WIND relief, score tally and audio controls render as captured screens 
PASS No unhandled application JavaScript errors in the new integration audit 
{
  "browser": "144.0.7559.96",
  "passed": 33,
  "failed": 0
}
