{"name": "Shipped document, running model and build tag all identify the new quota release", "status": "PASS", "seconds": 0.078}
{"name": "All 48 chapter HUD denominators agree with the model in all three paces; none is 13", "status": "PASS", "seconds": 3.554}
{"name": "classic chapter 3: real Enter at word 13 keeps playing; word 14 clears exactly once", "status": "PASS", "seconds": 4.994}
{"name": "classic chapter 4: real Enter at word 13 keeps playing; word 14 clears exactly once", "status": "PASS", "seconds": 3.4}
{"name": "relaxed chapter 3: real Enter at word 13 keeps playing; word 14 clears exactly once", "status": "PASS", "seconds": 1.292}
{"name": "relaxed chapter 4: real Enter at word 13 keeps playing; word 14 clears exactly once", "status": "PASS", "seconds": 0.724}
{"name": "maniac chapter 3: real Enter at word 13 keeps playing; word 14 clears exactly once", "status": "PASS", "seconds": 2.34}
{"name": "maniac chapter 4: real Enter at word 13 keeps playing; word 14 clears exactly once", "status": "PASS", "seconds": 2.906}
{"name": "Real room-layer pixels change only in the shelf art; live-word corridor remains byte-identical", "status": "PASS", "seconds": 2.122}
{"name": "Regenerating aged paper/leather produces identical pixels without moving either model RNG", "status": "PASS", "seconds": 0.499}
{"name": "Repeated traversal of every wing keeps the existing two-layer cache bounded", "status": "PASS", "seconds": 4.338}
{"name": "1920x1080: fourteen-word HUD, targeting, paper input and score retain their layout under pressure", "status": "PASS", "seconds": 3.656}
{"name": "1440x900: fourteen-word HUD, targeting, paper input and score retain their layout under pressure", "status": "PASS", "seconds": 0.808}
{"name": "1366x768: fourteen-word HUD, targeting, paper input and score retain their layout under pressure", "status": "PASS", "seconds": 1.683}
{"name": "1280x720: fourteen-word HUD, targeting, paper input and score retain their layout under pressure", "status": "PASS", "seconds": 0.507}
{"name": "1024x768: fourteen-word HUD, targeting, paper input and score retain their layout under pressure", "status": "PASS", "seconds": 0.485}
{"name": "1024x600: fourteen-word HUD, targeting, paper input and score retain their layout under pressure", "status": "PASS", "seconds": 1.097}
{"name": "800x600: fourteen-word HUD, targeting, paper input and score retain their layout under pressure", "status": "PASS", "seconds": 1.119}
{"name": "960x540: fourteen-word HUD, targeting, paper input and score retain their layout under pressure", "status": "PASS", "seconds": 0.678}
{"name": "640x480: fourteen-word HUD, targeting, paper input and score retain their layout under pressure", "status": "PASS", "seconds": 0.532}
{"name": "2560x1080: fourteen-word HUD, targeting, paper input and score retain their layout under pressure", "status": "PASS", "seconds": 0.696}
{"name": "768x1024: fourteen-word HUD, targeting, paper input and score retain their layout under pressure", "status": "PASS", "seconds": 0.443}
{"name": "360x640: fourteen-word HUD, targeting, paper input and score retain their layout under pressure", "status": "PASS", "seconds": 0.347}
{"name": "High contrast and reduced motion retain the physical book without new background animation", "status": "PASS", "seconds": 1.914}
{"name": "Actual file import retains old PBs and displays the continued old run as EARLIER RULES", "status": "PASS", "seconds": 2.916}
{"name": "After migration, Fresh Journey preserves all unlocks/PBs and later chapter Practice does not overwrite Continue", "status": "PASS", "seconds": 4.485}
{"name": "Actual download/export preserves historical score collections and earned chapter access", "status": "PASS", "seconds": 0.362}
{"name": "FIRE keeps its original action/resource behavior beside the new shelf artwork", "status": "PASS", "seconds": 1.608}
{"name": "ICE keeps its original action/resource behavior beside the new shelf artwork", "status": "PASS", "seconds": 1.919}
{"name": "SLOW keeps its original action/resource behavior beside the new shelf artwork", "status": "PASS", "seconds": 1.822}
{"name": "WIND keeps its original action/resource behavior beside the new shelf artwork", "status": "PASS", "seconds": 1.217}
{"name": "Unmodified production document starts without exposing the diagnostic API", "status": "PASS", "seconds": 6.296}
