{"name": "Shipped document, running model and build tag all identify the new quota release", "status": "PASS", "seconds": 0.082}
{"name": "All 48 chapter HUD denominators agree with the model in all three paces; none is 13", "status": "PASS", "seconds": 2.677}
{"name": "classic chapter 3: real Enter at word 13 keeps playing; word 14 clears exactly once", "status": "PASS", "seconds": 3.384}
{"name": "classic chapter 4: real Enter at word 13 keeps playing; word 14 clears exactly once", "status": "PASS", "seconds": 4.188}
{"name": "relaxed chapter 3: real Enter at word 13 keeps playing; word 14 clears exactly once", "status": "PASS", "seconds": 3.028}
{"name": "relaxed chapter 4: real Enter at word 13 keeps playing; word 14 clears exactly once", "status": "PASS", "seconds": 2.178}
{"name": "maniac chapter 3: real Enter at word 13 keeps playing; word 14 clears exactly once", "status": "PASS", "seconds": 1.977}
{"name": "maniac chapter 4: real Enter at word 13 keeps playing; word 14 clears exactly once", "status": "PASS", "seconds": 0.774}
{"name": "Real room-layer pixels change only in the shelf art; live-word corridor remains byte-identical", "status": "PASS", "seconds": 1.865}
{"name": "Regenerating aged paper/leather produces identical pixels without moving either model RNG", "status": "PASS", "seconds": 0.585}
{"name": "Repeated traversal of every wing keeps the existing two-layer cache bounded", "status": "PASS", "seconds": 4.571}
{"name": "1920x1080: fourteen-word HUD, targeting, paper input and score retain their layout under pressure", "status": "PASS", "seconds": 2.624}
{"name": "1440x900: fourteen-word HUD, targeting, paper input and score retain their layout under pressure", "status": "PASS", "seconds": 0.743}
{"name": "1366x768: fourteen-word HUD, targeting, paper input and score retain their layout under pressure", "status": "PASS", "seconds": 1.869}
{"name": "1280x720: fourteen-word HUD, targeting, paper input and score retain their layout under pressure", "status": "PASS", "seconds": 0.592}
{"name": "1024x768: fourteen-word HUD, targeting, paper input and score retain their layout under pressure", "status": "PASS", "seconds": 0.39}
{"name": "1024x600: fourteen-word HUD, targeting, paper input and score retain their layout under pressure", "status": "PASS", "seconds": 0.912}
{"name": "800x600: fourteen-word HUD, targeting, paper input and score retain their layout under pressure", "status": "PASS", "seconds": 1.349}
{"name": "960x540: fourteen-word HUD, targeting, paper input and score retain their layout under pressure", "status": "PASS", "seconds": 0.584}
{"name": "640x480: fourteen-word HUD, targeting, paper input and score retain their layout under pressure", "status": "PASS", "seconds": 0.443}
{"name": "2560x1080: fourteen-word HUD, targeting, paper input and score retain their layout under pressure", "status": "PASS", "seconds": 0.669}
{"name": "768x1024: fourteen-word HUD, targeting, paper input and score retain their layout under pressure", "status": "PASS", "seconds": 0.55}
{"name": "360x640: fourteen-word HUD, targeting, paper input and score retain their layout under pressure", "status": "PASS", "seconds": 0.381}
{"name": "High contrast and reduced motion retain the physical book without new background animation", "status": "PASS", "seconds": 1.549}
{"name": "Actual file import retains old PBs and displays the continued old run as EARLIER RULES", "status": "PASS", "seconds": 2.572}
{"name": "After migration, Fresh Journey preserves all unlocks/PBs and later chapter Practice does not overwrite Continue", "status": "PASS", "seconds": 4.721}
{"name": "Actual download/export preserves historical score collections and earned chapter access", "status": "PASS", "seconds": 0.25}
{"name": "FIRE keeps its original action/resource behavior beside the new shelf artwork", "status": "PASS", "seconds": 1.548}
{"name": "ICE keeps its original action/resource behavior beside the new shelf artwork", "status": "PASS", "seconds": 1.672}
{"name": "SLOW keeps its original action/resource behavior beside the new shelf artwork", "status": "PASS", "seconds": 1.492}
{"name": "WIND keeps its original action/resource behavior beside the new shelf artwork", "status": "PASS", "seconds": 1.242}
{"name": "Unmodified production document starts without exposing the diagnostic API", "status": "PASS", "seconds": 5.525}
