{"name": "Shipping version and initialized diagnostics identify v3.5.1", "status": "PASS", "seconds": 0.027}
{"name": "First genuinely earned ICE waits for notifications and teaches in the clear desk, never over live words", "status": "PASS", "seconds": 5.274}
{"name": "HUD 1920\u00d71080, pile 0%, stock 0: separated status, key, caption and safe field", "status": "PASS", "seconds": 0.328}
{"name": "HUD 1920\u00d71080, pile 95%, stock 2: separated status, key, caption and safe field", "status": "PASS", "seconds": 0.336}
{"name": "HUD 1440\u00d7900, pile 0%, stock 0: separated status, key, caption and safe field", "status": "PASS", "seconds": 0.284}
{"name": "HUD 1440\u00d7900, pile 95%, stock 2: separated status, key, caption and safe field", "status": "PASS", "seconds": 0.264}
{"name": "HUD 1366\u00d7768, pile 0%, stock 0: separated status, key, caption and safe field", "status": "PASS", "seconds": 0.537}
{"name": "HUD 1366\u00d7768, pile 95%, stock 2: separated status, key, caption and safe field", "status": "PASS", "seconds": 0.604}
{"name": "HUD 1280\u00d7720, pile 0%, stock 0: separated status, key, caption and safe field", "status": "PASS", "seconds": 0.534}
{"name": "HUD 1280\u00d7720, pile 95%, stock 2: separated status, key, caption and safe field", "status": "PASS", "seconds": 0.526}
{"name": "HUD 1024\u00d7768, pile 0%, stock 0: separated status, key, caption and safe field", "status": "PASS", "seconds": 0.254}
{"name": "HUD 1024\u00d7768, pile 95%, stock 2: separated status, key, caption and safe field", "status": "PASS", "seconds": 0.265}
{"name": "HUD 1024\u00d7600, pile 0%, stock 0: separated status, key, caption and safe field", "status": "PASS", "seconds": 0.261}
{"name": "HUD 1024\u00d7600, pile 95%, stock 2: separated status, key, caption and safe field", "status": "PASS", "seconds": 0.254}
{"name": "HUD 800\u00d7600, pile 0%, stock 0: separated status, key, caption and safe field", "status": "PASS", "seconds": 0.43}
{"name": "HUD 800\u00d7600, pile 95%, stock 2: separated status, key, caption and safe field", "status": "PASS", "seconds": 0.416}
{"name": "HUD 960\u00d7540, pile 0%, stock 0: separated status, key, caption and safe field", "status": "PASS", "seconds": 0.232}
{"name": "HUD 960\u00d7540, pile 95%, stock 2: separated status, key, caption and safe field", "status": "PASS", "seconds": 0.246}
{"name": "HUD 640\u00d7480, pile 0%, stock 0: separated status, key, caption and safe field", "status": "PASS", "seconds": 0.249}
{"name": "HUD 640\u00d7480, pile 95%, stock 2: separated status, key, caption and safe field", "status": "PASS", "seconds": 0.246}
{"name": "HUD 2560\u00d71080, pile 0%, stock 0: separated status, key, caption and safe field", "status": "PASS", "seconds": 0.301}
{"name": "HUD 2560\u00d71080, pile 95%, stock 2: separated status, key, caption and safe field", "status": "PASS", "seconds": 0.311}
{"name": "HUD 768\u00d71024, pile 0%, stock 0: separated status, key, caption and safe field", "status": "PASS", "seconds": 0.236}
{"name": "HUD 768\u00d71024, pile 95%, stock 2: separated status, key, caption and safe field", "status": "PASS", "seconds": 0.243}
{"name": "HUD 360\u00d7640, pile 0%, stock 0: separated status, key, caption and safe field", "status": "PASS", "seconds": 0.247}
{"name": "HUD 360\u00d7640, pile 95%, stock 2: separated status, key, caption and safe field", "status": "PASS", "seconds": 0.245}
{"name": "High-contrast 720p HUD preserves spacing and equivalent rescue information", "status": "PASS", "seconds": 0.562}
{"name": "Rescue has one home and never requests unavailable, cooling-down or empty WIND", "status": "PASS", "seconds": 0.168}
{"name": "ICE active / SLOW queued labels fit at 600p and pause/resume preserves the typed buffer", "status": "PASS", "seconds": 0.785}
{"name": "Last live cards over ICE/SLOW have a measured safety gap before book status tabs", "status": "PASS", "seconds": 0.559}
{"name": "All four hover descriptions use the clear center desk; keyboard focus wins over pointer", "status": "PASS", "seconds": 4.246}
{"name": "Context notices never stack over help or dialog actions; real invalid/valid save import and export", "status": "PASS", "seconds": 0.697}
{"name": "settings dialog 1366\u00d7768: readable flow, scrollable actions and no control clipping", "status": "PASS", "seconds": 1.223}
{"name": "how dialog 1366\u00d7768: readable flow, scrollable actions and no control clipping", "status": "PASS", "seconds": 0.942}
{"name": "about dialog 1366\u00d7768: readable flow, scrollable actions and no control clipping", "status": "PASS", "seconds": 0.927}
{"name": "records dialog 1366\u00d7768: readable flow, scrollable actions and no control clipping", "status": "PASS", "seconds": 1.212}
{"name": "map dialog 1366\u00d7768: readable flow, scrollable actions and no control clipping", "status": "PASS", "seconds": 1.526}
{"name": "settings dialog 1024\u00d7600: readable flow, scrollable actions and no control clipping", "status": "PASS", "seconds": 1.149}
{"name": "how dialog 1024\u00d7600: readable flow, scrollable actions and no control clipping", "status": "PASS", "seconds": 0.818}
{"name": "about dialog 1024\u00d7600: readable flow, scrollable actions and no control clipping", "status": "PASS", "seconds": 0.793}
{"name": "records dialog 1024\u00d7600: readable flow, scrollable actions and no control clipping", "status": "PASS", "seconds": 1.039}
{"name": "map dialog 1024\u00d7600: readable flow, scrollable actions and no control clipping", "status": "PASS", "seconds": 1.279}
{"name": "settings dialog 640\u00d7480: readable flow, scrollable actions and no control clipping", "status": "PASS", "seconds": 1.076}
{"name": "how dialog 640\u00d7480: readable flow, scrollable actions and no control clipping", "status": "PASS", "seconds": 0.74}
{"name": "about dialog 640\u00d7480: readable flow, scrollable actions and no control clipping", "status": "PASS", "seconds": 0.729}
{"name": "records dialog 640\u00d7480: readable flow, scrollable actions and no control clipping", "status": "PASS", "seconds": 0.988}
{"name": "map dialog 640\u00d7480: readable flow, scrollable actions and no control clipping", "status": "PASS", "seconds": 1.191}
{"name": "Settings tabs preserve focus, all three layouts fit, and toggles remain actual controls", "status": "PASS", "seconds": 3.602}
{"name": "Records filters keep focus and long chapter titles have a full-width native selector", "status": "PASS", "seconds": 1.517}
{"name": "Ten populated large-score records stay within table cells; cancelling clear preserves records", "status": "PASS", "seconds": 1.627}
{"name": "All eight restored wing tabs preserve focus and all 48 mastery tiles fit without duplicate locked text", "status": "PASS", "seconds": 11.169}
{"name": "Expanded How-to remains scrollable; native summary, Tab / Shift-Tab and Escape respect the modal", "status": "PASS", "seconds": 1.292}
{"name": "Pause / quit / cancel / fresh-start confirmation have reachable actions and preserve input", "status": "PASS", "seconds": 2.266}
{"name": "One-star explanation and eight-seal finale at 1366\u00d7768: no text clipping, all actions reachable", "status": "PASS", "seconds": 1.842}
{"name": "One-star explanation and eight-seal finale at 1280\u00d7720: no text clipping, all actions reachable", "status": "PASS", "seconds": 1.688}
{"name": "One-star explanation and eight-seal finale at 1024\u00d7600: no text clipping, all actions reachable", "status": "PASS", "seconds": 1.555}
{"name": "One-star explanation and eight-seal finale at 640\u00d7480: no text clipping, all actions reachable", "status": "PASS", "seconds": 1.482}
{"name": "Animated finale can be skipped at 720p; practice 48 retains ordinary results", "status": "PASS", "seconds": 1.72}
{"name": "Long-score game-over and retry at 600p remain operable and restart the same chapter", "status": "PASS", "seconds": 0.936}
{"name": "Live resize / orientation changes alter only layout, never rules, word positions or typed progress", "status": "PASS", "seconds": 0.447}
{"name": "All 48 chapter titles, practice prefixes and readable quotas fit; a trillion-scale score stays separate", "status": "PASS", "seconds": 5.226}
{"name": "DPR 2 rendering retains measured CSS gaps; browser emulation is not a Retina hardware certification", "status": "PASS", "seconds": 4.118}
{
  "version": "3.5.1",
  "mode": "standalone",
  "scope": "v3.5.1 Breathing Room: rendered UI geometry and real input regression.\nShipping standalone/Blob modules; no substitute UI, model, audio or DOM handlers.\nControlled test stock and end-of-chapter fixtures are not human play sessions.\nThe in-memory transport has no persistent browser origin; actual save import /\nexport is exercised, native storage and OS/browser certification are not claimed.\n",
  "browser": "144.0.7559.96",
  "shippingSHA256": "5d2eaee3614277d65e83e35724948bae767c004c31ad9c568c984f14c877acda",
  "passed": 62,
  "failed": 0,
  "unhandledErrors": []
}
