{"name": "Exact shipping v3.5.1 starts, with matching runtime identity", "status": "PASS", "seconds": 0.071}
{"name": "Level 5 at 13/14: WIND on an empty field does not stop real RAF; final word and level 6 follow", "status": "PASS", "seconds": 1.878}
{"name": "FIRE destroys the last candidate without progress; its replacement permits completion", "status": "PASS", "seconds": 0.557}
{"name": "An empty field under ICE resumes generation after the real six-second expiry", "status": "PASS", "seconds": 0.577}
{"name": "ICE + queued SLOW + WIND on the final gap resumes and completes without extra rewards", "status": "PASS", "seconds": 0.565}
{"name": "SLOW + FIRE + WIND respects recovery timing and still spawns the final replacement", "status": "PASS", "seconds": 0.185}
{"name": "Missing the final word keeps 13/14, then replaces it; no silent quota consumption", "status": "PASS", "seconds": 0.143}
{"name": "Pause on an empty frozen field consumes neither time nor spawn opportunity; Resume recovers", "status": "PASS", "seconds": 0.921}
{"name": "Retry after a 13/14 loss and Continue both restore a functioning generator and opening state", "status": "PASS", "seconds": 0.458}
{"name": "All 48 animated endings with four-spell combination, final entry, and next-stage/finale UI", "status": "PASS", "seconds": 12.441}
FLOW_BATCH 0 1 80
FLOW_BATCH 20 10 1680
FLOW_BATCH 40 17 3280
FLOW_BATCH 60 23 4880
FLOW_BATCH 80 29 6480
FLOW_BATCH 100 34 8080
FLOW_BATCH 120 38 9680
FLOW_BATCH 140 42 11280
FLOW_BATCH 160 46 12880
{"name": "Complete 48-chapter campaign with sampled native frames, actual input/UI handlers and earned FIRE/ICE/SLOW, no spawn bypass", "status": "PASS", "seconds": 28.71}
{"name": "Normal RAF and real-time generator remain alive after all chapter stress cases", "status": "PASS", "seconds": 1.518}
