{'name': 'Shipping title and running folio renderer identify the new 3.5.1 release', 'status': 'PASS', 'seconds': 0.114}
{'name': 'Exactly four persistent usage lines explain each spell and its existing key', 'status': 'PASS', 'seconds': 0.249}
{'name': 'Usage-line fit and original halo size at 1366×768', 'status': 'PASS', 'seconds': 0.11}
{'name': 'Usage-line fit and original halo size at 1920×1080', 'status': 'PASS', 'seconds': 0.189}
{'name': 'Usage-line fit and original halo size at 1280×720', 'status': 'PASS', 'seconds': 0.128}
{'name': 'Usage-line fit and original halo size at 1024×768', 'status': 'PASS', 'seconds': 0.104}
{'name': 'FIRE via key: one cast, no buffer or selection loss', 'status': 'PASS', 'seconds': 0.068}
{'name': 'FIRE via caption click: one cast, no buffer or selection loss', 'status': 'PASS', 'seconds': 0.11}
{'name': 'ICE via key: one cast, no buffer or selection loss', 'status': 'PASS', 'seconds': 0.051}
{'name': 'ICE via caption click: one cast, no buffer or selection loss', 'status': 'PASS', 'seconds': 0.085}
{'name': 'SLOW via key: one cast, no buffer or selection loss', 'status': 'PASS', 'seconds': 0.049}
{'name': 'SLOW via caption click: one cast, no buffer or selection loss', 'status': 'PASS', 'seconds': 0.082}
{'name': 'WIND via key: one cast, no buffer or selection loss', 'status': 'PASS', 'seconds': 0.053}
{'name': 'WIND via caption click: one cast, no buffer or selection loss', 'status': 'PASS', 'seconds': 0.12}
{'name': 'Empty inventory keeps the hint visible without gifting or consuming a charge', 'status': 'PASS', 'seconds': 0.076}
{'name': 'STORED FIRE and WIND retain no-waste protections with the new captions', 'status': 'PASS', 'seconds': 0.05}
{'name': 'Active and queued spell timers do not replace, cover or relabel usage captions', 'status': 'PASS', 'seconds': 0.024}
{'name': 'Pause keeps the whole inventory inert and resumes native typing correctly', 'status': 'PASS', 'seconds': 0.072}
{'name': 'Subtle lines remain readable and non-animated in pressure/contrast/reduced-motion states', 'status': 'PASS', 'seconds': 0.085}
{'name': 'All six folio skins at four widths cache correctly without touching gameplay state', 'status': 'PASS', 'seconds': 0.085}
{'name': 'Six material skins render distinct actual pixels, not just distinct metadata', 'status': 'PASS', 'seconds': 0.046}
{'name': 'A 155-width texture churn remains within the existing cache/memory budgets', 'status': 'PASS', 'seconds': 0.069}
{'name': 'Typed folio leaves retain six material death paths and clean up after animation', 'status': 'PASS', 'seconds': 1.306}
{'name': 'Full long-word entry and prefix ink remain one row on the new folio skin', 'status': 'PASS', 'seconds': 0.153}
{'name': 'Actual-app screenshots and the actual six-skin renderer sheet are captured', 'status': 'PASS', 'seconds': 1.445}
{'name': 'No unhandled browser JavaScript errors during the suite', 'status': 'PASS', 'seconds': 0.0}
