{"name": "Shipping version and initialized diagnostics identify v3.5.1", "status": "PASS", "seconds": 0.023}
{"name": "HUD 1920\u00d71080, pile 0%, stock 0: separated status, key, caption and safe field", "status": "PASS", "seconds": 0.547}
{"name": "HUD 1920\u00d71080, pile 95%, stock 2: separated status, key, caption and safe field", "status": "PASS", "seconds": 0.778}
{"name": "HUD 1440\u00d7900, pile 0%, stock 0: separated status, key, caption and safe field", "status": "PASS", "seconds": 0.907}
{"name": "HUD 1440\u00d7900, pile 95%, stock 2: separated status, key, caption and safe field", "status": "PASS", "seconds": 1.091}
{"name": "HUD 1366\u00d7768, pile 0%, stock 0: separated status, key, caption and safe field", "status": "PASS", "seconds": 1.147}
{"name": "HUD 1366\u00d7768, pile 95%, stock 2: separated status, key, caption and safe field", "status": "PASS", "seconds": 1.188}
{"name": "HUD 1280\u00d7720, pile 0%, stock 0: separated status, key, caption and safe field", "status": "PASS", "seconds": 0.936}
{"name": "HUD 1280\u00d7720, pile 95%, stock 2: separated status, key, caption and safe field", "status": "PASS", "seconds": 0.813}
{"name": "HUD 1024\u00d7768, pile 0%, stock 0: separated status, key, caption and safe field", "status": "PASS", "seconds": 0.353}
{"name": "HUD 1024\u00d7768, pile 95%, stock 2: separated status, key, caption and safe field", "status": "PASS", "seconds": 0.71}
{"name": "HUD 1024\u00d7600, pile 0%, stock 0: separated status, key, caption and safe field", "status": "PASS", "seconds": 0.471}
{"name": "HUD 1024\u00d7600, pile 95%, stock 2: separated status, key, caption and safe field", "status": "PASS", "seconds": 0.457}
{"name": "HUD 800\u00d7600, pile 0%, stock 0: separated status, key, caption and safe field", "status": "PASS", "seconds": 0.89}
{"name": "HUD 800\u00d7600, pile 95%, stock 2: separated status, key, caption and safe field", "status": "PASS", "seconds": 0.752}
{"name": "HUD 960\u00d7540, pile 0%, stock 0: separated status, key, caption and safe field", "status": "PASS", "seconds": 0.396}
{"name": "HUD 960\u00d7540, pile 95%, stock 2: separated status, key, caption and safe field", "status": "PASS", "seconds": 0.418}
{"name": "HUD 640\u00d7480, pile 0%, stock 0: separated status, key, caption and safe field", "status": "PASS", "seconds": 0.431}
{"name": "HUD 640\u00d7480, pile 95%, stock 2: separated status, key, caption and safe field", "status": "PASS", "seconds": 0.521}
{"name": "HUD 2560\u00d71080, pile 0%, stock 0: separated status, key, caption and safe field", "status": "PASS", "seconds": 0.731}
{"name": "HUD 2560\u00d71080, pile 95%, stock 2: separated status, key, caption and safe field", "status": "PASS", "seconds": 0.507}
{"name": "HUD 768\u00d71024, pile 0%, stock 0: separated status, key, caption and safe field", "status": "PASS", "seconds": 0.316}
{"name": "HUD 768\u00d71024, pile 95%, stock 2: separated status, key, caption and safe field", "status": "PASS", "seconds": 0.331}
{"name": "HUD 360\u00d7640, pile 0%, stock 0: separated status, key, caption and safe field", "status": "PASS", "seconds": 0.29}
{"name": "HUD 360\u00d7640, pile 95%, stock 2: separated status, key, caption and safe field", "status": "PASS", "seconds": 0.357}
{"name": "High-contrast 720p HUD preserves spacing and equivalent rescue information", "status": "PASS", "seconds": 0.682}
{"name": "Rescue has one home and never requests unavailable, cooling-down or empty WIND", "status": "PASS", "seconds": 0.423}
{"name": "ICE active / SLOW queued labels fit at 600p and pause/resume preserves the typed buffer", "status": "PASS", "seconds": 1.126}
{"name": "Last live cards over ICE/SLOW have a measured safety gap before book status tabs", "status": "PASS", "seconds": 0.803}
{"name": "All four hover descriptions use the clear center desk; keyboard focus wins over pointer", "status": "PASS", "seconds": 4.765}
{"name": "Context notices never stack over help or dialog actions; real invalid/valid save import and export", "status": "PASS", "seconds": 1.292}
{"name": "settings dialog 1366\u00d7768: readable flow, scrollable actions and no control clipping", "status": "PASS", "seconds": 2.55}
{"name": "how dialog 1366\u00d7768: readable flow, scrollable actions and no control clipping", "status": "PASS", "seconds": 1.167}
{"name": "about dialog 1366\u00d7768: readable flow, scrollable actions and no control clipping", "status": "PASS", "seconds": 1.11}
{"name": "records dialog 1366\u00d7768: readable flow, scrollable actions and no control clipping", "status": "PASS", "seconds": 1.834}
{"name": "map dialog 1366\u00d7768: readable flow, scrollable actions and no control clipping", "status": "PASS", "seconds": 2.421}
{"name": "settings dialog 1024\u00d7600: readable flow, scrollable actions and no control clipping", "status": "PASS", "seconds": 2.405}
{"name": "how dialog 1024\u00d7600: readable flow, scrollable actions and no control clipping", "status": "PASS", "seconds": 0.947}
{"name": "about dialog 1024\u00d7600: readable flow, scrollable actions and no control clipping", "status": "PASS", "seconds": 1.05}
{"name": "records dialog 1024\u00d7600: readable flow, scrollable actions and no control clipping", "status": "PASS", "seconds": 1.261}
{"name": "map dialog 1024\u00d7600: readable flow, scrollable actions and no control clipping", "status": "PASS", "seconds": 1.783}
{"name": "settings dialog 640\u00d7480: readable flow, scrollable actions and no control clipping", "status": "PASS", "seconds": 1.577}
{"name": "how dialog 640\u00d7480: readable flow, scrollable actions and no control clipping", "status": "PASS", "seconds": 0.989}
{"name": "about dialog 640\u00d7480: readable flow, scrollable actions and no control clipping", "status": "PASS", "seconds": 1.014}
{"name": "records dialog 640\u00d7480: readable flow, scrollable actions and no control clipping", "status": "PASS", "seconds": 1.526}
{"name": "map dialog 640\u00d7480: readable flow, scrollable actions and no control clipping", "status": "PASS", "seconds": 2.112}
{"name": "Settings tabs preserve focus, all three layouts fit, and toggles remain actual controls", "status": "PASS", "seconds": 5.419}
{"name": "Records filters keep focus and long chapter titles have a full-width native selector", "status": "PASS", "seconds": 1.764}
{"name": "Ten populated large-score records stay within table cells; cancelling clear preserves records", "status": "PASS", "seconds": 2.282}
{"name": "All eight restored wing tabs preserve focus and all 48 mastery tiles fit without duplicate locked text", "status": "PASS", "seconds": 18.526}
{"name": "Expanded How-to remains scrollable; native summary, Tab / Shift-Tab and Escape respect the modal", "status": "PASS", "seconds": 1.651}
{"name": "Pause / quit / cancel / fresh-start confirmation have reachable actions and preserve input", "status": "PASS", "seconds": 2.938}
{"name": "One-star explanation and eight-seal finale at 1366\u00d7768: no text clipping, all actions reachable", "status": "PASS", "seconds": 3.035}
{"name": "One-star explanation and eight-seal finale at 1280\u00d7720: no text clipping, all actions reachable", "status": "PASS", "seconds": 2.676}
{"name": "One-star explanation and eight-seal finale at 1024\u00d7600: no text clipping, all actions reachable", "status": "PASS", "seconds": 2.183}
{"name": "One-star explanation and eight-seal finale at 640\u00d7480: no text clipping, all actions reachable", "status": "PASS", "seconds": 1.972}
{"name": "Animated finale can be skipped at 720p; practice 48 retains ordinary results", "status": "PASS", "seconds": 2.321}
{"name": "Long-score game-over and retry at 600p remain operable and restart the same chapter", "status": "PASS", "seconds": 1.797}
{"name": "Live resize / orientation changes alter only layout, never rules, word positions or typed progress", "status": "PASS", "seconds": 0.653}
{"name": "All 48 chapter titles, practice prefixes and readable quotas fit; a trillion-scale score stays separate", "status": "PASS", "seconds": 8.037}
{"name": "DPR 2 rendering retains measured CSS gaps; browser emulation is not a Retina hardware certification", "status": "PASS", "seconds": 5.735}
{
  "version": "3.5.1",
  "mode": "standalone",
  "scope": "v3.5.1 Breathing Room: rendered UI geometry and real input regression.\nShipping standalone/Blob modules; no substitute UI, model, audio or DOM handlers.\nControlled test stock and end-of-chapter fixtures are not human play sessions.\nThe in-memory transport has no persistent browser origin; actual save import /\nexport is exercised, native storage and OS/browser certification are not claimed.\n",
  "browser": "144.0.7559.96",
  "shippingSHA256": "28c47b4da5ffe3db3aa27d9e3d178ecebc7b840f6c2ae839c61d4834563256ef",
  "passed": 61,
  "failed": 0,
  "unhandledErrors": []
}
