{"name": "Shipping version and initialized diagnostics identify v3.5.1", "status": "PASS", "seconds": 0.045}
{"name": "HUD 1920\u00d71080, pile 0%, stock 0: separated status, key, caption and safe field", "status": "PASS", "seconds": 0.734}
{"name": "HUD 1920\u00d71080, pile 95%, stock 2: separated status, key, caption and safe field", "status": "PASS", "seconds": 0.425}
{"name": "HUD 1440\u00d7900, pile 0%, stock 0: separated status, key, caption and safe field", "status": "PASS", "seconds": 0.336}
{"name": "HUD 1440\u00d7900, pile 95%, stock 2: separated status, key, caption and safe field", "status": "PASS", "seconds": 0.354}
{"name": "HUD 1366\u00d7768, pile 0%, stock 0: separated status, key, caption and safe field", "status": "PASS", "seconds": 0.699}
{"name": "HUD 1366\u00d7768, pile 95%, stock 2: separated status, key, caption and safe field", "status": "PASS", "seconds": 0.696}
{"name": "HUD 1280\u00d7720, pile 0%, stock 0: separated status, key, caption and safe field", "status": "PASS", "seconds": 0.699}
{"name": "HUD 1280\u00d7720, pile 95%, stock 2: separated status, key, caption and safe field", "status": "PASS", "seconds": 0.598}
{"name": "HUD 1024\u00d7768, pile 0%, stock 0: separated status, key, caption and safe field", "status": "PASS", "seconds": 0.289}
{"name": "HUD 1024\u00d7768, pile 95%, stock 2: separated status, key, caption and safe field", "status": "PASS", "seconds": 0.335}
{"name": "HUD 1024\u00d7600, pile 0%, stock 0: separated status, key, caption and safe field", "status": "PASS", "seconds": 0.332}
{"name": "HUD 1024\u00d7600, pile 95%, stock 2: separated status, key, caption and safe field", "status": "PASS", "seconds": 0.289}
{"name": "HUD 800\u00d7600, pile 0%, stock 0: separated status, key, caption and safe field", "status": "PASS", "seconds": 0.517}
{"name": "HUD 800\u00d7600, pile 95%, stock 2: separated status, key, caption and safe field", "status": "PASS", "seconds": 0.482}
{"name": "HUD 960\u00d7540, pile 0%, stock 0: separated status, key, caption and safe field", "status": "PASS", "seconds": 0.329}
{"name": "HUD 960\u00d7540, pile 95%, stock 2: separated status, key, caption and safe field", "status": "PASS", "seconds": 0.316}
{"name": "HUD 640\u00d7480, pile 0%, stock 0: separated status, key, caption and safe field", "status": "PASS", "seconds": 0.304}
{"name": "HUD 640\u00d7480, pile 95%, stock 2: separated status, key, caption and safe field", "status": "PASS", "seconds": 0.281}
{"name": "HUD 2560\u00d71080, pile 0%, stock 0: separated status, key, caption and safe field", "status": "PASS", "seconds": 0.386}
{"name": "HUD 2560\u00d71080, pile 95%, stock 2: separated status, key, caption and safe field", "status": "PASS", "seconds": 0.353}
{"name": "HUD 768\u00d71024, pile 0%, stock 0: separated status, key, caption and safe field", "status": "PASS", "seconds": 0.332}
{"name": "HUD 768\u00d71024, pile 95%, stock 2: separated status, key, caption and safe field", "status": "PASS", "seconds": 0.315}
{"name": "HUD 360\u00d7640, pile 0%, stock 0: separated status, key, caption and safe field", "status": "PASS", "seconds": 0.286}
{"name": "HUD 360\u00d7640, pile 95%, stock 2: separated status, key, caption and safe field", "status": "PASS", "seconds": 0.317}
{"name": "High-contrast 720p HUD preserves spacing and equivalent rescue information", "status": "PASS", "seconds": 0.664}
{"name": "Rescue has one home and never requests unavailable, cooling-down or empty WIND", "status": "PASS", "seconds": 0.227}
{"name": "ICE active / SLOW queued labels fit at 600p and pause/resume preserves the typed buffer", "status": "PASS", "seconds": 0.904}
{"name": "Last live cards over ICE/SLOW have a measured safety gap before book status tabs", "status": "PASS", "seconds": 0.847}
{"name": "All four hover descriptions use the clear center desk; keyboard focus wins over pointer", "status": "PASS", "seconds": 4.404}
{"name": "Context notices never stack over help or dialog actions; real invalid/valid save import and export", "status": "PASS", "seconds": 0.83}
{"name": "settings dialog 1366\u00d7768: readable flow, scrollable actions and no control clipping", "status": "PASS", "seconds": 1.616}
{"name": "how dialog 1366\u00d7768: readable flow, scrollable actions and no control clipping", "status": "PASS", "seconds": 1.118}
{"name": "about dialog 1366\u00d7768: readable flow, scrollable actions and no control clipping", "status": "PASS", "seconds": 1.072}
{"name": "records dialog 1366\u00d7768: readable flow, scrollable actions and no control clipping", "status": "PASS", "seconds": 1.513}
{"name": "map dialog 1366\u00d7768: readable flow, scrollable actions and no control clipping", "status": "PASS", "seconds": 1.77}
{"name": "settings dialog 1024\u00d7600: readable flow, scrollable actions and no control clipping", "status": "PASS", "seconds": 1.378}
{"name": "how dialog 1024\u00d7600: readable flow, scrollable actions and no control clipping", "status": "PASS", "seconds": 0.934}
{"name": "about dialog 1024\u00d7600: readable flow, scrollable actions and no control clipping", "status": "PASS", "seconds": 0.932}
{"name": "records dialog 1024\u00d7600: readable flow, scrollable actions and no control clipping", "status": "PASS", "seconds": 1.311}
{"name": "map dialog 1024\u00d7600: readable flow, scrollable actions and no control clipping", "status": "PASS", "seconds": 1.368}
{"name": "settings dialog 640\u00d7480: readable flow, scrollable actions and no control clipping", "status": "PASS", "seconds": 1.059}
{"name": "how dialog 640\u00d7480: readable flow, scrollable actions and no control clipping", "status": "PASS", "seconds": 0.737}
{"name": "about dialog 640\u00d7480: readable flow, scrollable actions and no control clipping", "status": "PASS", "seconds": 0.73}
{"name": "records dialog 640\u00d7480: readable flow, scrollable actions and no control clipping", "status": "PASS", "seconds": 0.989}
{"name": "map dialog 640\u00d7480: readable flow, scrollable actions and no control clipping", "status": "PASS", "seconds": 1.179}
{"name": "Settings tabs preserve focus, all three layouts fit, and toggles remain actual controls", "status": "PASS", "seconds": 3.386}
{"name": "Records filters keep focus and long chapter titles have a full-width native selector", "status": "PASS", "seconds": 1.51}
{"name": "Ten populated large-score records stay within table cells; cancelling clear preserves records", "status": "PASS", "seconds": 1.617}
{"name": "All eight restored wing tabs preserve focus and all 48 mastery tiles fit without duplicate locked text", "status": "FAIL", "error": "Error('Locator.click: Error: strict mode violation: locator(\"[data-wing=\\\\\"1\\\\\"]\") resolved to 2 elements:\\n    1) <div id=\"stage\" tabindex=\"-1\" data-wing=\"1\" data-view=\"map\" data-pressure=\"calm\" class=\"focused-hud reduced-motion chapter-enter dialog-open\">\u2026</div> aka locator(\"#stage\")\\n    2) <button class=\"\" data-wing=\"1\" aria-pressed=\"false\" aria-label=\"The Glasshouse\">\u2026</button> aka get_by_role(\"button\", name=\"The Glasshouse\")\\n\\nCall log:\\n  - waiting for locator(\"[data-wing=\\\\\"1\\\\\"]\")\\n')", "trace": "Traceback (most recent call last):\n  File \"/mnt/data/tk_ui_pass/work/Typekeeper_Enchanted_Library_v3_5_1/e2e/ui_spacing_tests.py\", line 37, in check\n    try:fn();assert not errors,errors;row={'name':name,'status':'PASS','seconds':round(time.monotonic()-started,3)}\n        ~~^^\n  File \"/mnt/data/tk_ui_pass/work/Typekeeper_Enchanted_Library_v3_5_1/e2e/ui_spacing_tests.py\", line 191, in wings\n    page.locator('[data-wing=\"'+str(wing)+'\"]').click();page.wait_for_timeout(80)\n    ~~~~~~~~~~~~~~~~~~~~~~~~~~~~~~~~~~~~~~~~~~~~~~~~~^^\n  File \"/opt/pyvenv/lib/python3.13/site-packages/playwright/sync_api/_generated.py\", line 15637, in click\n    self._sync(\n    ~~~~~~~~~~^\n        self._impl_obj.click(\n        ^^^^^^^^^^^^^^^^^^^^^\n    ...<10 lines>...\n        )\n        ^\n    )\n    ^\n  File \"/opt/pyvenv/lib/python3.13/site-packages/playwright/_impl/_sync_base.py\", line 115, in _sync\n    return task.result()\n           ~~~~~~~~~~~^^\n  File \"/opt/pyvenv/lib/python3.13/site-packages/playwright/_impl/_locator.py\", line 162, in click\n    return await self._frame._click(self._selector, strict=True, **params)\n           ^^^^^^^^^^^^^^^^^^^^^^^^^^^^^^^^^^^^^^^^^^^^^^^^^^^^^^^^^^^^^^^\n  File \"/opt/pyvenv/lib/python3.13/site-packages/playwright/_impl/_frame.py\", line 566, in _click\n    await self._channel.send(\"click\", self._timeout, locals_to_params(locals()))\n  File \"/opt/pyvenv/lib/python3.13/site-packages/playwright/_impl/_connection.py\", line 69, in send\n    return await self._connection.wrap_api_call(\n           ^^^^^^^^^^^^^^^^^^^^^^^^^^^^^^^^^^^^^\n    ...<3 lines>...\n    )\n    ^\n  File \"/opt/pyvenv/lib/python3.13/site-packages/playwright/_impl/_connection.py\", line 559, in wrap_api_call\n    raise rewrite_error(error, f\"{parsed_st['apiName']}: {error}\") from None\nplaywright._impl._errors.Error: Locator.click: Error: strict mode violation: locator(\"[data-wing=\\\"1\\\"]\") resolved to 2 elements:\n    1) <div id=\"stage\" tabindex=\"-1\" data-wing=\"1\" data-view=\"map\" data-pressure=\"calm\" class=\"focused-hud reduced-motion chapter-enter dialog-open\">\u2026</div> aka locator(\"#stage\")\n    2) <button class=\"\" data-wing=\"1\" aria-pressed=\"false\" aria-label=\"The Glasshouse\">\u2026</button> aka get_by_role(\"button\", name=\"The Glasshouse\")\n\nCall log:\n  - waiting for locator(\"[data-wing=\\\"1\\\"]\")\n\n", "seconds": 1.666}
{"name": "Expanded How-to remains scrollable; native summary, Tab / Shift-Tab and Escape respect the modal", "status": "PASS", "seconds": 1.31}
{"name": "Pause / quit / cancel / fresh-start confirmation have reachable actions and preserve input", "status": "FAIL", "error": "Error('Locator.click: Error: strict mode violation: locator(\"[data-action=cancel-quit]\") resolved to 2 elements:\\n    1) <button aria-label=\"Close\" class=\"close-button\" data-action=\"cancel-quit\">\u2026</button> aka get_by_role(\"button\", name=\"Close\")\\n    2) <button data-autofocus=\"\" class=\"game-button\" data-action=\"cancel-quit\">\u2026</button> aka get_by_role(\"button\", name=\"Keep playing\")\\n\\nCall log:\\n  - waiting for locator(\"[data-action=cancel-quit]\")\\n')", "trace": "Traceback (most recent call last):\n  File \"/mnt/data/tk_ui_pass/work/Typekeeper_Enchanted_Library_v3_5_1/e2e/ui_spacing_tests.py\", line 37, in check\n    try:fn();assert not errors,errors;row={'name':name,'status':'PASS','seconds':round(time.monotonic()-started,3)}\n        ~~^^\n  File \"/mnt/data/tk_ui_pass/work/Typekeeper_Enchanted_Library_v3_5_1/e2e/ui_spacing_tests.py\", line 207, in pause_quit\n    page.locator('[data-action=quit]').click();dialog_metrics('quit');page.locator('[data-action=cancel-quit]').click();assert page.locator('#modal-title').inner_text()\n                                                                      ~~~~~~~~~~~~~~~~~~~~~~~~~~~~~~~~~~~~~~~~~~~~~~~^^\n  File \"/opt/pyvenv/lib/python3.13/site-packages/playwright/sync_api/_generated.py\", line 15637, in click\n    self._sync(\n    ~~~~~~~~~~^\n        self._impl_obj.click(\n        ^^^^^^^^^^^^^^^^^^^^^\n    ...<10 lines>...\n        )\n        ^\n    )\n    ^\n  File \"/opt/pyvenv/lib/python3.13/site-packages/playwright/_impl/_sync_base.py\", line 115, in _sync\n    return task.result()\n           ~~~~~~~~~~~^^\n  File \"/opt/pyvenv/lib/python3.13/site-packages/playwright/_impl/_locator.py\", line 162, in click\n    return await self._frame._click(self._selector, strict=True, **params)\n           ^^^^^^^^^^^^^^^^^^^^^^^^^^^^^^^^^^^^^^^^^^^^^^^^^^^^^^^^^^^^^^^\n  File \"/opt/pyvenv/lib/python3.13/site-packages/playwright/_impl/_frame.py\", line 566, in _click\n    await self._channel.send(\"click\", self._timeout, locals_to_params(locals()))\n  File \"/opt/pyvenv/lib/python3.13/site-packages/playwright/_impl/_connection.py\", line 69, in send\n    return await self._connection.wrap_api_call(\n           ^^^^^^^^^^^^^^^^^^^^^^^^^^^^^^^^^^^^^\n    ...<3 lines>...\n    )\n    ^\n  File \"/opt/pyvenv/lib/python3.13/site-packages/playwright/_impl/_connection.py\", line 559, in wrap_api_call\n    raise rewrite_error(error, f\"{parsed_st['apiName']}: {error}\") from None\nplaywright._impl._errors.Error: Locator.click: Error: strict mode violation: locator(\"[data-action=cancel-quit]\") resolved to 2 elements:\n    1) <button aria-label=\"Close\" class=\"close-button\" data-action=\"cancel-quit\">\u2026</button> aka get_by_role(\"button\", name=\"Close\")\n    2) <button data-autofocus=\"\" class=\"game-button\" data-action=\"cancel-quit\">\u2026</button> aka get_by_role(\"button\", name=\"Keep playing\")\n\nCall log:\n  - waiting for locator(\"[data-action=cancel-quit]\")\n\n", "seconds": 1.223}
{"name": "One-star explanation and eight-seal finale at 1366\u00d7768: no text clipping, all actions reachable", "status": "PASS", "seconds": 1.878}
{"name": "One-star explanation and eight-seal finale at 1280\u00d7720: no text clipping, all actions reachable", "status": "PASS", "seconds": 1.744}
{"name": "One-star explanation and eight-seal finale at 1024\u00d7600: no text clipping, all actions reachable", "status": "PASS", "seconds": 1.519}
{"name": "One-star explanation and eight-seal finale at 640\u00d7480: no text clipping, all actions reachable", "status": "PASS", "seconds": 1.47}
{"name": "Animated finale can be skipped at 720p; practice 48 retains ordinary results", "status": "PASS", "seconds": 1.659}
{"name": "Long-score game-over and retry at 600p remain operable and restart the same chapter", "status": "PASS", "seconds": 0.943}
{"name": "Live resize / orientation changes alter only layout, never rules, word positions or typed progress", "status": "PASS", "seconds": 0.422}
{"name": "DPR 2 rendering retains measured CSS gaps; browser emulation is not a Retina hardware certification", "status": "PASS", "seconds": 3.863}
{
  "version": "3.5.1",
  "mode": "standalone",
  "scope": "v3.5.1 Breathing Room: rendered UI geometry and real input regression.\nShipping standalone/Blob modules; no substitute UI, model, audio or DOM handlers.\nControlled test stock and end-of-chapter fixtures are not human play sessions.\nThe in-memory transport has no persistent browser origin; actual save import /\nexport is exercised, native storage and OS/browser certification are not claimed.\n",
  "browser": "144.0.7559.96",
  "shippingSHA256": "b36568f7d555cbe08d732d01a040c3cab397156e8b0a40700542f93e3a2a34f9",
  "passed": 58,
  "failed": 2,
  "unhandledErrors": []
}
