{
  "scope": "Verify actual loopback HTTP bytes/headers separately from browser transport.",
  "version": "3.5.0",
  "buildId": "3.5.0-f894a49bc7800157",
  "results": [
    {
      "server": "node",
      "files": 54,
      "hashes": "all match",
      "cacheControl": "no-store",
      "MIME": "JS valid",
      "HEAD": "pass",
      "missing": "404"
    },
    {
      "server": "python",
      "files": 54,
      "hashes": "all match",
      "cacheControl": "no-store",
      "MIME": "JS valid",
      "HEAD": "pass",
      "missing": "404"
    }
  ]
}
