{
  "scope": "Controlled 12-card browser profile with four-layer music and real typing\nfeedback. Diagnostic fixtures hold positions and replenish cards; scores/Enter,\nrenderer, DOM and synthesis are shipping code. Not a human run or device benchmark.\n",
  "shippingSHA256": "44f51dbdf37ce4c8dff1d2bb2320c3d22e4842a1b3acda9b70f2308b94b469e0",
  "browser": "144.0.7559.96",
  "viewport": {
    "width": 1440,
    "height": 1040
  },
  "frameIntervals": 600,
  "averageFPS": 58.83,
  "medianFrameMs": 16.69999999999891,
  "p95FrameMs": 16.799999999999272,
  "maxFrameMs": 33.399999999999636,
  "medianCanvasDrawMs": 1.0,
  "pressure": 95,
  "audioSources": 4,
  "peakParticles": 13,
  "peakGleams": 1,
  "peakToneVoices": 13,
  "peakNoiseVoices": 1,
  "cardRange": [
    12,
    12
  ],
  "unhandledErrors": []
}
