START flow-audit-model
DONE flow-audit-model 0 4.9
START score_chase_tests-standalone
DONE score_chase_tests-standalone 0 11.2
START score_chase_tests-modules
DONE score_chase_tests-modules 0 11.1
START clarity_mastery_tests-standalone
DONE clarity_mastery_tests-standalone 0 30.2
START clarity_mastery_tests-modules
DONE clarity_mastery_tests-modules 0 30.4
START chapter_art_tests-standalone
DONE chapter_art_tests-standalone 0 29.5
START chapter_art_tests-modules
DONE chapter_art_tests-modules 0 29.4
START scroll_repair_tests-standalone
DONE scroll_repair_tests-standalone 0 11.1
START scroll_repair_tests-modules
DONE scroll_repair_tests-modules 0 11.4
START book_leaf_tests-standalone
DONE book_leaf_tests-standalone 0 7.3
START book_leaf_tests-modules
DONE book_leaf_tests-modules 0 7.3
START single_row_release-standalone
DONE single_row_release-standalone 0 35.9
START single_row_release-modules
DONE single_row_release-modules 0 37.2
START ui_spacing_tests-standalone
DONE ui_spacing_tests-standalone 0 79.9
START ui_spacing_tests-modules
DONE ui_spacing_tests-modules 0 81.3
START flow_tests-standalone
DONE flow_tests-standalone 0 60.7
START flow_tests-modules
DONE flow_tests-modules 0 59.2
