{
  "scope": "Controlled 12-card browser profile with four-layer music and real typing\nfeedback. Diagnostic fixtures hold positions and replenish cards; scores/Enter,\nrenderer, DOM and synthesis are shipping code. Not a human run or device benchmark.\n",
  "shippingSHA256": "671fb30107995d068dffc6ffd4d03d9d2a069cf91b9372a37d40187af17cb708",
  "browser": "144.0.7559.96",
  "viewport": {
    "width": 1440,
    "height": 1040
  },
  "frameIntervals": 600,
  "averageFPS": 58.83,
  "medianFrameMs": 16.69999999999891,
  "p95FrameMs": 16.799999999999272,
  "maxFrameMs": 33.399999999999636,
  "medianCanvasDrawMs": 1.1000000000931323,
  "pressure": 95,
  "audioSources": 4,
  "peakParticles": 12,
  "peakGleams": 1,
  "peakToneVoices": 13,
  "peakNoiseVoices": 1,
  "cardRange": [
    12,
    12
  ],
  "unhandledErrors": []
}
