{"name": "Shipping version and initialized diagnostics identify v3.6.0", "status": "PASS", "seconds": 0.063}
{"name": "First genuinely earned ICE waits for notifications and teaches in the clear desk, never over live words", "status": "PASS", "seconds": 5.349}
{"name": "HUD 1920\u00d71080, pile 0%, stock 0: separated status, key, caption and safe field", "status": "PASS", "seconds": 0.355}
{"name": "HUD 1920\u00d71080, pile 95%, stock 2: separated status, key, caption and safe field", "status": "PASS", "seconds": 0.306}
{"name": "HUD 1440\u00d7900, pile 0%, stock 0: separated status, key, caption and safe field", "status": "PASS", "seconds": 0.271}
{"name": "HUD 1440\u00d7900, pile 95%, stock 2: separated status, key, caption and safe field", "status": "PASS", "seconds": 0.262}
{"name": "HUD 1366\u00d7768, pile 0%, stock 0: separated status, key, caption and safe field", "status": "PASS", "seconds": 0.539}
{"name": "HUD 1366\u00d7768, pile 95%, stock 2: separated status, key, caption and safe field", "status": "PASS", "seconds": 0.625}
{"name": "HUD 1280\u00d7720, pile 0%, stock 0: separated status, key, caption and safe field", "status": "PASS", "seconds": 0.516}
{"name": "HUD 1280\u00d7720, pile 95%, stock 2: separated status, key, caption and safe field", "status": "PASS", "seconds": 0.514}
{"name": "HUD 1024\u00d7768, pile 0%, stock 0: separated status, key, caption and safe field", "status": "PASS", "seconds": 0.255}
{"name": "HUD 1024\u00d7768, pile 95%, stock 2: separated status, key, caption and safe field", "status": "PASS", "seconds": 0.269}
{"name": "HUD 1024\u00d7600, pile 0%, stock 0: separated status, key, caption and safe field", "status": "PASS", "seconds": 0.24}
{"name": "HUD 1024\u00d7600, pile 95%, stock 2: separated status, key, caption and safe field", "status": "PASS", "seconds": 0.24}
{"name": "HUD 800\u00d7600, pile 0%, stock 0: separated status, key, caption and safe field", "status": "PASS", "seconds": 0.426}
{"name": "HUD 800\u00d7600, pile 95%, stock 2: separated status, key, caption and safe field", "status": "PASS", "seconds": 0.414}
{"name": "HUD 960\u00d7540, pile 0%, stock 0: separated status, key, caption and safe field", "status": "PASS", "seconds": 0.262}
{"name": "HUD 960\u00d7540, pile 95%, stock 2: separated status, key, caption and safe field", "status": "PASS", "seconds": 0.243}
{"name": "HUD 640\u00d7480, pile 0%, stock 0: separated status, key, caption and safe field", "status": "PASS", "seconds": 0.258}
{"name": "HUD 640\u00d7480, pile 95%, stock 2: separated status, key, caption and safe field", "status": "PASS", "seconds": 0.242}
{"name": "HUD 2560\u00d71080, pile 0%, stock 0: separated status, key, caption and safe field", "status": "PASS", "seconds": 0.283}
{"name": "HUD 2560\u00d71080, pile 95%, stock 2: separated status, key, caption and safe field", "status": "PASS", "seconds": 0.276}
{"name": "HUD 768\u00d71024, pile 0%, stock 0: separated status, key, caption and safe field", "status": "PASS", "seconds": 0.237}
{"name": "HUD 768\u00d71024, pile 95%, stock 2: separated status, key, caption and safe field", "status": "PASS", "seconds": 0.245}
{"name": "HUD 360\u00d7640, pile 0%, stock 0: separated status, key, caption and safe field", "status": "PASS", "seconds": 0.234}
{"name": "HUD 360\u00d7640, pile 95%, stock 2: separated status, key, caption and safe field", "status": "PASS", "seconds": 0.237}
{"name": "High-contrast 720p HUD preserves spacing and equivalent rescue information", "status": "PASS", "seconds": 0.536}
{"name": "Rescue has one home and never requests unavailable, cooling-down or empty WIND", "status": "PASS", "seconds": 0.18}
{"name": "ICE active / SLOW queued labels fit at 600p and pause/resume preserves the typed buffer", "status": "PASS", "seconds": 0.719}
{"name": "Last live cards over ICE/SLOW have a measured safety gap before book status tabs", "status": "PASS", "seconds": 0.552}
{"name": "All four hover descriptions use the clear center desk; keyboard focus wins over pointer", "status": "PASS", "seconds": 4.265}
{"name": "Context notices never stack over help or dialog actions; real invalid/valid save import and export", "status": "PASS", "seconds": 0.686}
{"name": "settings dialog 1366\u00d7768: readable flow, scrollable actions and no control clipping", "status": "PASS", "seconds": 1.351}
{"name": "how dialog 1366\u00d7768: readable flow, scrollable actions and no control clipping", "status": "PASS", "seconds": 0.935}
