Traceback (most recent call last):
  File "/mnt/data/impact_work/Typekeeper_Enchanted_Library_v3_6_0/e2e/live_journey.py", line 10, in <module>
    page=b.new_page(viewport={'width':1366,'height':768},record_video_dir=str(OUT/'video'),record_video_size={'width':1366,'height':768});page.set_default_timeout(5000);errors=[];page.on('pageerror',lambda e:errors.append(str(e)))
  File "/opt/pyvenv/lib/python3.13/site-packages/playwright/sync_api/_generated.py", line 14272, in new_page
    self._sync(
    ~~~~~~~~~~^
        self._impl_obj.new_page(
        ^^^^^^^^^^^^^^^^^^^^^^^^
    ...<36 lines>...
        )
        ^
    )
    ^
  File "/opt/pyvenv/lib/python3.13/site-packages/playwright/_impl/_sync_base.py", line 115, in _sync
    return task.result()
           ~~~~~~~~~~~^^
  File "/opt/pyvenv/lib/python3.13/site-packages/playwright/_impl/_browser.py", line 230, in new_page
    return await self._connection.wrap_api_call(inner, title="Create page")
           ^^^^^^^^^^^^^^^^^^^^^^^^^^^^^^^^^^^^^^^^^^^^^^^^^^^^^^^^^^^^^^^^
  File "/opt/pyvenv/lib/python3.13/site-packages/playwright/_impl/_connection.py", line 559, in wrap_api_call
    raise rewrite_error(error, f"{parsed_st['apiName']}: {error}") from None
playwright._impl._errors.Error: Browser.new_page: Executable doesn't exist at /home/oai/.cache/ms-playwright/ffmpeg-1011/ffmpeg-linux
╔════════════════════════════════════════════════════════════╗
║ Looks like Playwright was just installed or updated.       ║
║ Please run the following command to download new browsers: ║
║                                                            ║
║     playwright install                                     ║
║                                                            ║
║ <3 Playwright Team                                         ║
╚════════════════════════════════════════════════════════════╝
