PASS Production title loads all artwork and accessible primary controls 
SCREENSHOT 01-title
PASS Instructions visibly explain all quick-cast keys and start keyboard play 
PASS Lowercase typing, live matching, Enter submission, and score HUD 
PASS Caret selection and Backspace preserve native word editing 
PASS Repeated Enter does not duplicate completion or score 
PASS Invalid submission applies one visible two-percent penalty 
PASS Rapid real keyboard sequence does not drop or double submissions 
PASS All four collected spell books gain stock, READY labels, and acquisition animation 
PASS Keys 1–4 cast each spell once and preserve partial word and selected range 
PASS Numeric keypad uses the same quick-cast bindings 
PASS Held spell shortcut consumes only one book 
PASS Browser modifier shortcuts do not activate spells 
PASS Clicking a spell casts and returns focus without erasing input 
PASS Empty inventory produces feedback without a penalty or lost word 
PASS Empty-field FIRE and empty-pile WIND do not waste inventory 
PASS ICE freezes, shows countdown, rejects active recast, and returns to READY 
PASS SLOW reduces movement and arrivals while displaying active time 
PASS Five live paper-pile bands drive distinct Storykeeper expression assets 
PASS Critical WIND rescue hint, pile clearance, relief, and recovery are synchronized 
PASS Reduced motion removes ready animation without removing status or expressions 
PASS Escape pause preserves word, falling state, and magic timers 
PASS Window focus loss pauses safely with an explicit resume action 
PASS Typed FIRE resolves a real FIRE word before attempting a spell command 
PASS Stage completion awards stars, celebrates, bookmarks, and carries resources 
PASS Continue restores a real stage-boundary bookmark rather than resetting the run 
PASS Starting over from records protects an existing bookmark with confirmation 
PASS Eight-wing atlas shows medals, stage requirements, and genuine locked stages 
PASS Atlas practice grants a starter kit and stores a separate one-stage result 
PASS Archive trials visibly label their wave-based stage rule 
PASS Stage 48 has a campaign finale and unlocks a separate endless run 
PASS Defeat expression, single result save, and clean restart are connected 
PASS Settings keep pulse and animation controls independent and apply pace to new runs 
PASS Modal keyboard focus cycles within the visible controls 
PASS Gesture-unlocked sound bus obeys mute and unmute controls 
PASS Hall of records filters real scores by mode, pace, and time period 
PASS Save export and file-input import round-trip without duplicate records 
PASS Malformed save file produces a contained error without losing current data 
PASS Destructive score clear requires confirmation and leaves mastery progress intact 
PASS Exported save restores genuine records and stars in a fresh document 
PASS Narrow viewport preserves the 4:3 composition without horizontal overflow 
PASS Wide word cards retain measurable text padding with live serif typography 
PASS A new run clears WIND relief and every previous facial reaction 
PASS An endless-mode restart remains endless rather than changing game modes 
PASS Long-session word-card texture cache remains within a 32 MiB budget 
PASS No unhandled application JavaScript errors during the interaction audit 
PERFORMANCE SAMPLE RECEIVED 180
SCREENSHOT 02-gameplay-ready
SCREENSHOT 03-ice-active
SCREENSHOT 04-critical
SCREENSHOT 05-atlas
SCREENSHOT 06-guide
SCREENSHOT 07-settings
SCREENSHOT 08-stage-clear
SCREENSHOT 09-records
{
  "mode": "embedded PLAY.html; diagnostic guard enabled in memory",
  "browserVersion": "144.0.7559.96",
  "passed": 45,
  "failed": 0
}
PERFORMANCE 59.67 16.7 0.5
PASS Branding: no prototype masthead, footers, edition labels or shortcut banner 
PASS Real first click unlocks original music without autoplay overrides 
PASS Both stereo stems decode, contain signal and share the authored loop duration 
PASS Menu, gameplay and trial mixes change without restarting synchronized stems 
PASS Single mute button silences both music and effects and restores output 
PASS Independent master, music and effects sliders reach separate buses with a quiet probe tone 
PASS Disabling typewriter effects leaves the music playing 
PASS Music toggle fades rather than resetting playback or disabling effects 
PASS Repeated modal transitions do not duplicate music sources 
PASS Pause and nested Settings freeze play, soften music, and make obscured controls inert 
PASS Resume countdown holds the simulation still before returning control 
PASS Escape cancels a pending countdown without accidental resume 
PASS Focus loss cancels countdown, suspends audio and requires deliberate gameplay resume 
PASS Countdown restores the exact word, cursor and selected range 
PASS Countdown preference provides immediate resume when disabled 
PASS First-use typing hint retires on success and respects its preference 
PASS Focused HUD removes secondary numbers; detailed HUD can restore them 
PASS Reduced motion removes decorative animation without hiding ready states 
PASS Burst effects respect voice limits and disconnect after playback 
PASS Injected missing music failure reports honestly while typing remains playable 
PASS AudioContext-unavailable environment still starts gameplay 
PASS Final title, gameplay, Audio settings and chapter atlas render into captures 
PASS Unmodified production PLAY.html exposes no controlled test seam 
PASS No unhandled application errors during polish audit 
{
  "passed": 24,
  "failed": 0,
  "browser": "144.0.7559.96"
}
