{
  "scope": "File decode, format, sample count, sample peaks and loop endpoints only. Does not certify subjective music quality, device output or a human listening pass.",
  "fullMixEBUR128": {
    "integratedLUFS": -14.7,
    "loudnessRangeLU": 2.3,
    "truePeakDBFS": -2.7,
    "method": "ffmpeg ebur128=peak=true on source FLAC; raw output music-loudness.txt"
  },
  "allPassed": true,
  "files": [
    {
      "name": "lanterns-hearth",
      "sourceRate": 32000,
      "channels": 2,
      "sourceFrames": 3413333,
      "decodedMP3Frames": 3413333,
      "durationSeconds": 106.66665625,
      "sourcePeakDBFS": -2.712,
      "decodedMP3PeakDBFS": -3.157,
      "sourceClippedSamples": 0,
      "decodedMP3ClippedSamples": 0,
      "sourceLoopEndpointDifference": 0.0,
      "decodedMP3LoopEndpointDifference": 0.0025518201291561127,
      "mp3Bytes": 2134977,
      "sha256": "8b5c0cffbedf6113e546a4b461a7879e62d525e37d534bb39878d9a9a978818b",
      "passed": true
    },
    {
      "name": "lanterns-motion",
      "sourceRate": 32000,
      "channels": 2,
      "sourceFrames": 3413333,
      "decodedMP3Frames": 3413333,
      "durationSeconds": 106.66665625,
      "sourcePeakDBFS": -15.137,
      "decodedMP3PeakDBFS": -15.555,
      "sourceClippedSamples": 0,
      "decodedMP3ClippedSamples": 0,
      "sourceLoopEndpointDifference": 0.0,
      "decodedMP3LoopEndpointDifference": 0.003082609735429287,
      "mp3Bytes": 2134977,
      "sha256": "0aa59a016fedf4ae21d73743f40b3c852e89d62dd58f976fceca139d4446633f",
      "passed": true
    },
    {
      "name": "lanterns-and-letters",
      "sourceRate": 32000,
      "channels": 2,
      "sourceFrames": 3413333,
      "decodedMP3Frames": 3413333,
      "durationSeconds": 106.66665625,
      "sourcePeakDBFS": -2.733,
      "decodedMP3PeakDBFS": -3.182,
      "sourceClippedSamples": 0,
      "decodedMP3ClippedSamples": 0,
      "sourceLoopEndpointDifference": 0.0,
      "decodedMP3LoopEndpointDifference": 0.004439368844032288,
      "mp3Bytes": 2134977,
      "sha256": "4a18246690607f3cf45d8749751fd23232207cd8c95f25db947c0e4543f9b0ab",
      "passed": true
    }
  ]
}
