
$ npm ci --offline --ignore-scripts --no-audit --no-fund

up to date in 209ms

$ npm test

> typekeeper-enchanted-library@3.2.1 test
> node --test

TAP version 13
# Subtest: v3.2.1 capacity is two per spell, eight in total; effect strength is preserved
ok 1 - v3.2.1 capacity is two per spell, eight in total; effect strength is preserved
  ---
  duration_ms: 1.550593
  type: 'test'
  ...
# Subtest: relaxed: a new campaign has no books and only one chapter-one opportunity
ok 2 - relaxed: a new campaign has no books and only one chapter-one opportunity
  ---
  duration_ms: 3.505247
  type: 'test'
  ...
# Subtest: relaxed: opening is 10–15% gentler, 4–6 is 5–10% gentler, then rejoins the curve
ok 3 - relaxed: opening is 10–15% gentler, 4–6 is 5–10% gentler, then rejoins the curve
  ---
  duration_ms: 0.413805
  type: 'test'
  ...
# Subtest: relaxed: every chapter remains monotone with no opening or Endless difficulty reset
ok 4 - relaxed: every chapter remains monotone with no opening or Endless difficulty reset
  ---
  duration_ms: 1.526928
  type: 'test'
  ...
# Subtest: classic: a new campaign has no books and only one chapter-one opportunity
ok 5 - classic: a new campaign has no books and only one chapter-one opportunity
  ---
  duration_ms: 1.103628
  type: 'test'
  ...
# Subtest: classic: opening is 10–15% gentler, 4–6 is 5–10% gentler, then rejoins the curve
ok 6 - classic: opening is 10–15% gentler, 4–6 is 5–10% gentler, then rejoins the curve
  ---
  duration_ms: 0.144398
  type: 'test'
  ...
# Subtest: classic: every chapter remains monotone with no opening or Endless difficulty reset
ok 7 - classic: every chapter remains monotone with no opening or Endless difficulty reset
  ---
  duration_ms: 0.781582
  type: 'test'
  ...
# Subtest: maniac: a new campaign has no books and only one chapter-one opportunity
ok 8 - maniac: a new campaign has no books and only one chapter-one opportunity
  ---
  duration_ms: 0.812468
  type: 'test'
  ...
# Subtest: maniac: opening is 10–15% gentler, 4–6 is 5–10% gentler, then rejoins the curve
ok 9 - maniac: opening is 10–15% gentler, 4–6 is 5–10% gentler, then rejoins the curve
  ---
  duration_ms: 0.395688
  type: 'test'
  ...
# Subtest: maniac: every chapter remains monotone with no opening or Endless difficulty reset
ok 10 - maniac: every chapter remains monotone with no opening or Endless difficulty reset
  ---
  duration_ms: 0.904387
  type: 'test'
  ...
# Subtest: chapter 1: actual opportunity gaps stay inside 8–11 arrivals
ok 11 - chapter 1: actual opportunity gaps stay inside 8–11 arrivals
  ---
  duration_ms: 5.502565
  type: 'test'
  ...
# Subtest: chapter 4: actual opportunity gaps stay inside 8–11 arrivals
ok 12 - chapter 4: actual opportunity gaps stay inside 8–11 arrivals
  ---
  duration_ms: 4.437956
  type: 'test'
  ...
# Subtest: chapter 7: actual opportunity gaps stay inside 8–10 arrivals
ok 13 - chapter 7: actual opportunity gaps stay inside 8–10 arrivals
  ---
  duration_ms: 3.40121
  type: 'test'
  ...
# Subtest: chapter 11: actual opportunity gaps stay inside 8–10 arrivals
ok 14 - chapter 11: actual opportunity gaps stay inside 8–10 arrivals
  ---
  duration_ms: 2.985482
  type: 'test'
  ...
# Subtest: chapter 13: actual opportunity gaps stay inside 7–10 arrivals
ok 15 - chapter 13: actual opportunity gaps stay inside 7–10 arrivals
  ---
  duration_ms: 3.067245
  type: 'test'
  ...
# Subtest: chapter 23: actual opportunity gaps stay inside 7–10 arrivals
ok 16 - chapter 23: actual opportunity gaps stay inside 7–10 arrivals
  ---
  duration_ms: 2.930048
  type: 'test'
  ...
# Subtest: chapter 25: actual opportunity gaps stay inside 6–9 arrivals
ok 17 - chapter 25: actual opportunity gaps stay inside 6–9 arrivals
  ---
  duration_ms: 2.960213
  type: 'test'
  ...
# Subtest: chapter 47: actual opportunity gaps stay inside 6–9 arrivals
ok 18 - chapter 47: actual opportunity gaps stay inside 6–9 arrivals
  ---
  duration_ms: 2.288368
  type: 'test'
  ...
# Subtest: chapter 49: actual opportunity gaps stay inside 6–9 arrivals
ok 19 - chapter 49: actual opportunity gaps stay inside 6–9 arrivals
  ---
  duration_ms: 1.93919
  type: 'test'
  ...
# Subtest: trial 6: first opportunity in wave one, then one every eight arrivals
ok 20 - trial 6: first opportunity in wave one, then one every eight arrivals
  ---
  duration_ms: 1.333365
  type: 'test'
  ...
# Subtest: trial 12: first opportunity in wave one, then one every eight arrivals
ok 21 - trial 12: first opportunity in wave one, then one every eight arrivals
  ---
  duration_ms: 0.751216
  type: 'test'
  ...
# Subtest: trial 18: first opportunity in wave one, then one every eight arrivals
ok 22 - trial 18: first opportunity in wave one, then one every eight arrivals
  ---
  duration_ms: 0.756683
  type: 'test'
  ...
# Subtest: trial 24: first opportunity in wave one, then one every eight arrivals
ok 23 - trial 24: first opportunity in wave one, then one every eight arrivals
  ---
  duration_ms: 0.760709
  type: 'test'
  ...
# Subtest: trial 30: first opportunity in wave one, then one every eight arrivals
ok 24 - trial 30: first opportunity in wave one, then one every eight arrivals
  ---
  duration_ms: 0.831387
  type: 'test'
  ...
# Subtest: trial 36: first opportunity in wave one, then one every eight arrivals
ok 25 - trial 36: first opportunity in wave one, then one every eight arrivals
  ---
  duration_ms: 0.695662
  type: 'test'
  ...
# Subtest: trial 42: first opportunity in wave one, then one every eight arrivals
ok 26 - trial 42: first opportunity in wave one, then one every eight arrivals
  ---
  duration_ms: 0.607528
  type: 'test'
  ...
# Subtest: trial 48: first opportunity in wave one, then one every eight arrivals
ok 27 - trial 48: first opportunity in wave one, then one every eight arrivals
  ---
  duration_ms: 0.526465
  type: 'test'
  ...
# Subtest: trial 54: first opportunity in wave one, then one every eight arrivals
ok 28 - trial 54: first opportunity in wave one, then one every eight arrivals
  ---
  duration_ms: 0.798126
  type: 'test'
  ...
# Subtest: trial 102: first opportunity in wave one, then one every eight arrivals
ok 29 - trial 102: first opportunity in wave one, then one every eight arrivals
  ---
  duration_ms: 0.668621
  type: 'test'
  ...
# Subtest: trial 198: first opportunity in wave one, then one every eight arrivals
ok 30 - trial 198: first opportunity in wave one, then one every eight arrivals
  ---
  duration_ms: 0.560907
  type: 'test'
  ...
# Subtest: first opportunity must be typed; merely appearing grants no spell
ok 31 - first opportunity must be typed; merely appearing grants no spell
  ---
  duration_ms: 0.548259
  type: 'test'
  ...
# Subtest: missing the introductory ICE does not gift another tutorial set
ok 32 - missing the introductory ICE does not gift another tutorial set
  ---
  duration_ms: 0.557082
  type: 'test'
  ...
# Subtest: burning a spell grants no inventory and does not accelerate its replacement opportunity
ok 33 - burning a spell grants no inventory and does not accelerate its replacement opportunity
  ---
  duration_ms: 0.48281
  type: 'test'
  ...
# Subtest: full shelves still cap at two; overflow remains a scored word, not another book
ok 34 - full shelves still cap at two; overflow remains a scored word, not another book
  ---
  duration_ms: 0.623523
  type: 'test'
  ...
# Subtest: entering a normal chapter does not restart the reward countdown or refill books
ok 35 - entering a normal chapter does not restart the reward countdown or refill books
  ---
  duration_ms: 0.821812
  type: 'test'
  ...
# Subtest: trial entry pulls a distant drop into wave one, without giving an extra one
ok 36 - trial entry pulls a distant drop into wave one, without giving an extra one
  ---
  duration_ms: 0.592997
  type: 'test'
  ...
# Subtest: an already due spell remains due rather than being delayed by trial setup
ok 37 - an already due spell remains due rather than being delayed by trial setup
  ---
  duration_ms: 0.711916
  type: 'test'
  ...
# Subtest: trial preferences never break the four-spell bag or grant free rescue inventory
ok 38 - trial preferences never break the four-spell bag or grant free rescue inventory
  ---
  duration_ms: 0.5026
  type: 'test'
  ...
# Subtest: blocked candidate does not consume the countdown or a power-bag entry
ok 39 - blocked candidate does not consume the countdown or a power-bag entry
  ---
  duration_ms: 0.662041
  type: 'test'
  ...
# Subtest: canceling a reserved card at chapter clear never loses a bag entry
ok 40 - canceling a reserved card at chapter clear never loses a bag entry
  ---
  duration_ms: 0.27786
  type: 'test'
  ...
# Subtest: pausing and waiting never manufacture or consume spell opportunities
ok 41 - pausing and waiting never manufacture or consume spell opportunities
  ---
  duration_ms: 0.29128
  type: 'test'
  ...
# Subtest: active ICE freezes the scheduled arrival counter as well as card positions
ok 42 - active ICE freezes the scheduled arrival counter as well as card positions
  ---
  duration_ms: 0.328636
  type: 'test'
  ...
# Subtest: danger and score do not change scheduled spell types or gaps
ok 43 - danger and score do not change scheduled spell types or gaps
  ---
  duration_ms: 4.356994
  type: 'test'
  ...
# Subtest: each shuffled cycle still includes all four spells in all campaign wings
ok 44 - each shuffled cycle still includes all four spells in all campaign wings
  ---
  duration_ms: 27.989718
  type: 'test'
  ...
# Subtest: chapter 1 boundary preserves words, spacing, cycle and inventory through save/restore
ok 45 - chapter 1 boundary preserves words, spacing, cycle and inventory through save/restore
  ---
  duration_ms: 5.390196
  type: 'test'
  ...
# Subtest: chapter 5 boundary preserves words, spacing, cycle and inventory through save/restore
ok 46 - chapter 5 boundary preserves words, spacing, cycle and inventory through save/restore
  ---
  duration_ms: 2.376872
  type: 'test'
  ...
# Subtest: chapter 6 boundary preserves words, spacing, cycle and inventory through save/restore
ok 47 - chapter 6 boundary preserves words, spacing, cycle and inventory through save/restore
  ---
  duration_ms: 2.450884
  type: 'test'
  ...
# Subtest: chapter 11 boundary preserves words, spacing, cycle and inventory through save/restore
ok 48 - chapter 11 boundary preserves words, spacing, cycle and inventory through save/restore
  ---
  duration_ms: 1.843647
  type: 'test'
  ...
# Subtest: chapter 12 boundary preserves words, spacing, cycle and inventory through save/restore
ok 49 - chapter 12 boundary preserves words, spacing, cycle and inventory through save/restore
  ---
  duration_ms: 2.012922
  type: 'test'
  ...
# Subtest: chapter 23 boundary preserves words, spacing, cycle and inventory through save/restore
ok 50 - chapter 23 boundary preserves words, spacing, cycle and inventory through save/restore
  ---
  duration_ms: 1.487948
  type: 'test'
  ...
# Subtest: chapter 24 boundary preserves words, spacing, cycle and inventory through save/restore
ok 51 - chapter 24 boundary preserves words, spacing, cycle and inventory through save/restore
  ---
  duration_ms: 1.766559
  type: 'test'
  ...
# Subtest: chapter 35 boundary preserves words, spacing, cycle and inventory through save/restore
ok 52 - chapter 35 boundary preserves words, spacing, cycle and inventory through save/restore
  ---
  duration_ms: 1.483492
  type: 'test'
  ...
# Subtest: chapter 36 boundary preserves words, spacing, cycle and inventory through save/restore
ok 53 - chapter 36 boundary preserves words, spacing, cycle and inventory through save/restore
  ---
  duration_ms: 1.683494
  type: 'test'
  ...
# Subtest: chapter 47 boundary preserves words, spacing, cycle and inventory through save/restore
ok 54 - chapter 47 boundary preserves words, spacing, cycle and inventory through save/restore
  ---
  duration_ms: 1.445314
  type: 'test'
  ...
# Subtest: retry starts the same sparse chapter again, without accumulating failed-attempt books
ok 55 - retry starts the same sparse chapter again, without accumulating failed-attempt books
  ---
  duration_ms: 0.904928
  type: 'test'
  ...
# Subtest: 3.2 save migration caps stock at two, preserves mastery/preferences, and leaves original bytes untouched
ok 56 - 3.2 save migration caps stock at two, preserves mastery/preferences, and leaves original bytes untouched
  ---
  duration_ms: 0.64896
  type: 'test'
  ...
# Subtest: migrated checkpoint keeps the old scoring provenance after new-rules play and re-export
ok 57 - migrated checkpoint keeps the old scoring provenance after new-rules play and re-export
  ---
  duration_ms: 0.901593
  type: 'test'
  ...
# Subtest: fresh current saves cannot import a third charge by claiming the new ruleset
ok 58 - fresh current saves cannot import a third charge by claiming the new ruleset
  ---
  duration_ms: 0.118178
  type: 'test'
  ...
# Subtest: current saves must include a valid schedule; old missing schedules have an explicit fallback
ok 59 - current saves must include a valid schedule; old missing schedules have an explicit fallback
  ---
  duration_ms: 0.166341
  type: 'test'
  ...
# Subtest: invalid schedule values are rejected rather than granting unlimited imminent drops
ok 60 - invalid schedule values are rejected rather than granting unlimited imminent drops
  ---
  duration_ms: 0.166302
  type: 'test'
  ...
# Subtest: restored inventory and schedule are isolated from imported object mutations
ok 61 - restored inventory and schedule are isolated from imported object mutations
  ---
  duration_ms: 0.13846
  type: 'test'
  ...
# Subtest: model restore also clamps legacy charges when called directly by a trusted loader
ok 62 - model restore also clamps legacy charges when called directly by a trusted loader
  ---
  duration_ms: 0.397491
  type: 'test'
  ...
# Subtest: authored non-trial gap endpoints are reachable and trial setup is idempotent
ok 63 - authored non-trial gap endpoints are reachable and trial setup is idempotent
  ---
  duration_ms: 0.13235
  type: 'test'
  ...
# Subtest: Practice and Endless do not receive the campaign introduction again
ok 64 - Practice and Endless do not receive the campaign introduction again
  ---
  duration_ms: 0.069525
  type: 'test'
  ...
# Subtest: UI stock pips derive from the same authoritative capacity as game rules
ok 65 - UI stock pips derive from the same authoritative capacity as game rules
  ---
  duration_ms: 0.375307
  type: 'test'
  ...
# Subtest: relaxed: all 48 chapters stay within smooth speed and interval bounds
ok 66 - relaxed: all 48 chapters stay within smooth speed and interval bounds
  ---
  duration_ms: 1.360666
  type: 'test'
  ...
# Subtest: relaxed: all spawned ordinary and power cards remain fully readable and non-overlapping
ok 67 - relaxed: all spawned ordinary and power cards remain fully readable and non-overlapping
  ---
  duration_ms: 66.356888
  type: 'test'
  ...
# Subtest: classic: all 48 chapters stay within smooth speed and interval bounds
ok 68 - classic: all 48 chapters stay within smooth speed and interval bounds
  ---
  duration_ms: 0.183137
  type: 'test'
  ...
# Subtest: classic: all spawned ordinary and power cards remain fully readable and non-overlapping
ok 69 - classic: all spawned ordinary and power cards remain fully readable and non-overlapping
  ---
  duration_ms: 108.081883
  type: 'test'
  ...
# Subtest: maniac: all 48 chapters stay within smooth speed and interval bounds
ok 70 - maniac: all 48 chapters stay within smooth speed and interval bounds
  ---
  duration_ms: 0.27138
  type: 'test'
  ...
# Subtest: maniac: all spawned ordinary and power cards remain fully readable and non-overlapping
ok 71 - maniac: all spawned ordinary and power cards remain fully readable and non-overlapping
  ---
  duration_ms: 51.563684
  type: 'test'
  ...
# Subtest: vocabulary mixture is normalized at every campaign and endless chapter
ok 72 - vocabulary mixture is normalized at every campaign and endless chapter
  ---
  duration_ms: 0.510221
  type: 'test'
  ...
# Subtest: no abrupt dictionary mix switch remains at 5, 13, 25 or 37
ok 73 - no abrupt dictionary mix switch remains at 5, 13, 25 or 37
  ---
  duration_ms: 0.12617
  type: 'test'
  ...
# Subtest: newly introduced words obey their chapter length cap
ok 74 - newly introduced words obey their chapter length cap
  ---
  duration_ms: 1.615732
  type: 'test'
  ...
# Subtest: a fast clear shortens empty-field downtime without changing falling speed
ok 75 - a fast clear shortens empty-field downtime without changing falling speed
  ---
  duration_ms: 0.684684
  type: 'test'
  ...
# Subtest: empty-field acceleration never interrupts a trial breathing interval
ok 76 - empty-field acceleration never interrupts a trial breathing interval
  ---
  duration_ms: 0.261475
  type: 'test'
  ...
# Subtest: trial spawns follow five-word waves with a visible breathing interval
ok 77 - trial spawns follow five-word waves with a visible breathing interval
  ---
  duration_ms: 0.272852
  type: 'test'
  ...
# Subtest: no surplus cards are spawned when the board already contains the remaining quota
ok 78 - no surplus cards are spawned when the board already contains the remaining quota
  ---
  duration_ms: 0.104468
  type: 'test'
  ...
# Subtest: a final-word completion clears exactly once with no stranded next-stage timers
ok 79 - a final-word completion clears exactly once with no stranded next-stage timers
  ---
  duration_ms: 0.618255
  type: 'test'
  ...
# Subtest: active text duplicates do not occur in authored spawns
ok 80 - active text duplicates do not occur in authored spawns
  ---
  duration_ms: 2.260185
  type: 'test'
  ...
# Subtest: blocked spawn preserves the exact next card rather than rerolling its reward
ok 81 - blocked spawn preserves the exact next card rather than rerolling its reward
  ---
  duration_ms: 0.26471
  type: 'test'
  ...
# Subtest: a shuffled power cycle includes all four spells before repeating
ok 82 - a shuffled power cycle includes all four spells before repeating
  ---
  duration_ms: 0.647669
  type: 'test'
  ...
# Subtest: power selection prefers a not-full shelf inside the remaining bag
ok 83 - power selection prefers a not-full shelf inside the remaining bag
  ---
  duration_ms: 0.119631
  type: 'test'
  ...
# Subtest: full shelves never inflate inventory on collection
ok 84 - full shelves never inflate inventory on collection
  ---
  duration_ms: 0.121073
  type: 'test'
  ...
# Subtest: first chapter introduces one earned ICE opportunity, not four free tutorial powers
ok 85 - first chapter introduces one earned ICE opportunity, not four free tutorial powers
  ---
  duration_ms: 0.343018
  type: 'test'
  ...
# Subtest: empty FIRE and WIND are STORED rather than falsely actionable READY
ok 86 - empty FIRE and WIND are STORED rather than falsely actionable READY
  ---
  duration_ms: 0.163447
  type: 'test'
  ...
# Subtest: readiness reflects per-spell cooldown as well as inventory
ok 87 - readiness reflects per-spell cooldown as well as inventory
  ---
  duration_ms: 0.283308
  type: 'test'
  ...
# Subtest: SLOW cast before ICE retains every unspent second while frozen
ok 88 - SLOW cast before ICE retains every unspent second while frozen
  ---
  duration_ms: 0.911338
  type: 'test'
  ...
# Subtest: SLOW cast during ICE is queued without consuming duration
ok 89 - SLOW cast during ICE is queued without consuming duration
  ---
  duration_ms: 0.381056
  type: 'test'
  ...
# Subtest: a second queued SLOW does not consume a second book
ok 90 - a second queued SLOW does not consume a second book
  ---
  duration_ms: 0.188755
  type: 'test'
  ...
# Subtest: ICE ending within a tick applies only the remaining unfrozen fraction
ok 91 - ICE ending within a tick applies only the remaining unfrozen fraction
  ---
  duration_ms: 0.126481
  type: 'test'
  ...
# Subtest: SLOW expiry integrates slowed and normal motion within the same tick
ok 92 - SLOW expiry integrates slowed and normal motion within the same tick
  ---
  duration_ms: 0.246022
  type: 'test'
  ...
# Subtest: pause freezes queued spells and spell readiness
ok 93 - pause freezes queued spells and spell readiness
  ---
  duration_ms: 0.547748
  type: 'test'
  ...
# Subtest: FIRE guarantees a short recovery instead of an immediate replacement spawn
ok 94 - FIRE guarantees a short recovery instead of an immediate replacement spawn
  ---
  duration_ms: 0.273984
  type: 'test'
  ...
# Subtest: WIND clears only pressure; it never silently removes falling cards
ok 95 - WIND clears only pressure; it never silently removes falling cards
  ---
  duration_ms: 0.244089
  type: 'test'
  ...
# Subtest: a just-landed exact submission has one miss penalty, not miss plus typo
ok 96 - a just-landed exact submission has one miss penalty, not miss plus typo
  ---
  duration_ms: 0.282007
  type: 'test'
  ...
# Subtest: late-submission protection expires after the declared grace window
ok 97 - late-submission protection expires after the declared grace window
  ---
  duration_ms: 0.235496
  type: 'test'
  ...
# Subtest: the same expired word cannot repeatedly trigger late protection
ok 98 - the same expired word cannot repeatedly trigger late protection
  ---
  duration_ms: 0.201355
  type: 'test'
  ...
# Subtest: a still-live duplicate wins over the recently landed copy
ok 99 - a still-live duplicate wins over the recently landed copy
  ---
  duration_ms: 0.191189
  type: 'test'
  ...
# Subtest: a recently FIRE-cleared typed word does not create a phantom typo penalty
ok 100 - a recently FIRE-cleared typed word does not create a phantom typo penalty
  ---
  duration_ms: 0.18547
  type: 'test'
  ...
# Subtest: late protection cannot rescue an already terminal full-pile result
ok 101 - late protection cannot rescue an already terminal full-pile result
  ---
  duration_ms: 0.17873
  type: 'test'
  ...
# Subtest: chapter RNG is independent from how many earlier frames were simulated
ok 102 - chapter RNG is independent from how many earlier frames were simulated
  ---
  duration_ms: 0.143637
  type: 'test'
  ...
# Subtest: uninterrupted next chapter and restored bookmark produce identical cards
ok 103 - uninterrupted next chapter and restored bookmark produce identical cards
  ---
  duration_ms: 1.509761
  type: 'test'
  ...
# Subtest: chapter-boundary bookmark includes the pending power cycle
ok 104 - chapter-boundary bookmark includes the pending power cycle
  ---
  duration_ms: 0.426945
  type: 'test'
  ...
# Subtest: mid-chapter state cannot masquerade as a safe chapter bookmark
ok 105 - mid-chapter state cannot masquerade as a safe chapter bookmark
  ---
  duration_ms: 0.178239
  type: 'test'
  ...
# Subtest: first chapter can be bookmarked before a single word arrives
ok 106 - first chapter can be bookmarked before a single word arrives
  ---
  duration_ms: 0.563691
  type: 'test'
  ...
# Subtest: failed chapter retains its opening score and stock, recording retry count
ok 107 - failed chapter retains its opening score and stock, recording retry count
  ---
  duration_ms: 0.505754
  type: 'test'
  ...
# Subtest: retry increments cannot corrupt another expedition or chapter
ok 108 - retry increments cannot corrupt another expedition or chapter
  ---
  duration_ms: 0.403841
  type: 'test'
  ...
# Subtest: repeating a failed chapter cannot double-award its previous earned score
ok 109 - repeating a failed chapter cannot double-award its previous earned score
  ---
  duration_ms: 0.977968
  type: 'test'
  ...
# Subtest: campaign final clear cannot advance into chapter 49
ok 110 - campaign final clear cannot advance into chapter 49
  ---
  duration_ms: 0.255225
  type: 'test'
  ...
# Subtest: practice completion cannot advance into a multi-chapter practice score
ok 111 - practice completion cannot advance into a multi-chapter practice score
  ---
  duration_ms: 0.223388
  type: 'test'
  ...
# Subtest: endless can progress without receiving a false campaign victory
ok 112 - endless can progress without receiving a false campaign victory
  ---
  duration_ms: 0.405714
  type: 'test'
  ...
# Subtest: campaign victory cannot be declared in the middle of chapter 48
ok 113 - campaign victory cannot be declared in the middle of chapter 48
  ---
  duration_ms: 0.27827
  type: 'test'
  ...
# Subtest: retirement snapshots retain a voluntary finish distinction
ok 114 - retirement snapshots retain a voluntary finish distinction
  ---
  duration_ms: 0.189186
  type: 'test'
  ...
# Subtest: practice mastery on an unlocked chapter saves without unlocking another chapter
ok 115 - practice mastery on an unlocked chapter saves without unlocking another chapter
  ---
  duration_ms: 0.579916
  type: 'test'
  ...
# Subtest: practice cannot generate stars on a locked chapter
ok 116 - practice cannot generate stars on a locked chapter
  ---
  duration_ms: 0.099971
  type: 'test'
  ...
# Subtest: campaign clear after practice can unlock the next chapter
ok 117 - campaign clear after practice can unlock the next chapter
  ---
  duration_ms: 0.158139
  type: 'test'
  ...
# Subtest: practice best score is chapter-specific, not simply the longest chapter
ok 118 - practice best score is chapter-specific, not simply the longest chapter
  ---
  duration_ms: 0.348476
  type: 'test'
  ...
# Subtest: old rulesets remain in Legacy and cannot become a current personal best
ok 119 - old rulesets remain in Legacy and cannot become a current personal best
  ---
  duration_ms: 0.133912
  type: 'test'
  ...
# Subtest: a migrated in-progress expedition keeps its original scoring provenance
ok 120 - a migrated in-progress expedition keeps its original scoring provenance
  ---
  duration_ms: 0.367786
  type: 'test'
  ...
# Subtest: v3 migration does not overwrite or delete the original saved bytes
ok 121 - v3 migration does not overwrite or delete the original saved bytes
  ---
  duration_ms: 0.303819
  type: 'test'
  ...
# Subtest: corrupt power bags and nonfinite checkpoint identifiers are rejected
ok 122 - corrupt power bags and nonfinite checkpoint identifiers are rejected
  ---
  duration_ms: 0.209667
  type: 'test'
  ...
# Subtest: actual completed-stage score replaces only the comparable ruleset best
ok 123 - actual completed-stage score replaces only the comparable ruleset best
  ---
  duration_ms: 0.203237
  type: 'test'
  ...
# Subtest: paused application settings reject invalid volume and difficulty values
ok 124 - paused application settings reject invalid volume and difficulty values
  ---
  duration_ms: 0.149867
  type: 'test'
  ...
# Subtest: nonfinite and zero deltas cannot poison the game clock
ok 125 - nonfinite and zero deltas cannot poison the game clock
  ---
  duration_ms: 0.150107
  type: 'test'
  ...
# Subtest: long-session replay memory is bounded and truncation is explicit
ok 126 - long-session replay memory is bounded and truncation is explicit
  ---
  duration_ms: 17.15821
  type: 'test'
  ...
# Subtest: renderer frame rate cannot change a fixed-tick authored run
ok 127 - renderer frame rate cannot change a fixed-tick authored run
  ---
  duration_ms: 7.144147
  type: 'test'
  ...
# Subtest: 250 seeded adversarial sessions retain finite state, terminal uniqueness and stock bounds
ok 128 - 250 seeded adversarial sessions retain finite state, terminal uniqueness and stock bounds
  ---
  duration_ms: 227.385856
  type: 'test'
  ...
# Subtest: merging new-rule practice medals cannot revoke an old-rule campaign clear
ok 129 - merging new-rule practice medals cannot revoke an old-rule campaign clear
  ---
  duration_ms: 0.334666
  type: 'test'
  ...
# Subtest: corrupt current save is quarantined and a valid untouched v3 save is recovered
ok 130 - corrupt current save is quarantined and a valid untouched v3 save is recovered
  ---
  duration_ms: 0.216977
  type: 'test'
  ...
# Subtest: normalization accepts English letters, uppercases and bounds the buffer
ok 131 - normalization accepts English letters, uppercases and bounds the buffer
  ---
  duration_ms: 1.46877
  type: 'test'
  ...
# Subtest: dictionary is substantial, uppercase, unique within tiers, and all words fit the buffer
ok 132 - dictionary is substantial, uppercase, unique within tiers, and all words fit the buffer
  ---
  duration_ms: 0.77446
  type: 'test'
  ...
# Subtest: seeded random generator repeats exactly
ok 133 - seeded random generator repeats exactly
  ---
  duration_ms: 0.941282
  type: 'test'
  ...
# Subtest: fresh game is in menu, with no starting power stock
ok 134 - fresh game is in menu, with no starting power stock
  ---
  duration_ms: 1.163879
  type: 'test'
  ...
# Subtest: start resets all run state
ok 135 - start resets all run state
  ---
  duration_ms: 0.55579
  type: 'test'
  ...
# Subtest: complete exact word once, update points/progress/characters
ok 136 - complete exact word once, update points/progress/characters
  ---
  duration_ms: 0.989225
  type: 'test'
  ...
# Subtest: partial input never auto-clears or penalizes
ok 137 - partial input never auto-clears or penalizes
  ---
  duration_ms: 0.285592
  type: 'test'
  ...
# Subtest: empty Enter is a true no-op
ok 138 - empty Enter is a true no-op
  ---
  duration_ms: 0.60203
  type: 'test'
  ...
# Subtest: invalid submission penalizes once and clears the buffer
ok 139 - invalid submission penalizes once and clears the buffer
  ---
  duration_ms: 0.614769
  type: 'test'
  ...
# Subtest: editing a prefix is non-destructive
ok 140 - editing a prefix is non-destructive
  ---
  duration_ms: 0.492083
  type: 'test'
  ...
# Subtest: duplicate words resolve the lowest exact match
ok 141 - duplicate words resolve the lowest exact match
  ---
  duration_ms: 0.335357
  type: 'test'
  ...
# Subtest: ties are stable by ID
ok 142 - ties are stable by ID
  ---
  duration_ms: 0.138109
  type: 'test'
  ...
# Subtest: shared prefix does not lock onto a target
ok 143 - shared prefix does not lock onto a target
  ---
  duration_ms: 0.183928
  type: 'test'
  ...
# Subtest: falling FIRE word takes priority over available command
ok 144 - falling FIRE word takes priority over available command
  ---
  duration_ms: 0.204699
  type: 'test'
  ...
# Subtest: power collection is immediate and capped at two
ok 145 - power collection is immediate and capped at two
  ---
  duration_ms: 0.135464
  type: 'test'
  ...
# Subtest: all four power-card families grant the corresponding book
ok 146 - all four power-card families grant the corresponding book
  ---
  duration_ms: 0.202666
  type: 'test'
  ...
# Subtest: unavailable spell costs no points or danger and grants no stock
ok 147 - unavailable spell costs no points or danger and grants no stock
  ---
  duration_ms: 0.387065
  type: 'test'
  ...
# Subtest: FIRE clears active cards without scoring, progress, or harvesting books
ok 148 - FIRE clears active cards without scoring, progress, or harvesting books
  ---
  duration_ms: 0.422459
  type: 'test'
  ...
# Subtest: FIRE consumes exactly one charge per nonempty cast
ok 149 - FIRE consumes exactly one charge per nonempty cast
  ---
  duration_ms: 0.186962
  type: 'test'
  ...
# Subtest: ICE stops words and spawn timer for its duration
ok 150 - ICE stops words and spawn timer for its duration
  ---
  duration_ms: 0.350379
  type: 'test'
  ...
# Subtest: ICE active recast is rejected and preserves the next book
ok 151 - ICE active recast is rejected and preserves the next book
  ---
  duration_ms: 0.714179
  type: 'test'
  ...
# Subtest: SLOW scales motion by exactly 0.42
ok 152 - SLOW scales motion by exactly 0.42
  ---
  duration_ms: 0.208755
  type: 'test'
  ...
# Subtest: ICE and SLOW coexist; SLOW time is banked until ICE ends
ok 153 - ICE and SLOW coexist; SLOW time is banked until ICE ends
  ---
  duration_ms: 0.207955
  type: 'test'
  ...
# Subtest: WIND fully clears danger and paper without clearing active words
ok 154 - WIND fully clears danger and paper without clearing active words
  ---
  duration_ms: 0.186872
  type: 'test'
  ...
# Subtest: pause freezes timers, positions, game time, and spawn countdown
ok 155 - pause freezes timers, positions, game time, and spawn countdown
  ---
  duration_ms: 0.464072
  type: 'test'
  ...
# Subtest: paused input cannot change buffer or score
ok 156 - paused input cannot change buffer or score
  ---
  duration_ms: 0.105319
  type: 'test'
  ...
# Subtest: miss adds the configured danger once and clears streak
ok 157 - miss adds the configured danger once and clears streak
  ---
  duration_ms: 0.239141
  type: 'test'
  ...
# Subtest: dark miss penalty is larger; dark completion earns double
ok 158 - dark miss penalty is larger; dark completion earns double
  ---
  duration_ms: 0.238029
  type: 'test'
  ...
# Subtest: game over is terminal and emits only once
ok 159 - game over is terminal and emits only once
  ---
  duration_ms: 0.20504
  type: 'test'
  ...
# Subtest: an invalid submission can end a run at the limit
ok 160 - an invalid submission can end a run at the limit
  ---
  duration_ms: 0.200443
  type: 'test'
  ...
# Subtest: word submitted just before impact cannot subsequently land
ok 161 - word submitted just before impact cannot subsequently land
  ---
  duration_ms: 0.128695
  type: 'test'
  ...
# Subtest: perfect chapter awards 100 x level plus 250, then clears field
ok 162 - perfect chapter awards 100 x level plus 250, then clears field
  ---
  duration_ms: 0.26482
  type: 'test'
  ...
# Subtest: imperfect chapter excludes perfect bonus
ok 163 - imperfect chapter excludes perfect bonus
  ---
  duration_ms: 0.143908
  type: 'test'
  ...
# Subtest: next chapter resets quota and timed effects but retains danger and stock
ok 164 - next chapter resets quota and timed effects but retains danger and stock
  ---
  duration_ms: 0.190017
  type: 'test'
  ...
# Subtest: streak multiplier grows at eight and caps at three
ok 165 - streak multiplier grows at eight and caps at three
  ---
  duration_ms: 0.108634
  type: 'test'
  ...
# Subtest: word accuracy is submission accuracy, not a keystroke claim
ok 166 - word accuracy is submission accuracy, not a keystroke claim
  ---
  duration_ms: 0.15866
  type: 'test'
  ...
# Subtest: WPM uses correctly completed characters and active time
ok 167 - WPM uses correctly completed characters and active time
  ---
  duration_ms: 0.490862
  type: 'test'
  ...
# Subtest: same seed and input sequence yield the same simulation
ok 168 - same seed and input sequence yield the same simulation
  ---
  duration_ms: 3.535623
  type: 'test'
  ...
# Subtest: spawn bounds keep whole cards on the playfield
ok 169 - spawn bounds keep whole cards on the playfield
  ---
  duration_ms: 3.126144
  type: 'test'
  ...
# Subtest: spawn is bounded at 12 simultaneous cards
ok 170 - spawn is bounded at 12 simultaneous cards
  ---
  duration_ms: 0.11909
  type: 'test'
  ...
# Subtest: special cards include explicit glyph padding
ok 171 - special cards include explicit glyph padding
  ---
  duration_ms: 0.117658
  type: 'test'
  ...
# Subtest: level speed and quotas increase but remain bounded
ok 172 - level speed and quotas increase but remain bounded
  ---
  duration_ms: 0.099981
  type: 'test'
  ...
# Subtest: pace choice changes speed without changing correctness rules
ok 173 - pace choice changes speed without changing correctness rules
  ---
  duration_ms: 0.095575
  type: 'test'
  ...
# Subtest: fixed clock creates 60 bounded simulation steps over one second
ok 174 - fixed clock creates 60 bounded simulation steps over one second
  ---
  duration_ms: 0.204369
  type: 'test'
  ...
# Subtest: clock does not simulate a hidden-tab catch-up burst
ok 175 - clock does not simulate a hidden-tab catch-up burst
  ---
  duration_ms: 0.092049
  type: 'test'
  ...
# Subtest: settings and local records round-trip with schema validation
ok 176 - settings and local records round-trip with schema validation
  ---
  duration_ms: 0.836013
  type: 'test'
  ...
# Subtest: malformed local data recovers safely
ok 177 - malformed local data recovers safely
  ---
  duration_ms: 0.290499
  type: 'test'
  ...
# Subtest: unavailable storage is explicitly session-only
ok 178 - unavailable storage is explicitly session-only
  ---
  duration_ms: 0.122365
  type: 'test'
  ...
# Subtest: blocked storage never crashes game state
ok 179 - blocked storage never crashes game state
  ---
  duration_ms: 0.159251
  type: 'test'
  ...
# Subtest: records filter malformed entries and maintain independent pace bests
ok 180 - records filter malformed entries and maintain independent pace bests
  ---
  duration_ms: 0.243568
  type: 'test'
  ...
# Subtest: clearing records retains settings
ok 181 - clearing records retains settings
  ---
  duration_ms: 0.242437
  type: 'test'
  ...
# Subtest: new players get the original score without a separate setup screen
ok 182 - new players get the original score without a separate setup screen
  ---
  duration_ms: 2.03873
  type: 'test'
  ...
# Subtest: music, effects, and master volume have independent bounded defaults
ok 183 - music, effects, and master volume have independent bounded defaults
  ---
  duration_ms: 0.162435
  type: 'test'
  ...
# Subtest: default gameplay HUD is focused, not a metrics dashboard
ok 184 - default gameplay HUD is focused, not a metrics dashboard
  ---
  duration_ms: 0.120602
  type: 'test'
  ...
# Subtest: returning players have a configurable resume safety countdown
ok 185 - returning players have a configurable resume safety countdown
  ---
  duration_ms: 0.173853
  type: 'test'
  ...
# Subtest: v2 settings and records migrate non-destructively into Typekeeper
ok 186 - v2 settings and records migrate non-destructively into Typekeeper
  ---
  duration_ms: 0.817515
  type: 'test'
  ...
# Subtest: current Typekeeper preferences take priority over old defaults
ok 187 - current Typekeeper preferences take priority over old defaults
  ---
  duration_ms: 0.190909
  type: 'test'
  ...
# Subtest: new audio preferences persist through actual serialization
ok 188 - new audio preferences persist through actual serialization
  ---
  duration_ms: 0.372313
  type: 'test'
  ...
# Subtest: invalid imported audio gains do not reach the mixer
ok 189 - invalid imported audio gains do not reach the mixer
  ---
  duration_ms: 0.146061
  type: 'test'
  ...
# Subtest: new presentation toggles serialize without changing active game rules
ok 190 - new presentation toggles serialize without changing active game rules
  ---
  duration_ms: 0.328045
  type: 'test'
  ...
# Subtest: Typekeeper save exports identify the product and preserve schema compatibility
ok 191 - Typekeeper save exports identify the product and preserve schema compatibility
  ---
  duration_ms: 4.024882
  type: 'test'
  ...
# Subtest: migrated saves retain all earned mastery and chapter bookmarks
ok 192 - migrated saves retain all earned mastery and chapter bookmarks
  ---
  duration_ms: 1.435138
  type: 'test'
  ...
# Subtest: pile restoration agrees with the danger meter after a bookmark
ok 193 - pile restoration agrees with the danger meter after a bookmark
  ---
  duration_ms: 0.546375
  type: 'test'
  ...
# Subtest: restored pile does not retain references to imported data
ok 194 - restored pile does not retain references to imported data
  ---
  duration_ms: 0.488007
  type: 'test'
  ...
# Subtest: older checkpoints reconstruct visual papers for existing danger
ok 195 - older checkpoints reconstruct visual papers for existing danger
  ---
  duration_ms: 0.299663
  type: 'test'
  ...
# Subtest: malformed pile objects are rejected before save import
ok 196 - malformed pile objects are rejected before save import
  ---
  duration_ms: 0.163817
  type: 'test'
  ...
# Subtest: oversized or out-of-field imported piles are rejected
ok 197 - oversized or out-of-field imported piles are rejected
  ---
  duration_ms: 0.220173
  type: 'test'
  ...
# Subtest: campaign finale now uses the Typekeeper identity
ok 198 - campaign finale now uses the Typekeeper identity
  ---
  duration_ms: 0.074373
  type: 'test'
  ...
# Subtest: HTML contains no website header, footer, or edition labeling
ok 199 - HTML contains no website header, footer, or edition labeling
  ---
  duration_ms: 0.448358
  type: 'test'
  ...
# Subtest: live menu source removes prototype and defensive copy
ok 200 - live menu source removes prototype and defensive copy
  ---
  duration_ms: 1.510728
  type: 'test'
  ...
# Subtest: original score has two equal-length, original phase-aligned stems
ok 201 - original score has two equal-length, original phase-aligned stems
  ---
  duration_ms: 0.557062
  type: 'test'
  ...
# Subtest: both music exports are included locally and stay under 3 MiB each
ok 202 - both music exports are included locally and stay under 3 MiB each
  ---
  duration_ms: 0.250929
  type: 'test'
  ...
# Subtest: source soundtrack includes editable MIDI and lossless masters
ok 203 - source soundtrack includes editable MIDI and lossless masters
  ---
  duration_ms: 0.150578
  type: 'test'
  ...
# Subtest: old placeholder nocturne is not shipped as a runtime asset
ok 204 - old placeholder nocturne is not shipped as a runtime asset
  ---
  duration_ms: 0.097658
  type: 'test'
  ...
# Subtest: no font binaries or remote font dependencies are required
ok 205 - no font binaries or remote font dependencies are required
  ---
  duration_ms: 0.209436
  type: 'test'
  ...
# Subtest: chapter 1: the earlier pressure curve is pinned
ok 206 - chapter 1: the earlier pressure curve is pinned
  ---
  duration_ms: 1.033963
  type: 'test'
  ...
# Subtest: chapter 3: the earlier pressure curve is pinned
ok 207 - chapter 3: the earlier pressure curve is pinned
  ---
  duration_ms: 0.114463
  type: 'test'
  ...
# Subtest: chapter 6: the earlier pressure curve is pinned
ok 208 - chapter 6: the earlier pressure curve is pinned
  ---
  duration_ms: 0.107533
  type: 'test'
  ...
# Subtest: chapter 12: the earlier pressure curve is pinned
ok 209 - chapter 12: the earlier pressure curve is pinned
  ---
  duration_ms: 0.078509
  type: 'test'
  ...
# Subtest: chapter 24: the earlier pressure curve is pinned
ok 210 - chapter 24: the earlier pressure curve is pinned
  ---
  duration_ms: 0.463801
  type: 'test'
  ...
# Subtest: chapter 36: the earlier pressure curve is pinned
ok 211 - chapter 36: the earlier pressure curve is pinned
  ---
  duration_ms: 0.167123
  type: 'test'
  ...
# Subtest: chapter 48: the earlier pressure curve is pinned
ok 212 - chapter 48: the earlier pressure curve is pinned
  ---
  duration_ms: 0.077367
  type: 'test'
  ...
# Subtest: second chapter introduces medium words; the first chapter keeps its short onboarding words
ok 213 - second chapter introduces medium words; the first chapter keeps its short onboarding words
  ---
  duration_ms: 0.459033
  type: 'test'
  ...
# Subtest: all 48 vocabulary distributions are positive, normalized, and length-bounded
ok 214 - all 48 vocabulary distributions are positive, normalized, and length-bounded
  ---
  duration_ms: 5.578466
  type: 'test'
  ...
# Subtest: early speed changes are explicit between chapters; no within-card rubber banding
ok 215 - early speed changes are explicit between chapters; no within-card rubber banding
  ---
  duration_ms: 1.568971
  type: 'test'
  ...
# Subtest: chapter 48 into Endless does not reset difficulty downward
ok 216 - chapter 48 into Endless does not reset difficulty downward
  ---
  duration_ms: 0.221284
  type: 'test'
  ...
# Subtest: music adds no tension in calm play and builds continuously through danger
ok 217 - music adds no tension in calm play and builds continuously through danger
  ---
  duration_ms: 0.730935
  type: 'test'
  ...
# Subtest: adaptive layers can be disabled without changing the baseline scene groove
ok 218 - adaptive layers can be disabled without changing the baseline scene groove
  ---
  duration_ms: 0.593557
  type: 'test'
  ...
# Subtest: menu: high pile never leaves critical layers playing over a modal
ok 219 - menu: high pile never leaves critical layers playing over a modal
  ---
  duration_ms: 0.078319
  type: 'test'
  ...
# Subtest: pause: high pile never leaves critical layers playing over a modal
ok 220 - pause: high pile never leaves critical layers playing over a modal
  ---
  duration_ms: 0.040051
  type: 'test'
  ...
# Subtest: clear: high pile never leaves critical layers playing over a modal
ok 221 - clear: high pile never leaves critical layers playing over a modal
  ---
  duration_ms: 0.032809
  type: 'test'
  ...
# Subtest: over: high pile never leaves critical layers playing over a modal
ok 222 - over: high pile never leaves critical layers playing over a modal
  ---
  duration_ms: 0.030456
  type: 'test'
  ...
# Subtest: music rejects invalid pressure and clamps out-of-range numbers
ok 223 - music rejects invalid pressure and clamps out-of-range numbers
  ---
  duration_ms: 0.12522
  type: 'test'
  ...
# Subtest: all four stems use one exact original music-cycle duration
ok 224 - all four stems use one exact original music-cycle duration
  ---
  duration_ms: 0.05964
  type: 'test'
  ...
# Subtest: near-boundary pressure changes cannot cause abrupt target jumps
ok 225 - near-boundary pressure changes cannot cause abrupt target jumps
  ---
  duration_ms: 0.221925
  type: 'test'
  ...
# Subtest: input sparkle targets the lowest eligible prefix without auto-submitting
ok 226 - input sparkle targets the lowest eligible prefix without auto-submitting
  ---
  duration_ms: 0.23811
  type: 'test'
  ...
# Subtest: full-word ready cue is feedback only until Enter
ok 227 - full-word ready cue is feedback only until Enter
  ---
  duration_ms: 0.299693
  type: 'test'
  ...
# Subtest: wrong prefixes get no match sparkle and no extra penalty
ok 228 - wrong prefixes get no match sparkle and no extra penalty
  ---
  duration_ms: 0.223177
  type: 'test'
  ...
# Subtest: same-length replacement emits a new key event; unchanged input does not
ok 229 - same-length replacement emits a new key event; unchanged input does not
  ---
  duration_ms: 0.231079
  type: 'test'
  ...
# Subtest: backspace does not trigger a new typing-ready sound
ok 230 - backspace does not trigger a new typing-ready sound
  ---
  duration_ms: 0.166972
  type: 'test'
  ...
# Subtest: ICE and queued SLOW each emit exactly one natural ending
ok 231 - ICE and queued SLOW each emit exactly one natural ending
  ---
  duration_ms: 0.411572
  type: 'test'
  ...
# Subtest: pause suspends effect-end events and spell lifetime
ok 232 - pause suspends effect-end events and spell lifetime
  ---
  duration_ms: 0.202355
  type: 'test'
  ...
# Subtest: clearing a chapter cancels effects without false expiration cues
ok 233 - clearing a chapter cancels effects without false expiration cues
  ---
  duration_ms: 0.308145
  type: 'test'
  ...
# Subtest: score tally is monotone, bounded, and finishes at the authoritative total
ok 234 - score tally is monotone, bounded, and finishes at the authoritative total
  ---
  duration_ms: 0.448348
  type: 'test'
  ...
# Subtest: large totals finish in the same time rather than counting each point
ok 235 - large totals finish in the same time rather than counting each point
  ---
  duration_ms: 0.213182
  type: 'test'
  ...
# Subtest: slow-frame tally never schedules a backlog of ticks
ok 236 - slow-frame tally never schedules a backlog of ticks
  ---
  duration_ms: 0.131609
  type: 'test'
  ...
# Subtest: tally skip completes once; a canceled tally cannot leak a completion
ok 237 - tally skip completes once; a canceled tally cannot leak a completion
  ---
  duration_ms: 0.16572
  type: 'test'
  ...
# Subtest: reduced motion displays the final score immediately
ok 238 - reduced motion displays the final score immediately
  ---
  duration_ms: 0.118619
  type: 'test'
  ...
# Subtest: score presentation cannot mutate game totals or earn duplicate points
ok 239 - score presentation cannot mutate game totals or earn duplicate points
  ---
  duration_ms: 0.380996
  type: 'test'
  ...
# Subtest: v3.1 storage migrates into v3.2.1 without rewriting the old key
ok 240 - v3.1 storage migrates into v3.2.1 without rewriting the old key
  ---
  duration_ms: 1.03884
  type: 'test'
  ...
# Subtest: adaptive music and shimmer preferences persist without changing score rules
ok 241 - adaptive music and shimmer preferences persist without changing score rules
  ---
  duration_ms: 0.290739
  type: 'test'
  ...
# Subtest: campaign has 48 unique named stages across eight six-stage wings
ok 242 - campaign has 48 unique named stages across eight six-stage wings
  ---
  duration_ms: 0.995325
  type: 'test'
  ...
# Subtest: eight trials occur at the end of each wing
ok 243 - eight trials occur at the end of each wing
  ---
  duration_ms: 0.758095
  type: 'test'
  ...
# Subtest: all 48 stages have smooth rising speed and falling arrival interval
ok 244 - all 48 stages have smooth rising speed and falling arrival interval
  ---
  duration_ms: 0.578173
  type: 'test'
  ...
# Subtest: endless mode is named and has bounded speed and spawn intervals
ok 245 - endless mode is named and has bounded speed and spawn intervals
  ---
  duration_ms: 0.147243
  type: 'test'
  ...
# Subtest: every numbered hotkey and numpad key maps to its spell
ok 246 - every numbered hotkey and numpad key maps to its spell
  ---
  duration_ms: 0.195416
  type: 'test'
  ...
# Subtest: hotkeys ignore modifiers, key repeat, IME and ordinary typing
ok 247 - hotkeys ignore modifiers, key repeat, IME and ordinary typing
  ---
  duration_ms: 0.129746
  type: 'test'
  ...
# Subtest: quick cast preserves the typed buffer and records input provenance
ok 248 - quick cast preserves the typed buffer and records input provenance
  ---
  duration_ms: 0.963706
  type: 'test'
  ...
# Subtest: quick FIRE is unambiguous even with a falling FIRE word
ok 249 - quick FIRE is unambiguous even with a falling FIRE word
  ---
  duration_ms: 0.266322
  type: 'test'
  ...
# Subtest: empty FIRE does not waste inventory
ok 250 - empty FIRE does not waste inventory
  ---
  duration_ms: 0.353454
  type: 'test'
  ...
# Subtest: empty WIND does not waste inventory
ok 251 - empty WIND does not waste inventory
  ---
  duration_ms: 0.402378
  type: 'test'
  ...
# Subtest: active SLOW cannot waste a second book
ok 252 - active SLOW cannot waste a second book
  ---
  duration_ms: 1.500498
  type: 'test'
  ...
# Subtest: SLOW creates breathing room in spawn countdown as well as motion
ok 253 - SLOW creates breathing room in spawn countdown as well as motion
  ---
  duration_ms: 0.236938
  type: 'test'
  ...
# Subtest: casting after ICE expires consumes the next book once
ok 254 - casting after ICE expires consumes the next book once
  ---
  duration_ms: 0.367125
  type: 'test'
  ...
# Subtest: anti-doublecast cooldown applies per power without blocking combinations
ok 255 - anti-doublecast cooldown applies per power without blocking combinations
  ---
  duration_ms: 0.29803
  type: 'test'
  ...
# Subtest: pressure state thresholds include every exact boundary
ok 256 - pressure state thresholds include every exact boundary
  ---
  duration_ms: 0.093782
  type: 'test'
  ...
# Subtest: defeat and celebration override the normal pressure expression
ok 257 - defeat and celebration override the normal pressure expression
  ---
  duration_ms: 0.056966
  type: 'test'
  ...
# Subtest: WIND immediately restores the calm gameplay state
ok 258 - WIND immediately restores the calm gameplay state
  ---
  duration_ms: 0.103236
  type: 'test'
  ...
# Subtest: pressure events fire on transitions rather than every frame
ok 259 - pressure events fire on transitions rather than every frame
  ---
  duration_ms: 0.12557
  type: 'test'
  ...
# Subtest: mastery stars use documented gold, silver and bronze thresholds
ok 260 - mastery stars use documented gold, silver and bronze thresholds
  ---
  duration_ms: 0.077687
  type: 'test'
  ...
# Subtest: stage summaries use stage-local WPM and accuracy
ok 261 - stage summaries use stage-local WPM and accuracy
  ---
  duration_ms: 0.799828
  type: 'test'
  ...
# Subtest: a full campaign advances through all 48 stages without stale phase or progress
ok 262 - a full campaign advances through all 48 stages without stale phase or progress
  ---
  duration_ms: 6.249184
  type: 'test'
  ...
# Subtest: checkpoint restores score, books, danger and completed stages at the next boundary
ok 263 - checkpoint restores score, books, danger and completed stages at the next boundary
  ---
  duration_ms: 1.092211
  type: 'test'
  ...
# Subtest: checkpoint is validated before being saved
ok 264 - checkpoint is validated before being saved
  ---
  duration_ms: 0.76721
  type: 'test'
  ...
# Subtest: checkpoint survives actual store serialization and clear is persistent
ok 265 - checkpoint survives actual store serialization and clear is persistent
  ---
  duration_ms: 0.807951
  type: 'test'
  ...
# Subtest: mastery keeps the best grade and paces stay independent
ok 266 - mastery keeps the best grade and paces stay independent
  ---
  duration_ms: 0.227534
  type: 'test'
  ...
# Subtest: practice can improve an earned grade but cannot create expedition progress
ok 267 - practice can improve an earned grade but cannot create expedition progress
  ---
  duration_ms: 0.145881
  type: 'test'
  ...
# Subtest: save export/import merges rather than duplicates records
ok 268 - save export/import merges rather than duplicates records
  ---
  duration_ms: 0.836794
  type: 'test'
  ...
# Subtest: current, practice and legacy records are not mixed in best score
ok 269 - current, practice and legacy records are not mixed in best score
  ---
  duration_ms: 0.359723
  type: 'test'
  ...
# Subtest: record time windows use date cutoffs and actual records
ok 270 - record time windows use date cutoffs and actual records
  ---
  duration_ms: 0.149036
  type: 'test'
  ...
# Subtest: legacy migration tolerates null and malformed rows and tags valid V1 scores
ok 271 - legacy migration tolerates null and malformed rows and tags valid V1 scores
  ---
  duration_ms: 0.201394
  type: 'test'
  ...
# Subtest: wide words allocate glyph-aware card widths
ok 272 - wide words allocate glyph-aware card widths
  ---
  duration_ms: 0.083296
  type: 'test'
  ...
# Subtest: spawned long cards remain wholly within the game field
ok 273 - spawned long cards remain wholly within the game field
  ---
  duration_ms: 3.518557
  type: 'test'
  ...
# Subtest: pause freezes cooldowns and resume does not erase partial input
ok 274 - pause freezes cooldowns and resume does not erase partial input
  ---
  duration_ms: 0.223208
  type: 'test'
  ...
# Subtest: checkpoint cannot be imported into a different pace slot
ok 275 - checkpoint cannot be imported into a different pace slot
  ---
  duration_ms: 0.208004
  type: 'test'
  ...
1..275
# tests 275
# suites 0
# pass 275
# fail 0
# cancelled 0
# skipped 0
# todo 0
# duration_ms 615.393098

$ npm run check

> typekeeper-enchanted-library@3.2.1 check
> node scripts/check.mjs

All application and build modules pass JavaScript syntax checks.

$ npm run build

> typekeeper-enchanted-library@3.2.1 build
> node scripts/build.mjs

Manifest verified: 23 local assets.
Built 42 local files; 8.00 MiB. No CDN or network build dependency.
Standalone PLAY.html: 10.90 MiB. All art, music and code embedded.
