PASS The shipped HTML contains the new economy module and correct ruleset 
PASS Fresh campaign renders zero books and exactly two capacity pips per spell 
PASS The first five actual card opportunities contain no tutorial resource flood 
PASS The sixth card must be typed to earn ICE, with the preserved glow and readiness feedback 
PASS A scarce ICE charge still quick-casts for six seconds without losing typed selection 
PASS Chapter-one spawn schedule contains one spell, not all four 
PASS Third pickup awards word points but cannot create a third charge or pip 
PASS Capacity pips decrement correctly and an active recast does not waste the remaining charge 
PASS All four spell strengths and ICE/SLOW queuing remain unchanged 
PASS Next chapter carries the countdown and unused books rather than restarting the gift schedule 
PASS Trial puts an earned opportunity in its first wave and every eight cards, with no free charges 
PASS FIRE cannot farm replacement spells or reset the sparse schedule 
PASS Pause and resume preserve the economy counter and partial word 
PASS Retry reproduces the same sixth-card reward and cannot keep failed-attempt score or stock 
PASS Practice retains its separately scored training kit, without a campaign tutorial reset 
PASS Endless keeps its independent starter kit and continues the late speed curve 
PASS Endless trials use the same earned first-wave opportunities without extra free stock 
PASS Real spawned cards use the approved gentle-opening and late-chapter speeds 
PASS How to play communicates the actual two-charge limit without extra screen clutter 
PASS Actual file import keeps prior scores in Legacy and migrates 3.2 books into the two-charge cap 
PASS Continuing a migrated run uses the new economy while retaining Legacy scoring provenance 
PASS Real save export includes the sparse schedule and correct build version 
PASS New game after migration starts empty under current scoring rules 
PASS A new empty campaign cannot inherit a previous run’s acquisition glow 
PASS Spending the last book clears acquisition glow while retaining the ACTIVE indicator 
PASS No unhandled JavaScript exceptions in the economy/browser audit 
{
  "passed": 26,
  "failed": 0,
  "browser": "144.0.7559.96",
  "unhandledErrors": []
}
