{
  "scope": "Controlled 12-card browser profile with four-layer music and real typing\nfeedback. Diagnostic fixtures hold positions and replenish cards; scores/Enter,\nrenderer, DOM and synthesis are shipping code. Not a human run or device benchmark.\n",
  "shippingSHA256": "20fc008eb03457a471d8d327637897c629d9644331232a0242934cea854c9c4d",
  "browser": "144.0.7559.96",
  "viewport": {
    "width": 1440,
    "height": 1040
  },
  "frameIntervals": 600,
  "averageFPS": 58.54,
  "medianFrameMs": 16.69999999999891,
  "p95FrameMs": 16.800000000000182,
  "maxFrameMs": 50,
  "medianCanvasDrawMs": 0.7000000000698492,
  "pressure": 95,
  "audioSources": 4,
  "peakParticles": 21,
  "peakGleams": 1,
  "peakToneVoices": 13,
  "peakNoiseVoices": 1,
  "cardRange": [
    12,
    12
  ],
  "unhandledErrors": []
}
