PASS Production title loads all artwork and accessible primary controls 
SCREENSHOT 01-title
PASS Instructions visibly explain all quick-cast keys and start keyboard play 
PASS Lowercase typing, live matching, Enter submission, and score HUD 
PASS Caret selection and Backspace preserve native word editing 
PASS Repeated Enter does not duplicate completion or score 
PASS Invalid submission applies one visible two-percent penalty 
PASS Rapid real keyboard sequence does not drop or double submissions 
PASS All four collected spell books gain stock, READY labels, and acquisition animation 
PASS Keys 1–4 cast each spell once and preserve partial word and selected range 
PASS Numeric keypad uses the same quick-cast bindings 
PASS Held spell shortcut consumes only one book 
PASS Browser modifier shortcuts do not activate spells 
PASS Clicking a spell casts and returns focus without erasing input 
PASS Empty inventory produces feedback without a penalty or lost word 
PASS Empty-field FIRE and empty-pile WIND do not waste inventory 
PASS ICE freezes, shows countdown, rejects active recast, and returns to READY 
PASS SLOW reduces movement and arrivals while displaying active time 
PASS Five live paper-pile bands drive distinct Storykeeper expression assets 
PASS Critical WIND rescue hint, pile clearance, relief, and recovery are synchronized 
PASS Reduced motion removes ready animation without removing status or expressions 
PASS Escape pause preserves word, falling state, and magic timers 
PASS Window focus loss pauses safely with an explicit resume action 
PASS Typed FIRE resolves a real FIRE word before attempting a spell command 
PASS Stage completion awards stars, celebrates, bookmarks, and carries resources 
PASS Continue restores a real stage-boundary bookmark rather than resetting the run 
PASS Starting over from records protects an existing bookmark with confirmation 
PASS Eight-wing atlas shows medals, stage requirements, and genuine locked stages 
PASS Atlas practice grants a starter kit and stores a separate one-stage result 
PASS Archive trials visibly label their wave-based stage rule 
PASS Stage 48 has a campaign finale and unlocks a separate endless run 
PASS Defeat expression, single result save, and clean restart are connected 
PASS Settings keep pulse and animation controls independent and apply pace to new runs 
PASS Modal keyboard focus cycles within the visible controls 
PASS Gesture-unlocked sound bus obeys mute and unmute controls 
PASS Hall of records filters real scores by mode, pace, and time period 
PASS Save export and file-input import round-trip without duplicate records 
PASS Malformed save file produces a contained error without losing current data 
PASS Destructive score clear requires confirmation and leaves mastery progress intact 
PASS Exported save restores genuine records and stars in a fresh document 
PASS Narrow viewport preserves the 4:3 composition without horizontal overflow 
PASS Wide word cards retain measurable text padding with live serif typography 
PASS A new run clears WIND relief and every previous facial reaction 
PASS An endless-mode restart remains endless rather than changing game modes 
PASS Long-session word-card texture cache remains within a 32 MiB budget 
PASS No unhandled application JavaScript errors during the interaction audit 
PERFORMANCE SAMPLE RECEIVED 180
SCREENSHOT 02-gameplay-ready
SCREENSHOT 03-ice-active
SCREENSHOT 04-critical
SCREENSHOT 05-atlas
SCREENSHOT 06-guide
SCREENSHOT 07-settings
SCREENSHOT 08-stage-clear
SCREENSHOT 09-records
{
  "mode": "embedded PLAY.html; diagnostic guard enabled in memory",
  "browserVersion": "144.0.7559.96",
  "passed": 45,
  "failed": 0
}
PERFORMANCE 42.28 50 0.7
