PASS Built browser contains the new versioned mechanics, not the v3 bundle 
PASS Book availability distinguishes STORED from actionable READY 
PASS ICE plus SLOW queues visibly, rejects recast, then starts the saved duration 
PASS Pause and resume preserve queued spells and their exact timers 
PASS Real Enter immediately after landing applies no second typo penalty 
PASS The late-entry guard does not turn into permanent forgiveness 
PASS FIRE preserves typing and its cleared target is not penalized on immediate Enter 
PASS Typing after Tab lands on a spell returns to the word without dropping a letter 
PASS Returning from a spell with selected text preserves replacement editing 
PASS An empty playfield refills promptly after a correct word 
PASS Archive trial rest is signposted in the existing wave indicator 
PASS Final-word quota drains cleanly without spawning disposable extra cards 
PASS Chapter-one failure offers Retry rather than forcing a fresh campaign 
PASS Retry restores chapter resources and the identical opening word, without score farming 
PASS Play from post-defeat Records cannot silently replace the retry bookmark 
PASS How to play respects an existing Continue bookmark 
PASS Finale rejects repeated next-chapter actions rather than leaking into chapter 49 
PASS Practice records compare only the selected chapter 
PASS Practice stars survive save import without unlocking an uncleared campaign chapter 
PASS Continued old-rule scores are clearly archived instead of claiming a new-rule best 
PASS Ending Endless voluntarily records the score exactly once as retired 
PASS A storage-blocked browser does not falsely claim chapter progress was persisted 
PASS Holding Enter across a chapter transition does not advance twice or add a typo 
PASS Changing next-run difficulty in a paused menu never changes the active board 
PASS Concurrent spells and streaks share one non-overlapping feedback banner 
PASS Unchanged playfield layout renders queued spell feedback without overflow 
PASS No unhandled JavaScript exceptions in the mechanics browser audit 
{
  "browser": "144.0.7559.96",
  "passed": 27,
  "failed": 0
}
