┌─────────┬───────────┬─────┬────────────┬───────────────┬───────────┬──────┬───────────────┬────────────┬───────────┐
│ (index) │ pace      │ wpm │ strategy   │ windThreshold │ completed │ runs │ medianChapter │ range      │ meanWinds │
├─────────┼───────────┼─────┼────────────┼───────────────┼───────────┼──────┼───────────────┼────────────┼───────────┤
│ 0       │ 'relaxed' │ 40  │ 'reactive' │ 38            │ 0         │ 5    │ 20            │ [ 19, 22 ] │ 2.4       │
│ 1       │ 'relaxed' │ 40  │ 'conserve' │ 70            │ 0         │ 5    │ 21            │ [ 19, 22 ] │ 2.6       │
│ 2       │ 'relaxed' │ 60  │ 'reactive' │ 38            │ 3         │ 5    │ 48            │ [ 40, 48 ] │ 3.2       │
│ 3       │ 'relaxed' │ 60  │ 'conserve' │ 70            │ 4         │ 5    │ 48            │ [ 40, 48 ] │ 2.2       │
│ 4       │ 'relaxed' │ 90  │ 'reactive' │ 38            │ 5         │ 5    │ 48            │ [ 48, 48 ] │ 1         │
│ 5       │ 'relaxed' │ 90  │ 'conserve' │ 70            │ 5         │ 5    │ 48            │ [ 48, 48 ] │ 0         │
│ 6       │ 'classic' │ 40  │ 'reactive' │ 38            │ 0         │ 5    │ 11            │ [ 10, 12 ] │ 2.4       │
│ 7       │ 'classic' │ 40  │ 'conserve' │ 70            │ 0         │ 5    │ 12            │ [ 10, 12 ] │ 2.2       │
│ 8       │ 'classic' │ 60  │ 'reactive' │ 38            │ 0         │ 5    │ 21            │ [ 20, 22 ] │ 2         │
│ 9       │ 'classic' │ 60  │ 'conserve' │ 70            │ 0         │ 5    │ 21            │ [ 20, 23 ] │ 2         │
│ 10      │ 'classic' │ 90  │ 'reactive' │ 38            │ 1         │ 5    │ 45            │ [ 40, 48 ] │ 3.4       │
│ 11      │ 'classic' │ 90  │ 'conserve' │ 70            │ 1         │ 5    │ 46            │ [ 40, 48 ] │ 2.4       │
│ 12      │ 'maniac'  │ 40  │ 'reactive' │ 38            │ 0         │ 5    │ 8             │ [ 8, 9 ]   │ 2.6       │
│ 13      │ 'maniac'  │ 40  │ 'conserve' │ 70            │ 0         │ 5    │ 8             │ [ 8, 9 ]   │ 2.4       │
│ 14      │ 'maniac'  │ 60  │ 'reactive' │ 38            │ 0         │ 5    │ 15            │ [ 13, 16 ] │ 2.8       │
│ 15      │ 'maniac'  │ 60  │ 'conserve' │ 70            │ 0         │ 5    │ 15            │ [ 13, 16 ] │ 2.2       │
│ 16      │ 'maniac'  │ 90  │ 'reactive' │ 38            │ 0         │ 5    │ 28            │ [ 27, 29 ] │ 2.8       │
│ 17      │ 'maniac'  │ 90  │ 'conserve' │ 70            │ 0         │ 5    │ 28            │ [ 27, 29 ] │ 2.4       │
└─────────┴───────────┴─────┴────────────┴───────────────┴───────────┴──────┴───────────────┴────────────┴───────────┘
