{"name": "3.5 identity and clean first-load contextual prompts", "status": "PASS", "seconds": 0.032}
{"name": "First exact word reveals ENTER \u00b7 SAVE; no auto-submit, focus theft or repeat tutorial", "status": "PASS", "seconds": 1.666}
{"name": "The genuine sixth-card ICE opportunity teaches only when ready and preserves scarce economy", "status": "PASS", "seconds": 4.473}
{"name": "One star / 100% result explicitly shows three misses and the exact next-star requirement", "status": "PASS", "seconds": 0.405}
{"name": "Both miss and wrong-submission deficits are explained; no fake improvement is shown", "status": "PASS", "seconds": 0.066}
{"name": "Real star gains and +120 scoped PB appear once using previous values, including return from map", "status": "PASS", "seconds": 0.47}
{"name": "Practice attempts cannot beat or relabel a campaign PB; a tied repeat does not celebrate", "status": "PASS", "seconds": 0.132}
{"name": "8/16/64 model milestones, sound and visual stamp agree; 5/15/63/72 do not falsely celebrate", "status": "PASS", "seconds": 0.862}
{"name": "Continue preserves an existing multiplier without re-awarding its animation or sound", "status": "PASS", "seconds": 0.032}
{"name": "14px effective key labels, single-line long words and unclipped captions at four viewport sizes", "status": "FAIL", "error": "AssertionError({'size': [1280, 720], 'labels': [{'name': 'trial-indicator', 'font': 13.999978059783937, 'overflow': False}, {'name': 'spell-ready', 'font': 12.515555013020833, 'overflow': False}, {'name': 'book-count', 'font': 13.999978059783937, 'overflow': False}, {'name': 'spell-command', 'font': 13.999978059783937, 'overflow': False}, {'name': 'spell-use', 'font': 13.999978059783937, 'overflow': False}, {'name': 'spell-ready', 'font': 12.515555013020833, 'overflow': False}, {'name': 'book-count', 'font': 13.999978059783937, 'overflow': False}, {'name': 'spell-command', 'font': 13.999978059783937, 'overflow': False}, {'name': 'spell-use', 'font': 13.999978059783937, 'overflow': False}, {'name': 'spell-ready', 'font': 12.515555013020833, 'overflow': False}, {'name': 'book-count', 'font': 13.999978059783937, 'overflow': False}, {'name': 'spell-command', 'font': 13.999978059783937, 'overflow': False}, {'name': 'spell-use', 'font': 13.999978059783937, 'overflow': False}, {'name': 'spell-ready', 'font': 12.515555013020833, 'overflow': False}, {'name': 'spell-ready rescue-hint', 'font': 12.515555013020833, 'overflow': False}, {'name': 'book-count', 'font': 13.999978059783937, 'overflow': False}, {'name': 'spell-command', 'font': 13.999978059783937, 'overflow': False}, {'name': 'spell-use', 'font': 13.999978059783937, 'overflow': False}], 'usage': [{'x': 235.2052001953125, 'right': 336.89410400390625, 'bottom': 695.0599975585938, 'overflow': False}, {'x': 338.45855712890625, 'right': 440.1474304199219, 'bottom': 695.0599975585938, 'overflow': False}, {'x': 841.4274291992188, 'right': 943.1163330078125, 'bottom': 695.0599975585938, 'overflow': False}, {'x': 944.6807250976562, 'right': 1046.36962890625, 'bottom': 695.0599975585938, 'overflow': False}]})", "seconds": 0.217}
{"name": "All seven intermediate wings celebrate, keyboard-skip safely and continue to the correct next chapter", "status": "PASS", "seconds": 4.702}
{"name": "Campaign 48 plays the complete four-second finale, lights all eight seals and opens Endless", "status": "PASS", "seconds": 4.582}
{"name": "Practice 48 and Endless never trigger or claim the campaign ending", "status": "PASS", "seconds": 0.179}
{"name": "Reduced motion immediately presents a static complete ending with usable keyboard navigation", "status": "PASS", "seconds": 0.331}
{"name": "Held Enter does not skip; Escape/button skip once and old ceremonies cannot reopen a later menu", "status": "PASS", "seconds": 4.849}
{"name": "Visibility-change fixture suspends ceremony time and resumes without progressing gameplay", "status": "PASS", "seconds": 0.8}
{"name": "Actual WebAudio finale motif schedules and cancels cleanly; independent SFX-off keeps the visual reward", "status": "PASS", "seconds": 0.492}
  elemental fixture: start FIRE
  elemental fixture: advance replacement
  elemental fixture: start ICE
  elemental fixture: type frozen word
{"name": "Object-bound FIRE preserves input and replacement rules; frozen long words remain typable", "status": "PASS", "seconds": 1.278}
{"name": "Actual export contains compatible save schema, correctly scoped PBs and genuine word seeds", "status": "PASS", "seconds": 0.012}
{
  "version": "3.6.2",
  "mode": "standalone",
  "scope": "3.5 clarity/mastery/homecoming browser integration.\nActual shipping HTML or ES modules via in-memory transport; only the existing\nlocalhost diagnostic guard and asset/import locations are adapted. Controlled\nchapter-ending fixtures are explicitly not human campaigns. No fake game, draw,\nDOM, audio or save implementations. about:blank disallows native localStorage;\npersistence is covered separately by the actual LocalStore tests with adapters.\n",
  "browser": "144.0.7559.96",
  "shippingSHA256": "5a2350faf462c12a197b093645951b80553c25756f1f875ed9406df97ef8e5a3",
  "passed": 18,
  "failed": 1,
  "unhandledErrors": []
}
