{"name": "Current 3.6.2 identity, retained ruleset and zero-stock campaign start", "status": "PASS", "seconds": 0.014}
{"name": "Common prefix inks both candidates but brackets only the model-priority target", "status": "PASS", "seconds": 0.61}
{"name": "Native Backspace corrects and retargets shared prefixes without an error penalty", "status": "PASS", "seconds": 0.132}
{"name": "Exact BOOK wins over lower BOOKCASE for brackets, ready sound and the unchanged Enter result", "status": "PASS", "seconds": 0.611}
{"name": "Batched input/Enter feedback resolves the real saved word without changing the model outcome", "status": "PASS", "seconds": 0.035}
{"name": "Complete ink/check mark stays ready until Enter; no auto-submit or score delay", "status": "PASS", "seconds": 0.745}
{"name": "Real changed input alternates mechanical taps; native erase has a distinct bounded response", "status": "PASS", "seconds": 0.272}
{"name": "Enter awards exact points immediately; release keeps last-painted origin, scale and keyboard focus", "status": "PASS", "seconds": 1.013}
{"name": "Typing the next word interrupts carriage return without locking or losing input", "status": "PASS", "seconds": 0.103}
{"name": "Wrong submission stays a 2% error; no fake missed-word flight or random target", "status": "PASS", "seconds": 0.12}
{"name": "A real missed word lands, settles once and preserves the exact miss cost; landing foley follows contact", "status": "PASS", "seconds": 1.633}
{"name": "Pause freezes the physical landing, machine and stack; Resume finishes once without lost model time", "status": "PASS", "seconds": 0.908}
{"name": "WIND cancels in-flight paper and pending landing sound without clearing the typed buffer", "status": "PASS", "seconds": 0.669}
{"name": "Reduced motion cancels moving effects immediately while retaining ink, selection and physical pressure", "status": "PASS", "seconds": 0.535}
{"name": "ICE freezes world movement, never the typing machine, input or scoring", "status": "PASS", "seconds": 0.354}
{"name": "FIRE uses paper-local burns, earns no score/progress and keeps the existing input", "status": "PASS", "seconds": 1.227}
{"name": "Late Enter remains a single miss; feedback cannot refund, duplicate or double-penalize it", "status": "PASS", "seconds": 0.082}
{"name": "Stress burst stays inside six score labels, 18 releases and the retained 180-particle budget", "status": "PASS", "seconds": 1.436}
{"name": "Word-origin score labels are suppressed instead of covering a live word", "status": "PASS", "seconds": 0.031}
{"name": "72 native ink layouts retain complete single-row words and protected glyph bounds on all materials", "status": "PASS", "seconds": 0.137}
{"name": "High-pressure play at six desktop sizes keeps pile/input/SLOW/Score Chase separation", "status": "PASS", "seconds": 2.723}
{"name": "Pressure 0\u2192100 maps monotonically to the physical stack without changing meter thresholds", "status": "PASS", "seconds": 0.442}
{"name": "Menu/new run clears mechanical, target and landing residue without replaying previous events", "status": "PASS", "seconds": 0.079}
{"name": "Muting before contact drops landing sound; unmute does not replay a stale cue", "status": "PASS", "seconds": 0.654}
{"name": "Twelve-card readable stress scene preserves target uniqueness and never lets render effects mutate the model", "status": "PASS", "seconds": 0.491}
{"name": "Normally earned sixth opening card is still ICE; feedback does not manufacture resources", "status": "PASS", "seconds": 0.229}
{"passed": 26, "failed": 0}
