{"name": "New player retains one-click Play; no unsolicited popup or duplicate restart", "status": "PASS", "seconds": 0.304}
{"name": "Returning player sees Continue first and an explicit Chapter 1 option in the main actions", "status": "PASS", "seconds": 0.408}
{"name": "Confirmation names the replaced checkpoint, explains what stays, and defaults to cancel", "status": "PASS", "seconds": 0.502}
{"name": "Cancel by button keeps every save byte and restores focus to the entry choice", "status": "PASS", "seconds": 0.284}
{"name": "Cancel by escape keeps every save byte and restores focus to the entry choice", "status": "PASS", "seconds": 0.259}
{"name": "Cancel by close keeps every save byte and restores focus to the entry choice", "status": "PASS", "seconds": 0.284}
{"name": "Cancel by enter keeps every save byte and restores focus to the entry choice", "status": "PASS", "seconds": 0.555}
{"name": "Confirmation traps keyboard focus and never defaults Enter to the destructive action", "status": "PASS", "seconds": 0.167}
{"name": "classic: actual confirm starts Chapter 1, resets only the attempt and retains all collections/BEST", "status": "PASS", "seconds": 0.294}
{"name": "relaxed: actual confirm starts Chapter 1, resets only the attempt and retains all collections/BEST", "status": "PASS", "seconds": 0.31}
{"name": "maniac: actual confirm starts Chapter 1, resets only the attempt and retains all collections/BEST", "status": "PASS", "seconds": 0.34}
{"name": "Actual confirmation makes one complete checkpoint write with no deletion window", "status": "PASS", "seconds": 0.258}
{"name": "Duplicate or stale fresh-start events cannot restart an already-running campaign", "status": "PASS", "seconds": 0.253}
{"name": "A stale confirmation after cancellation is inert", "status": "PASS", "seconds": 0.183}
{"name": "Continue still resumes the exact old chapter/score/seed without starting over", "status": "PASS", "seconds": 0.184}
{"name": "After starting again, main-menu Continue clearly points to Chapter 1", "status": "PASS", "seconds": 0.347}
{"name": "Restart \u2192 Chapters \u2192 Chapter 12 practice \u2192 Continue returns to the fresh campaign, with no relock", "status": "PASS", "seconds": 0.857}
{"name": "Starting again preserves existing unlocks but does not unlock unearned chapters", "status": "PASS", "seconds": 0.652}
{"name": "Replaying Chapter 1 with worse mastery advances the new checkpoint without downgrading old stars", "status": "PASS", "seconds": 0.398}
{"name": "Late-chapter practice clear/retry never replaces the restarted campaign checkpoint", "status": "PASS", "seconds": 0.452}
{"name": "Completed campaign without a checkpoint can restart while all 48 chapters and Endless stay unlocked", "status": "PASS", "seconds": 0.449}
{"name": "A saved Chapter 48 run is replaced only after explicit confirmation, never its unlocks", "status": "PASS", "seconds": 0.271}
{"name": "Restarting Classic leaves Relaxed and Maniac checkpoints untouched", "status": "PASS", "seconds": 0.276}
{"name": "Entry choices follow the selected difficulty without affecting another difficulty\u2019s progress", "status": "PASS", "seconds": 0.431}
{"name": "An obsolete confirmation cannot silently restart a different difficulty", "status": "PASS", "seconds": 0.249}
{"name": "Cancel from game-over returns to that result, retaining Retry and avoiding duplicate records", "status": "PASS", "seconds": 0.388}
{"name": "Cancel from Records restores the originating screen and live paused input, not the menu", "status": "PASS", "seconds": 0.525}
{"name": "Five fresh journeys retain lifetime data and produce distinct randomized attempts", "status": "PASS", "seconds": 1.005}
{"name": "Real export/import and full app relaunch from a serialized adapter preserve new checkpoint and old mastery", "status": "PASS", "seconds": 2.101}
{"name": "Older compatible saves without the newer PB collections still expose safe restart", "status": "PASS", "seconds": 0.518}
{"name": "Invalid save import neither resets existing progress nor changes Continue", "status": "PASS", "seconds": 0.269}
{"name": "Save denial is disclosed; old persisted bytes survive and current-session unlocks remain usable", "status": "PASS", "seconds": 0.25}
{"name": "No clock, score or spell state moves while the restart question is open", "status": "PASS", "seconds": 0.438}
{"name": "Modified Escape does not accidentally accept or cancel the question", "status": "PASS", "seconds": 0.182}
{"name": "Returning menu and confirmation fit and hit-test at 1920\u00d71080", "status": "PASS", "seconds": 0.828}
{"name": "Returning menu and confirmation fit and hit-test at 1440\u00d7900", "status": "PASS", "seconds": 0.67}
{"name": "Returning menu and confirmation fit and hit-test at 1366\u00d7768", "status": "PASS", "seconds": 0.849}
{"name": "Returning menu and confirmation fit and hit-test at 1280\u00d7720", "status": "PASS", "seconds": 0.63}
{"name": "Returning menu and confirmation fit and hit-test at 1024\u00d7768", "status": "PASS", "seconds": 0.603}
{"name": "Returning menu and confirmation fit and hit-test at 1024\u00d7600", "status": "PASS", "seconds": 0.551}
{"name": "Returning menu and confirmation fit and hit-test at 800\u00d7600", "status": "PASS", "seconds": 0.737}
{"name": "Returning menu and confirmation fit and hit-test at 960\u00d7540", "status": "PASS", "seconds": 0.579}
{"name": "Returning menu and confirmation fit and hit-test at 640\u00d7480", "status": "PASS", "seconds": 0.501}
{"name": "Returning menu and confirmation fit and hit-test at 2560\u00d71080", "status": "PASS", "seconds": 0.762}
{"name": "Returning menu and confirmation fit and hit-test at 768\u00d71024", "status": "PASS", "seconds": 0.539}
{"name": "Returning menu and confirmation fit and hit-test at 360\u00d7640", "status": "PASS", "seconds": 0.515}
{"name": "Completed campaign menu retains every action at 1366\u00d7768", "status": "PASS", "seconds": 0.876}
{"name": "Completed campaign menu retains every action at 1024\u00d7600", "status": "PASS", "seconds": 0.51}
{"name": "Completed campaign menu retains every action at 800\u00d7600", "status": "PASS", "seconds": 0.687}
{"name": "High contrast and reduced motion retain the same readable and safe restart path", "status": "PASS", "seconds": 0.547}
{"name": "Last requested READY/RESCUE placement remains above, not on top of, the book art", "status": "PASS", "seconds": 0.579}
{"passed": 51, "failed": 0, "pageerrors": []}
