{"name": "Shipping version and initialized diagnostics identify v3.6.2", "status": "PASS", "seconds": 0.011}
{"name": "First genuinely earned ICE waits for notifications and teaches in the clear desk, never over live words", "status": "PASS", "seconds": 5.358}
{"name": "HUD 1920\u00d71080, pile 0%, stock 0: separated status, key, caption and safe field", "status": "PASS", "seconds": 0.379}
{"name": "HUD 1920\u00d71080, pile 95%, stock 2: separated status, key, caption and safe field", "status": "PASS", "seconds": 0.319}
{"name": "HUD 1440\u00d7900, pile 0%, stock 0: separated status, key, caption and safe field", "status": "PASS", "seconds": 0.297}
{"name": "HUD 1440\u00d7900, pile 95%, stock 2: separated status, key, caption and safe field", "status": "PASS", "seconds": 0.285}
{"name": "HUD 1366\u00d7768, pile 0%, stock 0: separated status, key, caption and safe field", "status": "PASS", "seconds": 0.641}
{"name": "HUD 1366\u00d7768, pile 95%, stock 2: separated status, key, caption and safe field", "status": "PASS", "seconds": 0.587}
{"name": "HUD 1280\u00d7720, pile 0%, stock 0: separated status, key, caption and safe field", "status": "PASS", "seconds": 0.547}
{"name": "HUD 1280\u00d7720, pile 95%, stock 2: separated status, key, caption and safe field", "status": "PASS", "seconds": 0.575}
{"name": "HUD 1024\u00d7768, pile 0%, stock 0: separated status, key, caption and safe field", "status": "PASS", "seconds": 0.248}
{"name": "HUD 1024\u00d7768, pile 95%, stock 2: separated status, key, caption and safe field", "status": "PASS", "seconds": 0.263}
{"name": "HUD 1024\u00d7600, pile 0%, stock 0: separated status, key, caption and safe field", "status": "PASS", "seconds": 0.258}
{"name": "HUD 1024\u00d7600, pile 95%, stock 2: separated status, key, caption and safe field", "status": "PASS", "seconds": 0.246}
{"name": "HUD 800\u00d7600, pile 0%, stock 0: separated status, key, caption and safe field", "status": "PASS", "seconds": 0.42}
{"name": "HUD 800\u00d7600, pile 95%, stock 2: separated status, key, caption and safe field", "status": "PASS", "seconds": 0.438}
{"name": "HUD 960\u00d7540, pile 0%, stock 0: separated status, key, caption and safe field", "status": "PASS", "seconds": 0.257}
{"name": "HUD 960\u00d7540, pile 95%, stock 2: separated status, key, caption and safe field", "status": "PASS", "seconds": 0.254}
{"name": "HUD 640\u00d7480, pile 0%, stock 0: separated status, key, caption and safe field", "status": "PASS", "seconds": 0.266}
{"name": "HUD 640\u00d7480, pile 95%, stock 2: separated status, key, caption and safe field", "status": "PASS", "seconds": 0.267}
{"name": "HUD 2560\u00d71080, pile 0%, stock 0: separated status, key, caption and safe field", "status": "PASS", "seconds": 0.346}
{"name": "HUD 2560\u00d71080, pile 95%, stock 2: separated status, key, caption and safe field", "status": "PASS", "seconds": 0.336}
{"name": "HUD 768\u00d71024, pile 0%, stock 0: separated status, key, caption and safe field", "status": "PASS", "seconds": 0.26}
{"name": "HUD 768\u00d71024, pile 95%, stock 2: separated status, key, caption and safe field", "status": "PASS", "seconds": 0.251}
{"name": "HUD 360\u00d7640, pile 0%, stock 0: separated status, key, caption and safe field", "status": "PASS", "seconds": 0.239}
{"name": "HUD 360\u00d7640, pile 95%, stock 2: separated status, key, caption and safe field", "status": "PASS", "seconds": 0.246}
{"name": "High-contrast 720p HUD preserves spacing and equivalent rescue information", "status": "PASS", "seconds": 0.56}
{"name": "Rescue has one home and never requests unavailable, cooling-down or empty WIND", "status": "PASS", "seconds": 0.174}
{"name": "ICE active / SLOW queued labels fit at 600p and pause/resume preserves the typed buffer", "status": "PASS", "seconds": 0.723}
{"name": "Last live ICE/SLOW lettering remains clear of the above-cover book status tabs", "status": "PASS", "seconds": 0.579}
{"name": "All four hover descriptions use the clear center desk; keyboard focus wins over pointer", "status": "PASS", "seconds": 4.261}
{"name": "Context notices never stack over help or dialog actions; real invalid/valid save import and export", "status": "PASS", "seconds": 0.706}
{"name": "settings dialog 1366\u00d7768: readable flow, scrollable actions and no control clipping", "status": "PASS", "seconds": 1.384}
{"name": "how dialog 1366\u00d7768: readable flow, scrollable actions and no control clipping", "status": "PASS", "seconds": 0.925}
{"name": "about dialog 1366\u00d7768: readable flow, scrollable actions and no control clipping", "status": "PASS", "seconds": 0.92}
{"name": "records dialog 1366\u00d7768: readable flow, scrollable actions and no control clipping", "status": "PASS", "seconds": 1.197}
{"name": "map dialog 1366\u00d7768: readable flow, scrollable actions and no control clipping", "status": "PASS", "seconds": 1.543}
{"name": "settings dialog 1024\u00d7600: readable flow, scrollable actions and no control clipping", "status": "PASS", "seconds": 1.127}
{"name": "how dialog 1024\u00d7600: readable flow, scrollable actions and no control clipping", "status": "PASS", "seconds": 0.821}
{"name": "about dialog 1024\u00d7600: readable flow, scrollable actions and no control clipping", "status": "PASS", "seconds": 0.792}
{"name": "records dialog 1024\u00d7600: readable flow, scrollable actions and no control clipping", "status": "PASS", "seconds": 1.075}
{"name": "map dialog 1024\u00d7600: readable flow, scrollable actions and no control clipping", "status": "PASS", "seconds": 1.315}
{"name": "settings dialog 640\u00d7480: readable flow, scrollable actions and no control clipping", "status": "PASS", "seconds": 1.132}
{"name": "how dialog 640\u00d7480: readable flow, scrollable actions and no control clipping", "status": "PASS", "seconds": 0.728}
{"name": "about dialog 640\u00d7480: readable flow, scrollable actions and no control clipping", "status": "PASS", "seconds": 0.787}
{"name": "records dialog 640\u00d7480: readable flow, scrollable actions and no control clipping", "status": "PASS", "seconds": 1.037}
{"name": "map dialog 640\u00d7480: readable flow, scrollable actions and no control clipping", "status": "PASS", "seconds": 1.306}
{"name": "Settings tabs preserve focus, all three layouts fit, and toggles remain actual controls", "status": "PASS", "seconds": 3.675}
{"name": "Records filters keep focus and long chapter titles have a full-width native selector", "status": "PASS", "seconds": 1.507}
{"name": "Ten populated large-score records stay within table cells; cancelling clear preserves records", "status": "PASS", "seconds": 1.627}
{"name": "All eight restored wing tabs preserve focus and all 48 mastery tiles fit without duplicate locked text", "status": "PASS", "seconds": 11.894}
{"name": "Expanded How-to remains scrollable; native summary, Tab / Shift-Tab and Escape respect the modal", "status": "PASS", "seconds": 1.309}
{"name": "Pause / quit / cancel / fresh-start confirmation have reachable actions and preserve input", "status": "PASS", "seconds": 2.421}
{"name": "One-star explanation and eight-seal finale at 1366\u00d7768: no text clipping, all actions reachable", "status": "PASS", "seconds": 1.985}
{"name": "One-star explanation and eight-seal finale at 1280\u00d7720: no text clipping, all actions reachable", "status": "PASS", "seconds": 1.781}
{"name": "One-star explanation and eight-seal finale at 1024\u00d7600: no text clipping, all actions reachable", "status": "PASS", "seconds": 1.562}
{"name": "One-star explanation and eight-seal finale at 640\u00d7480: no text clipping, all actions reachable", "status": "PASS", "seconds": 1.519}
{"name": "Animated finale can be skipped at 720p; practice 48 retains ordinary results", "status": "PASS", "seconds": 1.869}
{"name": "Long-score game-over and retry at 600p remain operable and restart the same chapter", "status": "PASS", "seconds": 1.005}
{"name": "Live resize / orientation changes alter only layout, never rules, word positions or typed progress", "status": "PASS", "seconds": 0.454}
{"name": "All 48 chapter titles, practice prefixes and readable quotas fit; a trillion-scale score stays separate", "status": "PASS", "seconds": 5.254}
{"name": "DPR 2 rendering retains measured CSS gaps; browser emulation is not a Retina hardware certification", "status": "FAIL", "error": "AssertionError()", "trace": "Traceback (most recent call last):\n  File \"/mnt/data/restart_work/Typekeeper_Enchanted_Library_v3_6_2/e2e/ui_spacing_tests.py\", line 37, in check\n    try:fn();assert not errors,errors;row={'name':name,'status':'PASS','seconds':round(time.monotonic()-started,3)}\n        ~~^^\n  File \"/mnt/data/restart_work/Typekeeper_Enchanted_Library_v3_6_2/e2e/ui_spacing_tests.py\", line 274, in dpr\n    cap=q.evaluate(rect_js,'.meter-caption');ready=q.evaluate(rect_js,'#rescue-hint');assert ready['y']-cap['bottom']>60\n                                                                                             ^^^^^^^^^^^^^^^^^^^^^^^^^^^\nAssertionError\n", "seconds": 2.176}
{
  "version": "3.6.2",
  "mode": "standalone",
  "scope": "v3.6.2 Breathing Room: rendered UI geometry and real input regression.\nShipping standalone/Blob modules; no substitute UI, model, audio or DOM handlers.\nControlled test stock and end-of-chapter fixtures are not human play sessions.\nThe in-memory transport has no persistent browser origin; actual save import /\nexport is exercised, native storage and OS/browser certification are not claimed.\n",
  "browser": "144.0.7559.96",
  "shippingSHA256": "5a2350faf462c12a197b093645951b80553c25756f1f875ed9406df97ef8e5a3",
  "passed": 61,
  "failed": 1,
  "unhandledErrors": []
}
