{"name": "Exact shipping v3.4.0 starts, with matching runtime identity", "status": "PASS", "seconds": 0.003}
{"name": "Level 5 at 13/14: WIND on an empty field does not stop real RAF; final word and level 6 follow", "status": "PASS", "seconds": 1.848}
{"name": "FIRE destroys the last candidate without progress; its replacement permits completion", "status": "PASS", "seconds": 0.461}
{"name": "An empty field under ICE resumes generation after the real six-second expiry", "status": "PASS", "seconds": 0.155}
{"name": "ICE + queued SLOW + WIND on the final gap resumes and completes without extra rewards", "status": "PASS", "seconds": 0.465}
{"name": "SLOW + FIRE + WIND respects recovery timing and still spawns the final replacement", "status": "PASS", "seconds": 0.48}
{"name": "Missing the final word keeps 13/14, then replaces it; no silent quota consumption", "status": "PASS", "seconds": 0.397}
{"name": "Pause on an empty frozen field consumes neither time nor spawn opportunity; Resume recovers", "status": "PASS", "seconds": 0.466}
{"name": "Retry after a 13/14 loss and Continue both restore a functioning generator and opening state", "status": "PASS", "seconds": 0.096}
{"name": "All 48 animated endings with four-spell combination, final entry, and next-stage/finale UI", "status": "PASS", "seconds": 12.52}
BROWSER QA campaign 1/48
BROWSER QA campaign 2/48
BROWSER QA campaign 3/48
BROWSER QA campaign 4/48
BROWSER QA campaign 5/48
BROWSER QA campaign 6/48
BROWSER QA campaign 7/48
BROWSER QA campaign 8/48
BROWSER QA campaign 9/48
BROWSER QA campaign 10/48
BROWSER QA campaign 11/48
BROWSER QA campaign 12/48
BROWSER QA campaign 13/48
BROWSER QA campaign 14/48
BROWSER QA campaign 15/48
BROWSER QA campaign 16/48
BROWSER QA campaign 17/48
BROWSER QA campaign 18/48
BROWSER QA campaign 19/48
BROWSER QA campaign 20/48
BROWSER QA campaign 21/48
BROWSER QA campaign 22/48
BROWSER QA campaign 23/48
BROWSER QA campaign 24/48
BROWSER QA campaign 25/48
BROWSER QA campaign 26/48
BROWSER QA campaign 27/48
BROWSER QA campaign 28/48
BROWSER QA campaign 29/48
BROWSER QA campaign 30/48
BROWSER QA campaign 31/48
BROWSER QA campaign 32/48
BROWSER QA campaign 33/48
BROWSER QA campaign 34/48
BROWSER QA campaign 35/48
BROWSER QA campaign 36/48
BROWSER QA campaign 37/48
BROWSER QA campaign 38/48
BROWSER QA campaign 39/48
node:events:486
      throw er; // Unhandled 'error' event
      ^

Error: write EPIPE
    at afterWriteDispatched (node:internal/stream_base_commons:159:15)
    at writeGeneric (node:internal/stream_base_commons:150:3)
    at Socket._writeGeneric (node:net:966:11)
    at Socket._write (node:net:978:8)
    at writeOrBuffer (node:internal/streams/writable:570:12)
    at _write (node:internal/streams/writable:499:10)
    at Writable.write (node:internal/streams/writable:508:10)
    at PipeTransport.send (/opt/pyvenv/lib/python3.13/site-packages/playwright/driver/package/lib/server/utils/pipeTransport.js:52:21)
    at dispatcherConnection.onmessage (/opt/pyvenv/lib/python3.13/site-packages/playwright/driver/package/lib/cli/driver.js:60:59)
    at DispatcherConnection.sendEvent (/opt/pyvenv/lib/python3.13/site-packages/playwright/driver/package/lib/server/dispatchers/dispatcher.js:180:10)
Emitted 'error' event on Socket instance at:
    at emitErrorNT (node:internal/streams/destroy:170:8)
    at emitErrorCloseNT (node:internal/streams/destroy:129:3)
    at process.processTicksAndRejections (node:internal/process/task_queues:89:21) {
  errno: -32,
  code: 'EPIPE',
  syscall: 'write'
}

Node.js v24.11.1
