{"name": "Exact shipping v3.4.0 starts, with matching runtime identity", "status": "PASS", "seconds": 0.008}
{"name": "Level 5 at 13/14: WIND on an empty field does not stop real RAF; final word and level 6 follow", "status": "PASS", "seconds": 1.823}
{"name": "FIRE destroys the last candidate without progress; its replacement permits completion", "status": "PASS", "seconds": 0.154}
{"name": "An empty field under ICE resumes generation after the real six-second expiry", "status": "PASS", "seconds": 0.595}
{"name": "ICE + queued SLOW + WIND on the final gap resumes and completes without extra rewards", "status": "PASS", "seconds": 0.197}
{"name": "SLOW + FIRE + WIND respects recovery timing and still spawns the final replacement", "status": "PASS", "seconds": 0.166}
{"name": "Missing the final word keeps 13/14, then replaces it; no silent quota consumption", "status": "PASS", "seconds": 0.118}
{"name": "Pause on an empty frozen field consumes neither time nor spawn opportunity; Resume recovers", "status": "PASS", "seconds": 0.223}
{"name": "Retry after a 13/14 loss and Continue both restore a functioning generator and opening state", "status": "PASS", "seconds": 0.413}
{"name": "All 48 animated endings with four-spell combination, final entry, and next-stage/finale UI", "status": "PASS", "seconds": 12.491}
BROWSER QA campaign 1/48
BROWSER QA campaign 2/48
BROWSER QA campaign 3/48
BROWSER QA campaign 4/48
BROWSER QA campaign 5/48
BROWSER QA campaign 6/48
BROWSER QA campaign 7/48
BROWSER QA campaign 8/48
BROWSER QA campaign 9/48
BROWSER QA campaign 10/48
BROWSER QA campaign 11/48
BROWSER QA campaign 12/48
BROWSER QA campaign 13/48
BROWSER QA campaign 14/48
BROWSER QA campaign 15/48
BROWSER QA campaign 16/48
BROWSER QA campaign 17/48
BROWSER QA campaign 18/48
