{
  "scope": "Unmodified shipping v3.3.6 model; controlled end-of-chapter fixtures plus full deterministic campaign liveness.",
  "boundaryChecks": 23040,
  "passed": 23040,
  "failed": 0,
  "scenarios": 20,
  "seeds": 8,
  "paces": 3,
  "chapters": 48,
  "maxLastWordWait": 15.05,
  "campaigns": [
    {
      "pace": "relaxed",
      "seed": 9,
      "completed": true,
      "chapters": 48,
      "phase": "level-clear",
      "level": 48,
      "steps": 81037,
      "maxEmptyGap": 6.1,
      "casts": {
        "fire": 37,
        "ice": 35,
        "slow": 37,
        "wind": 0
      }
    },
    {
      "pace": "relaxed",
      "seed": 377,
      "completed": true,
      "chapters": 48,
      "phase": "level-clear",
      "level": 48,
      "steps": 82093,
      "maxEmptyGap": 5.133,
      "casts": {
        "fire": 38,
        "ice": 38,
        "slow": 38,
        "wind": 0
      }
    },
    {
      "pace": "relaxed",
      "seed": 9991,
      "completed": true,
      "chapters": 48,
      "phase": "level-clear",
      "level": 48,
      "steps": 81517,
      "maxEmptyGap": 5.133,
      "casts": {
        "fire": 37,
        "ice": 37,
        "slow": 37,
        "wind": 0
      }
    },
    {
      "pace": "relaxed",
      "seed": 775533,
      "completed": true,
      "chapters": 48,
      "phase": "level-clear",
      "level": 48,
      "steps": 81073,
      "maxEmptyGap": 6.1,
      "casts": {
        "fire": 37,
        "ice": 37,
        "slow": 34,
        "wind": 0
      }
    },
    {
      "pace": "classic",
      "seed": 9,
      "completed": true,
      "chapters": 48,
      "phase": "level-clear",
      "level": 48,
      "steps": 76525,
      "maxEmptyGap": 3.783,
      "casts": {
        "fire": 37,
        "ice": 35,
        "slow": 37,
        "wind": 0
      }
    },
    {
      "pace": "classic",
      "seed": 377,
      "completed": true,
      "chapters": 48,
      "phase": "level-clear",
      "level": 48,
      "steps": 77641,
      "maxEmptyGap": 3.117,
      "casts": {
        "fire": 38,
        "ice": 38,
        "slow": 38,
        "wind": 0
      }
    },
    {
      "pace": "classic",
      "seed": 9991,
      "completed": true,
      "chapters": 48,
      "phase": "level-clear",
      "level": 48,
      "steps": 76993,
      "maxEmptyGap": 3.117,
      "casts": {
        "fire": 37,
        "ice": 37,
        "slow": 37,
        "wind": 0
      }
    },
    {
      "pace": "classic",
      "seed": 775533,
      "completed": true,
      "chapters": 48,
      "phase": "level-clear",
      "level": 48,
      "steps": 76537,
      "maxEmptyGap": 3.783,
      "casts": {
        "fire": 37,
        "ice": 37,
        "slow": 34,
        "wind": 0
      }
    },
    {
      "pace": "maniac",
      "seed": 9,
      "completed": true,
      "chapters": 48,
      "phase": "level-clear",
      "level": 48,
      "steps": 73609,
      "maxEmptyGap": 2.933,
      "casts": {
        "fire": 37,
        "ice": 35,
        "slow": 37,
        "wind": 0
      }
    },
    {
      "pace": "maniac",
      "seed": 377,
      "completed": true,
      "chapters": 48,
      "phase": "level-clear",
      "level": 48,
      "steps": 74773,
      "maxEmptyGap": 2.383,
      "casts": {
        "fire": 38,
        "ice": 38,
        "slow": 38,
        "wind": 0
      }
    },
    {
      "pace": "maniac",
      "seed": 9991,
      "completed": true,
      "chapters": 48,
      "phase": "level-clear",
      "level": 48,
      "steps": 74065,
      "maxEmptyGap": 2.383,
      "casts": {
        "fire": 37,
        "ice": 37,
        "slow": 37,
        "wind": 0
      }
    },
    {
      "pace": "maniac",
      "seed": 775533,
      "completed": true,
      "chapters": 48,
      "phase": "level-clear",
      "level": 48,
      "steps": 73609,
      "maxEmptyGap": 2.933,
      "casts": {
        "fire": 37,
        "ice": 37,
        "slow": 34,
        "wind": 0
      }
    }
  ],
  "ticks": 8912284,
  "simulatedSeconds": 148538,
  "wallSeconds": 4.862
}
