┌─────────┬───────────┬─────┬──────────┬───────────┬──────┬─────────────┬────────────┬──────────┬───────────────┐
│ (index) │ pace      │ wpm │ errorPct │ completed │ runs │ medianStage │ range      │ meanHeld │ medianSeconds │
├─────────┼───────────┼─────┼──────────┼───────────┼──────┼─────────────┼────────────┼──────────┼───────────────┤
│ 0       │ 'relaxed' │ 25  │ 6        │ 0         │ 5    │ 10          │ [ 8, 10 ]  │ 3.68     │ 438           │
│ 1       │ 'relaxed' │ 40  │ 4.5      │ 0         │ 5    │ 21          │ [ 19, 23 ] │ 5.43     │ 897           │
│ 2       │ 'relaxed' │ 60  │ 3        │ 2         │ 5    │ 41          │ [ 39, 48 ] │ 6.37     │ 1762          │
│ 3       │ 'relaxed' │ 90  │ 2        │ 5         │ 5    │ 48          │ [ 48, 48 ] │ 7.74     │ 1920          │
│ 4       │ 'relaxed' │ 120 │ 1.2      │ 5         │ 5    │ 48          │ [ 48, 48 ] │ 7.77     │ 1753          │
│ 5       │ 'classic' │ 25  │ 6        │ 0         │ 5    │ 4           │ [ 4, 5 ]   │ 0.85     │ 137           │
│ 6       │ 'classic' │ 40  │ 4.5      │ 0         │ 5    │ 12          │ [ 11, 13 ] │ 3.14     │ 372           │
│ 7       │ 'classic' │ 60  │ 3        │ 0         │ 5    │ 22          │ [ 19, 25 ] │ 4.81     │ 663           │
│ 8       │ 'classic' │ 90  │ 2        │ 0         │ 5    │ 43          │ [ 38, 47 ] │ 5.75     │ 1336          │
│ 9       │ 'classic' │ 120 │ 1.2      │ 5         │ 5    │ 48          │ [ 48, 48 ] │ 7.48     │ 1346          │
│ 10      │ 'maniac'  │ 25  │ 6        │ 0         │ 5    │ 4           │ [ 2, 5 ]   │ 0.28     │ 136           │
│ 11      │ 'maniac'  │ 40  │ 4.5      │ 0         │ 5    │ 9           │ [ 8, 10 ]  │ 2        │ 244           │
│ 12      │ 'maniac'  │ 60  │ 3        │ 0         │ 5    │ 15          │ [ 13, 18 ] │ 3.85     │ 379           │
│ 13      │ 'maniac'  │ 90  │ 2        │ 0         │ 5    │ 29          │ [ 27, 30 ] │ 5.16     │ 692           │
│ 14      │ 'maniac'  │ 120 │ 1.2      │ 1         │ 5    │ 46          │ [ 45, 48 ] │ 5.7      │ 1191          │
└─────────┴───────────┴─────┴──────────┴───────────┴──────┴─────────────┴────────────┴──────────┴───────────────┘
Runs 75 chapter sweeps 432 wall seconds 4
