{"name": "Exact 3.5.2 runtime: one integrated score panel, visible even in focused HUD", "status": "PASS", "seconds": 0.221}
{"name": "First run remains FIRST RUN after scoring; no fake zero target or premature save", "status": "PASS", "seconds": 0.082}
{"name": "Running total and frozen baseline remain exact when stored best changes mid-attempt", "status": "PASS", "seconds": 0.05}
{"name": "90 percent is a soft state; equal score is not a record", "status": "PASS", "seconds": 0.063}
{"name": "Real Enter crossing: +30, one restrained pulse/sound, frozen target and uninterrupted typing", "status": "PASS", "seconds": 1.213}
{"name": "A genuine recorded zero is distinguishable from no record", "status": "PASS", "seconds": 0.046}
{"name": "Reduced motion removes movement; high contrast keeps explicit NEW BEST text", "status": "PASS", "seconds": 0.396}
{"name": "Changing reduced motion during a live celebration cancels score motion immediately", "status": "PASS", "seconds": 0.071}
{"name": "Pause/resume preserves frozen target and does not replay its celebration", "status": "PASS", "seconds": 0.441}
{"name": "Next-run difficulty settings and detailed HUD do not retarget an active Classic run", "status": "PASS", "seconds": 0.397}
{"name": "Mute cancels pending record sound; unmute never replays or duplicates it", "status": "PASS", "seconds": 0.16}
{"name": "A nonzero chapter opening does not turn running SCORE into the chapter subtotal", "status": "PASS", "seconds": 0.054}
{"name": "Real final-word + chapter bonus is reflected and saved; original star explanation stays intact", "status": "PASS", "seconds": 0.457}
{"name": "First clear records the score without moving its target; practice Retry picks up the saved best", "status": "PASS", "seconds": 0.102}
{"name": "Campaign Next keeps accumulated score and captures the next chapter\u2019s own frozen total target", "status": "PASS", "seconds": 0.107}
{"name": "Campaign game-over commits only the ended attempt; Retry restores score and refreshes the target", "status": "PASS", "seconds": 0.109}
{"name": "First game-over records a score instead of claiming to beat a nonexistent personal best", "status": "PASS", "seconds": 0.057}
{"name": "Game-over uses the same frozen chapter scope, not an unrelated high total from another chapter", "status": "PASS", "seconds": 0.072}
{"name": "Endless keeps one target across wave transitions, not a moving per-wave target", "status": "PASS", "seconds": 0.074}
{"name": "Retiring Endless saves the running target for the next run", "status": "PASS", "seconds": 0.053}
{"name": "Continuing an earlier ruleset shows its score but never compares to current-rule PBs", "status": "PASS", "seconds": 0.029}
{"name": "Continue captures the checkpoint chapter, pace and actual cumulative score without replay", "status": "PASS", "seconds": 0.049}
{"name": "Save import cannot retarget a live chase; the next attempt sees the imported higher best", "status": "PASS", "seconds": 0.042}
{"name": "Score layout, resizing and contrast changes leave the complete model snapshot untouched", "status": "PASS", "seconds": 0.143}
{"name": "Score ticks do not spam the live region; static accessible scope and one record announcement", "status": "PASS", "seconds": 0.064}
{"name": "Viewport 1920\u00d71080: first/best/new-best/extreme scores fit, chapter and WIND spacing intact", "status": "PASS", "seconds": 0.922}
{"name": "Viewport 1440\u00d7900: first/best/new-best/extreme scores fit, chapter and WIND spacing intact", "status": "PASS", "seconds": 0.264}
{"name": "Viewport 1366\u00d7768: first/best/new-best/extreme scores fit, chapter and WIND spacing intact", "status": "PASS", "seconds": 0.617}
{"name": "Viewport 1280\u00d7720: first/best/new-best/extreme scores fit, chapter and WIND spacing intact", "status": "PASS", "seconds": 0.225}
{"name": "Viewport 1024\u00d7768: first/best/new-best/extreme scores fit, chapter and WIND spacing intact", "status": "PASS", "seconds": 0.233}
{"name": "Viewport 1024\u00d7600: first/best/new-best/extreme scores fit, chapter and WIND spacing intact", "status": "PASS", "seconds": 0.446}
{"name": "Viewport 800\u00d7600: first/best/new-best/extreme scores fit, chapter and WIND spacing intact", "status": "PASS", "seconds": 0.385}
{"name": "Viewport 960\u00d7540: first/best/new-best/extreme scores fit, chapter and WIND spacing intact", "status": "PASS", "seconds": 0.235}
{"name": "Viewport 640\u00d7480: first/best/new-best/extreme scores fit, chapter and WIND spacing intact", "status": "PASS", "seconds": 0.199}
{"name": "Viewport 2560\u00d71080: first/best/new-best/extreme scores fit, chapter and WIND spacing intact", "status": "PASS", "seconds": 0.298}
{"name": "Viewport 768\u00d71024: first/best/new-best/extreme scores fit, chapter and WIND spacing intact", "status": "PASS", "seconds": 0.202}
{"name": "Viewport 360\u00d7640: first/best/new-best/extreme scores fit, chapter and WIND spacing intact", "status": "PASS", "seconds": 0.202}
{"name": "Final beat state retains original target in accessible scope and does not block input", "status": "PASS", "seconds": 0.371}
SCORE CHASE standalone: 38 passed, 0 failed
