{
  "scope": "Controlled 12-card browser profile with four-layer music and real typing\nfeedback. Diagnostic fixtures hold positions and replenish cards; scores/Enter,\nrenderer, DOM and synthesis are shipping code. Not a human run or device benchmark.\n",
  "shippingSHA256": "5d2eaee3614277d65e83e35724948bae767c004c31ad9c568c984f14c877acda",
  "browser": "144.0.7559.96",
  "viewport": {
    "width": 1440,
    "height": 1040
  },
  "frameIntervals": 600,
  "averageFPS": 59.21,
  "medianFrameMs": 16.69999999999891,
  "p95FrameMs": 16.799999999999272,
  "maxFrameMs": 33.5,
  "medianCanvasDrawMs": 1.0999999998603016,
  "pressure": 95,
  "audioSources": 4,
  "peakParticles": 13,
  "peakGleams": 1,
  "peakToneVoices": 13,
  "peakNoiseVoices": 1,
  "cardRange": [
    12,
    12
  ],
  "unhandledErrors": []
}
