{"name": "Exact 3.5.2 runtime: one integrated score panel, visible even in focused HUD", "status": "PASS", "seconds": 0.163}
{"name": "First run remains FIRST RUN after scoring; no fake zero target or premature save", "status": "PASS", "seconds": 0.066}
{"name": "Running total and frozen baseline remain exact when stored best changes mid-attempt", "status": "PASS", "seconds": 0.038}
{"name": "90 percent is a soft state; equal score is not a record", "status": "PASS", "seconds": 0.053}
{"name": "Real Enter crossing: +30, one restrained pulse/sound, frozen target and uninterrupted typing", "status": "PASS", "seconds": 1.221}
{"name": "A genuine recorded zero is distinguishable from no record", "status": "PASS", "seconds": 0.045}
{"name": "Reduced motion removes movement; high contrast keeps explicit NEW BEST text", "status": "PASS", "seconds": 0.402}
{"name": "Changing reduced motion during a live celebration cancels score motion immediately", "status": "PASS", "seconds": 0.078}
{"name": "Pause/resume preserves frozen target and does not replay its celebration", "status": "FAIL", "seconds": 0.405, "error": "(2, 1)", "trace": "Traceback (most recent call last):\n  File \"/mnt/data/score_chase/Typekeeper_Enchanted_Library_v3_5_2/e2e/score_chase_tests.py\", line 22, in check\n    try:fn();assert not errors,errors;row={'name':name,'status':'PASS','seconds':round(time.monotonic()-t,3)}\n        ~~^^\n  File \"/mnt/data/score_chase/Typekeeper_Enchanted_Library_v3_5_2/e2e/score_chase_tests.py\", line 64, in pause_resume\n    setup(30,motion=True,audible=True);page.evaluate('async()=>await __TM_TEST__.audio.unlock()');type_word();before=state();page.keyboard.press('Escape');page.wait_for_timeout(300);page.locator('[data-action=resume]').click();assert_eq(state(),before);assert_eq(api('return t.audio.snapshot().cues.filter(c=>c.name===\"personal-best\").length;'),1);assert not api('return document.querySelector(\"#score-panel\").classList.contains(\"record-pulse\");')\n                                                                                                                                                                                                                                                             ~~~~~~~~~^^^^^^^^^^^^^^^^^^^^^^^^^^^^^^^^^^^^^^^^^^^^^^^^^^^^^^^^^^^^^^^^^^^^^^^^^^^^^^^^^^^^^\n  File \"/mnt/data/score_chase/Typekeeper_Enchanted_Library_v3_5_2/e2e/score_chase_tests.py\", line 35, in assert_eq\n    def assert_eq(a,b):assert a==b,(a,b)\n                              ^^^^\nAssertionError: (2, 1)\n"}
{"name": "Next-run difficulty settings and detailed HUD do not retarget an active Classic run", "status": "PASS", "seconds": 0.394}
{"name": "Mute cancels pending record sound; unmute never replays or duplicates it", "status": "FAIL", "seconds": 0.161, "error": "(3, 1)", "trace": "Traceback (most recent call last):\n  File \"/mnt/data/score_chase/Typekeeper_Enchanted_Library_v3_5_2/e2e/score_chase_tests.py\", line 22, in check\n    try:fn();assert not errors,errors;row={'name':name,'status':'PASS','seconds':round(time.monotonic()-t,3)}\n        ~~^^\n  File \"/mnt/data/score_chase/Typekeeper_Enchanted_Library_v3_5_2/e2e/score_chase_tests.py\", line 70, in mute\n    setup(30,motion=True,audible=True);page.evaluate('async()=>await __TM_TEST__.audio.unlock()');type_word();api('t.setSettings({muted:true});');page.wait_for_timeout(80);assert_eq(api('return [...t.audio.handles].filter(h=>h.group===\"score\").length;'),0);api('t.setSettings({muted:false});');type_word();assert_eq(api('return t.audio.snapshot().cues.filter(c=>c.name===\"personal-best\").length;'),1)\n                                                                                                                                                                                                                                                                                                                  ~~~~~~~~~^^^^^^^^^^^^^^^^^^^^^^^^^^^^^^^^^^^^^^^^^^^^^^^^^^^^^^^^^^^^^^^^^^^^^^^^^^^^^^^^^^^^^\n  File \"/mnt/data/score_chase/Typekeeper_Enchanted_Library_v3_5_2/e2e/score_chase_tests.py\", line 35, in assert_eq\n    def assert_eq(a,b):assert a==b,(a,b)\n                              ^^^^\nAssertionError: (3, 1)\n"}
{"name": "A nonzero chapter opening does not turn running SCORE into the chapter subtotal", "status": "PASS", "seconds": 0.057}
{"name": "Real final-word + chapter bonus is reflected and saved; original star explanation stays intact", "status": "PASS", "seconds": 0.446}
{"name": "First clear records the score without moving its target; practice Retry picks up the saved best", "status": "PASS", "seconds": 0.136}
{"name": "Campaign Next keeps accumulated score and captures the next chapter\u2019s own frozen total target", "status": "PASS", "seconds": 0.108}
{"name": "Campaign game-over commits only the ended attempt; Retry restores score and refreshes the target", "status": "PASS", "seconds": 0.113}
{"name": "Endless keeps one target across wave transitions, not a moving per-wave target", "status": "PASS", "seconds": 0.073}
{"name": "Retiring Endless saves the running target for the next run", "status": "PASS", "seconds": 0.051}
{"name": "Continuing an earlier ruleset shows its score but never compares to current-rule PBs", "status": "PASS", "seconds": 0.039}
{"name": "Continue captures the checkpoint chapter, pace and actual cumulative score without replay", "status": "PASS", "seconds": 0.051}
{"name": "Save import cannot retarget a live chase; the next attempt sees the imported higher best", "status": "PASS", "seconds": 0.05}
{"name": "Score layout, resizing and contrast changes leave the complete model snapshot untouched", "status": "PASS", "seconds": 0.132}
{"name": "Score ticks do not spam the live region; static accessible scope and one record announcement", "status": "PASS", "seconds": 0.064}
{"name": "Viewport 1920\u00d71080: first/best/new-best/extreme scores fit, chapter and WIND spacing intact", "status": "PASS", "seconds": 0.899}
{"name": "Viewport 1440\u00d7900: first/best/new-best/extreme scores fit, chapter and WIND spacing intact", "status": "PASS", "seconds": 0.224}
{"name": "Viewport 1366\u00d7768: first/best/new-best/extreme scores fit, chapter and WIND spacing intact", "status": "PASS", "seconds": 0.563}
{"name": "Viewport 1280\u00d7720: first/best/new-best/extreme scores fit, chapter and WIND spacing intact", "status": "PASS", "seconds": 0.186}
{"name": "Viewport 1024\u00d7768: first/best/new-best/extreme scores fit, chapter and WIND spacing intact", "status": "PASS", "seconds": 0.215}
{"name": "Viewport 1024\u00d7600: first/best/new-best/extreme scores fit, chapter and WIND spacing intact", "status": "PASS", "seconds": 0.495}
{"name": "Viewport 800\u00d7600: first/best/new-best/extreme scores fit, chapter and WIND spacing intact", "status": "PASS", "seconds": 0.424}
{"name": "Viewport 960\u00d7540: first/best/new-best/extreme scores fit, chapter and WIND spacing intact", "status": "PASS", "seconds": 0.206}
{"name": "Viewport 640\u00d7480: first/best/new-best/extreme scores fit, chapter and WIND spacing intact", "status": "PASS", "seconds": 0.211}
{"name": "Viewport 2560\u00d71080: first/best/new-best/extreme scores fit, chapter and WIND spacing intact", "status": "PASS", "seconds": 0.234}
{"name": "Viewport 768\u00d71024: first/best/new-best/extreme scores fit, chapter and WIND spacing intact", "status": "PASS", "seconds": 0.232}
{"name": "Viewport 360\u00d7640: first/best/new-best/extreme scores fit, chapter and WIND spacing intact", "status": "PASS", "seconds": 0.184}
{"name": "Final beat state retains original target in accessible scope and does not block input", "status": "PASS", "seconds": 0.402}
SCORE CHASE standalone: 34 passed, 2 failed
