
> typekeeper-enchanted-library@3.3.6 test
> node --test

TAP version 13
# Subtest: 3.3.6 identifies the folio/caption build while retaining 3.2.1 balance
ok 1 - 3.3.6 identifies the folio/caption build while retaining 3.2.1 balance
  ---
  duration_ms: 1.79899
  type: 'test'
  ...
# Subtest: normal: immutable local folio material contains complete valid color roles
ok 2 - normal: immutable local folio material contains complete valid color roles
  ---
  duration_ms: 1.939937
  type: 'test'
  ...
# Subtest: fire: immutable local folio material contains complete valid color roles
ok 3 - fire: immutable local folio material contains complete valid color roles
  ---
  duration_ms: 0.183753
  type: 'test'
  ...
# Subtest: ice: immutable local folio material contains complete valid color roles
ok 4 - ice: immutable local folio material contains complete valid color roles
  ---
  duration_ms: 0.086994
  type: 'test'
  ...
# Subtest: slow: immutable local folio material contains complete valid color roles
ok 5 - slow: immutable local folio material contains complete valid color roles
  ---
  duration_ms: 0.149541
  type: 'test'
  ...
# Subtest: wind: immutable local folio material contains complete valid color roles
ok 6 - wind: immutable local folio material contains complete valid color roles
  ---
  duration_ms: 0.07904
  type: 'test'
  ...
# Subtest: bonus: immutable local folio material contains complete valid color roles
ok 7 - bonus: immutable local folio material contains complete valid color roles
  ---
  duration_ms: 0.328546
  type: 'test'
  ...
# Subtest: Unknown material has a safe normal-page fallback
ok 8 - Unknown material has a safe normal-page fallback
  ---
  duration_ms: 0.156035
  type: 'test'
  ...
# Subtest: Folio width 112: decoration stays outside the central ink lane
ok 9 - Folio width 112: decoration stays outside the central ink lane
  ---
  duration_ms: 0.888331
  type: 'test'
  ...
# Subtest: Folio width 160: decoration stays outside the central ink lane
ok 10 - Folio width 160: decoration stays outside the central ink lane
  ---
  duration_ms: 0.371447
  type: 'test'
  ...
# Subtest: Folio width 240: decoration stays outside the central ink lane
ok 11 - Folio width 240: decoration stays outside the central ink lane
  ---
  duration_ms: 0.155421
  type: 'test'
  ...
# Subtest: Folio width 410: decoration stays outside the central ink lane
ok 12 - Folio width 410: decoration stays outside the central ink lane
  ---
  duration_ms: 0.099567
  type: 'test'
  ...
# Subtest: Folio width 520: decoration stays outside the central ink lane
ok 13 - Folio width 520: decoration stays outside the central ink lane
  ---
  duration_ms: 0.055918
  type: 'test'
  ...
# Subtest: Folio width 620: decoration stays outside the central ink lane
ok 14 - Folio width 620: decoration stays outside the central ink lane
  ---
  duration_ms: 0.0444
  type: 'test'
  ...
# Subtest: Folio width 708: decoration stays outside the central ink lane
ok 15 - Folio width 708: decoration stays outside the central ink lane
  ---
  duration_ms: 0.043386
  type: 'test'
  ...
# Subtest: Folio metrics bound malformed inputs without nonfinite texture sizes
ok 16 - Folio metrics bound malformed inputs without nonfinite texture sizes
  ---
  duration_ms: 0.120752
  type: 'test'
  ...
# Subtest: All six book styles remain different without relying on new labels or fonts
ok 17 - All six book styles remain different without relying on new labels or fonts
  ---
  duration_ms: 0.083244
  type: 'test'
  ...
# Subtest: Single-baseline text block still draws only full canonical strings; crest uses shared scroll coordinates
ok 18 - Single-baseline text block still draws only full canonical strings; crest uses shared scroll coordinates
  ---
  duration_ms: 0.548811
  type: 'test'
  ...
# Subtest: Book art does not change single-line layout width, height, or full-word content
ok 19 - Book art does not change single-line layout width, height, or full-word content
  ---
  duration_ms: 1.081128
  type: 'test'
  ...
# Subtest: Game, randomness, save logic, audio, dictionary and existing art remain byte-identical
ok 20 - Game, randomness, save logic, audio, dictionary and existing art remain byte-identical
  ---
  duration_ms: 62.352662
  type: 'test'
  ...
# Subtest: v3.2.1 capacity is two per spell, eight in total; effect strength is preserved
ok 21 - v3.2.1 capacity is two per spell, eight in total; effect strength is preserved
  ---
  duration_ms: 1.588461
  type: 'test'
  ...
# Subtest: relaxed: a new campaign has no books and only one chapter-one opportunity
ok 22 - relaxed: a new campaign has no books and only one chapter-one opportunity
  ---
  duration_ms: 4.235131
  type: 'test'
  ...
# Subtest: relaxed: opening is 10–15% gentler, 4–6 is 5–10% gentler, then rejoins the curve
ok 23 - relaxed: opening is 10–15% gentler, 4–6 is 5–10% gentler, then rejoins the curve
  ---
  duration_ms: 0.437205
  type: 'test'
  ...
# Subtest: relaxed: every chapter remains monotone with no opening or Endless difficulty reset
ok 24 - relaxed: every chapter remains monotone with no opening or Endless difficulty reset
  ---
  duration_ms: 0.61886
  type: 'test'
  ...
# Subtest: classic: a new campaign has no books and only one chapter-one opportunity
ok 25 - classic: a new campaign has no books and only one chapter-one opportunity
  ---
  duration_ms: 0.973481
  type: 'test'
  ...
# Subtest: classic: opening is 10–15% gentler, 4–6 is 5–10% gentler, then rejoins the curve
ok 26 - classic: opening is 10–15% gentler, 4–6 is 5–10% gentler, then rejoins the curve
  ---
  duration_ms: 0.138626
  type: 'test'
  ...
# Subtest: classic: every chapter remains monotone with no opening or Endless difficulty reset
ok 27 - classic: every chapter remains monotone with no opening or Endless difficulty reset
  ---
  duration_ms: 1.097384
  type: 'test'
  ...
# Subtest: maniac: a new campaign has no books and only one chapter-one opportunity
ok 28 - maniac: a new campaign has no books and only one chapter-one opportunity
  ---
  duration_ms: 0.658078
  type: 'test'
  ...
# Subtest: maniac: opening is 10–15% gentler, 4–6 is 5–10% gentler, then rejoins the curve
ok 29 - maniac: opening is 10–15% gentler, 4–6 is 5–10% gentler, then rejoins the curve
  ---
  duration_ms: 0.365759
  type: 'test'
  ...
# Subtest: maniac: every chapter remains monotone with no opening or Endless difficulty reset
ok 30 - maniac: every chapter remains monotone with no opening or Endless difficulty reset
  ---
  duration_ms: 0.761685
  type: 'test'
  ...
# Subtest: chapter 1: actual opportunity gaps stay inside 8–11 arrivals
ok 31 - chapter 1: actual opportunity gaps stay inside 8–11 arrivals
  ---
  duration_ms: 5.515924
  type: 'test'
  ...
# Subtest: chapter 4: actual opportunity gaps stay inside 8–11 arrivals
ok 32 - chapter 4: actual opportunity gaps stay inside 8–11 arrivals
  ---
  duration_ms: 5.762289
  type: 'test'
  ...
# Subtest: chapter 7: actual opportunity gaps stay inside 8–10 arrivals
ok 33 - chapter 7: actual opportunity gaps stay inside 8–10 arrivals
  ---
  duration_ms: 3.743479
  type: 'test'
  ...
# Subtest: chapter 11: actual opportunity gaps stay inside 8–10 arrivals
ok 34 - chapter 11: actual opportunity gaps stay inside 8–10 arrivals
  ---
  duration_ms: 4.017159
  type: 'test'
  ...
# Subtest: chapter 13: actual opportunity gaps stay inside 7–10 arrivals
ok 35 - chapter 13: actual opportunity gaps stay inside 7–10 arrivals
  ---
  duration_ms: 3.552716
  type: 'test'
  ...
# Subtest: chapter 23: actual opportunity gaps stay inside 7–10 arrivals
ok 36 - chapter 23: actual opportunity gaps stay inside 7–10 arrivals
  ---
  duration_ms: 2.680619
  type: 'test'
  ...
# Subtest: chapter 25: actual opportunity gaps stay inside 6–9 arrivals
ok 37 - chapter 25: actual opportunity gaps stay inside 6–9 arrivals
  ---
  duration_ms: 2.940632
  type: 'test'
  ...
# Subtest: chapter 47: actual opportunity gaps stay inside 6–9 arrivals
ok 38 - chapter 47: actual opportunity gaps stay inside 6–9 arrivals
  ---
  duration_ms: 2.64129
  type: 'test'
  ...
# Subtest: chapter 49: actual opportunity gaps stay inside 6–9 arrivals
ok 39 - chapter 49: actual opportunity gaps stay inside 6–9 arrivals
  ---
  duration_ms: 2.486776
  type: 'test'
  ...
# Subtest: trial 6: first opportunity in wave one, then one every eight arrivals
ok 40 - trial 6: first opportunity in wave one, then one every eight arrivals
  ---
  duration_ms: 1.263074
  type: 'test'
  ...
# Subtest: trial 12: first opportunity in wave one, then one every eight arrivals
ok 41 - trial 12: first opportunity in wave one, then one every eight arrivals
  ---
  duration_ms: 1.083033
  type: 'test'
  ...
# Subtest: trial 18: first opportunity in wave one, then one every eight arrivals
ok 42 - trial 18: first opportunity in wave one, then one every eight arrivals
  ---
  duration_ms: 0.865523
  type: 'test'
  ...
# Subtest: trial 24: first opportunity in wave one, then one every eight arrivals
ok 43 - trial 24: first opportunity in wave one, then one every eight arrivals
  ---
  duration_ms: 0.749614
  type: 'test'
  ...
# Subtest: trial 30: first opportunity in wave one, then one every eight arrivals
ok 44 - trial 30: first opportunity in wave one, then one every eight arrivals
  ---
  duration_ms: 0.746197
  type: 'test'
  ...
# Subtest: trial 36: first opportunity in wave one, then one every eight arrivals
ok 45 - trial 36: first opportunity in wave one, then one every eight arrivals
  ---
  duration_ms: 0.874148
  type: 'test'
  ...
# Subtest: trial 42: first opportunity in wave one, then one every eight arrivals
ok 46 - trial 42: first opportunity in wave one, then one every eight arrivals
  ---
  duration_ms: 0.620989
  type: 'test'
  ...
# Subtest: trial 48: first opportunity in wave one, then one every eight arrivals
ok 47 - trial 48: first opportunity in wave one, then one every eight arrivals
  ---
  duration_ms: 0.563624
  type: 'test'
  ...
# Subtest: trial 54: first opportunity in wave one, then one every eight arrivals
ok 48 - trial 54: first opportunity in wave one, then one every eight arrivals
  ---
  duration_ms: 0.652316
  type: 'test'
  ...
# Subtest: trial 102: first opportunity in wave one, then one every eight arrivals
ok 49 - trial 102: first opportunity in wave one, then one every eight arrivals
  ---
  duration_ms: 0.808175
  type: 'test'
  ...
# Subtest: trial 198: first opportunity in wave one, then one every eight arrivals
ok 50 - trial 198: first opportunity in wave one, then one every eight arrivals
  ---
  duration_ms: 0.760146
  type: 'test'
  ...
# Subtest: first opportunity must be typed; merely appearing grants no spell
ok 51 - first opportunity must be typed; merely appearing grants no spell
  ---
  duration_ms: 0.919728
  type: 'test'
  ...
# Subtest: missing the introductory ICE does not gift another tutorial set
ok 52 - missing the introductory ICE does not gift another tutorial set
  ---
  duration_ms: 0.692351
  type: 'test'
  ...
# Subtest: burning a spell grants no inventory and does not accelerate its replacement opportunity
ok 53 - burning a spell grants no inventory and does not accelerate its replacement opportunity
  ---
  duration_ms: 0.795331
  type: 'test'
  ...
# Subtest: full shelves still cap at two; overflow remains a scored word, not another book
ok 54 - full shelves still cap at two; overflow remains a scored word, not another book
  ---
  duration_ms: 0.420121
  type: 'test'
  ...
# Subtest: entering a normal chapter does not restart the reward countdown or refill books
ok 55 - entering a normal chapter does not restart the reward countdown or refill books
  ---
  duration_ms: 1.238941
  type: 'test'
  ...
# Subtest: trial entry pulls a distant drop into wave one, without giving an extra one
ok 56 - trial entry pulls a distant drop into wave one, without giving an extra one
  ---
  duration_ms: 0.624494
  type: 'test'
  ...
# Subtest: an already due spell remains due rather than being delayed by trial setup
ok 57 - an already due spell remains due rather than being delayed by trial setup
  ---
  duration_ms: 0.58213
  type: 'test'
  ...
# Subtest: trial preferences never break the four-spell bag or grant free rescue inventory
ok 58 - trial preferences never break the four-spell bag or grant free rescue inventory
  ---
  duration_ms: 0.543467
  type: 'test'
  ...
# Subtest: blocked candidate does not consume the countdown or a power-bag entry
ok 59 - blocked candidate does not consume the countdown or a power-bag entry
  ---
  duration_ms: 1.456605
  type: 'test'
  ...
# Subtest: canceling a reserved card at chapter clear never loses a bag entry
ok 60 - canceling a reserved card at chapter clear never loses a bag entry
  ---
  duration_ms: 0.298274
  type: 'test'
  ...
# Subtest: pausing and waiting never manufacture or consume spell opportunities
ok 61 - pausing and waiting never manufacture or consume spell opportunities
  ---
  duration_ms: 0.305956
  type: 'test'
  ...
# Subtest: active ICE freezes the scheduled arrival counter as well as card positions
ok 62 - active ICE freezes the scheduled arrival counter as well as card positions
  ---
  duration_ms: 0.437321
  type: 'test'
  ...
# Subtest: danger and score do not change scheduled spell types or gaps
ok 63 - danger and score do not change scheduled spell types or gaps
  ---
  duration_ms: 5.146365
  type: 'test'
  ...
# Subtest: each shuffled cycle still includes all four spells in all campaign wings
ok 64 - each shuffled cycle still includes all four spells in all campaign wings
  ---
  duration_ms: 27.314472
  type: 'test'
  ...
# Subtest: chapter 1 boundary preserves words, spacing, cycle and inventory through save/restore
ok 65 - chapter 1 boundary preserves words, spacing, cycle and inventory through save/restore
  ---
  duration_ms: 5.415083
  type: 'test'
  ...
# Subtest: chapter 5 boundary preserves words, spacing, cycle and inventory through save/restore
ok 66 - chapter 5 boundary preserves words, spacing, cycle and inventory through save/restore
  ---
  duration_ms: 3.822937
  type: 'test'
  ...
# Subtest: chapter 6 boundary preserves words, spacing, cycle and inventory through save/restore
ok 67 - chapter 6 boundary preserves words, spacing, cycle and inventory through save/restore
  ---
  duration_ms: 8.146903
  type: 'test'
  ...
# Subtest: chapter 11 boundary preserves words, spacing, cycle and inventory through save/restore
ok 68 - chapter 11 boundary preserves words, spacing, cycle and inventory through save/restore
  ---
  duration_ms: 3.341512
  type: 'test'
  ...
# Subtest: chapter 12 boundary preserves words, spacing, cycle and inventory through save/restore
ok 69 - chapter 12 boundary preserves words, spacing, cycle and inventory through save/restore
  ---
  duration_ms: 12.46769
  type: 'test'
  ...
# Subtest: chapter 23 boundary preserves words, spacing, cycle and inventory through save/restore
ok 70 - chapter 23 boundary preserves words, spacing, cycle and inventory through save/restore
  ---
  duration_ms: 2.512921
  type: 'test'
  ...
# Subtest: chapter 24 boundary preserves words, spacing, cycle and inventory through save/restore
ok 71 - chapter 24 boundary preserves words, spacing, cycle and inventory through save/restore
  ---
  duration_ms: 2.094012
  type: 'test'
  ...
# Subtest: chapter 35 boundary preserves words, spacing, cycle and inventory through save/restore
ok 72 - chapter 35 boundary preserves words, spacing, cycle and inventory through save/restore
  ---
  duration_ms: 2.16205
  type: 'test'
  ...
# Subtest: chapter 36 boundary preserves words, spacing, cycle and inventory through save/restore
ok 73 - chapter 36 boundary preserves words, spacing, cycle and inventory through save/restore
  ---
  duration_ms: 1.633553
  type: 'test'
  ...
# Subtest: chapter 47 boundary preserves words, spacing, cycle and inventory through save/restore
ok 74 - chapter 47 boundary preserves words, spacing, cycle and inventory through save/restore
  ---
  duration_ms: 1.731697
  type: 'test'
  ...
# Subtest: retry starts the same sparse chapter again, without accumulating failed-attempt books
ok 75 - retry starts the same sparse chapter again, without accumulating failed-attempt books
  ---
  duration_ms: 1.306618
  type: 'test'
  ...
# Subtest: 3.2 save migration caps stock at two, preserves mastery/preferences, and leaves original bytes untouched
ok 76 - 3.2 save migration caps stock at two, preserves mastery/preferences, and leaves original bytes untouched
  ---
  duration_ms: 1.021804
  type: 'test'
  ...
# Subtest: migrated checkpoint keeps the old scoring provenance after new-rules play and re-export
ok 77 - migrated checkpoint keeps the old scoring provenance after new-rules play and re-export
  ---
  duration_ms: 0.79481
  type: 'test'
  ...
# Subtest: fresh current saves cannot import a third charge by claiming the new ruleset
ok 78 - fresh current saves cannot import a third charge by claiming the new ruleset
  ---
  duration_ms: 0.2615
  type: 'test'
  ...
# Subtest: current saves must include a valid schedule; old missing schedules have an explicit fallback
ok 79 - current saves must include a valid schedule; old missing schedules have an explicit fallback
  ---
  duration_ms: 0.207604
  type: 'test'
  ...
# Subtest: invalid schedule values are rejected rather than granting unlimited imminent drops
ok 80 - invalid schedule values are rejected rather than granting unlimited imminent drops
  ---
  duration_ms: 0.295475
  type: 'test'
  ...
# Subtest: restored inventory and schedule are isolated from imported object mutations
ok 81 - restored inventory and schedule are isolated from imported object mutations
  ---
  duration_ms: 0.201133
  type: 'test'
  ...
# Subtest: model restore also clamps legacy charges when called directly by a trusted loader
ok 82 - model restore also clamps legacy charges when called directly by a trusted loader
  ---
  duration_ms: 0.271835
  type: 'test'
  ...
# Subtest: authored non-trial gap endpoints are reachable and trial setup is idempotent
ok 83 - authored non-trial gap endpoints are reachable and trial setup is idempotent
  ---
  duration_ms: 0.133958
  type: 'test'
  ...
# Subtest: Practice and Endless do not receive the campaign introduction again
ok 84 - Practice and Endless do not receive the campaign introduction again
  ---
  duration_ms: 0.082132
  type: 'test'
  ...
# Subtest: UI stock pips derive from the same authoritative capacity as game rules
ok 85 - UI stock pips derive from the same authoritative capacity as game rules
  ---
  duration_ms: 0.504281
  type: 'test'
  ...
# Subtest: relaxed: all 48 chapters stay within smooth speed and interval bounds
ok 86 - relaxed: all 48 chapters stay within smooth speed and interval bounds
  ---
  duration_ms: 1.97291
  type: 'test'
  ...
# Subtest: relaxed: all spawned ordinary and power cards remain fully readable and non-overlapping
ok 87 - relaxed: all spawned ordinary and power cards remain fully readable and non-overlapping
  ---
  duration_ms: 149.332875
  type: 'test'
  ...
# Subtest: classic: all 48 chapters stay within smooth speed and interval bounds
ok 88 - classic: all 48 chapters stay within smooth speed and interval bounds
  ---
  duration_ms: 3.515688
  type: 'test'
  ...
# Subtest: classic: all spawned ordinary and power cards remain fully readable and non-overlapping
ok 89 - classic: all spawned ordinary and power cards remain fully readable and non-overlapping
  ---
  duration_ms: 185.966292
  type: 'test'
  ...
# Subtest: maniac: all 48 chapters stay within smooth speed and interval bounds
ok 90 - maniac: all 48 chapters stay within smooth speed and interval bounds
  ---
  duration_ms: 0.507608
  type: 'test'
  ...
# Subtest: maniac: all spawned ordinary and power cards remain fully readable and non-overlapping
ok 91 - maniac: all spawned ordinary and power cards remain fully readable and non-overlapping
  ---
  duration_ms: 86.806595
  type: 'test'
  ...
# Subtest: vocabulary mixture is normalized at every campaign and endless chapter
ok 92 - vocabulary mixture is normalized at every campaign and endless chapter
  ---
  duration_ms: 0.709109
  type: 'test'
  ...
# Subtest: no abrupt dictionary mix switch remains at 5, 13, 25 or 37
ok 93 - no abrupt dictionary mix switch remains at 5, 13, 25 or 37
  ---
  duration_ms: 0.207027
  type: 'test'
  ...
# Subtest: newly introduced words obey their chapter length cap
ok 94 - newly introduced words obey their chapter length cap
  ---
  duration_ms: 2.911569
  type: 'test'
  ...
# Subtest: a fast clear shortens empty-field downtime without changing falling speed
ok 95 - a fast clear shortens empty-field downtime without changing falling speed
  ---
  duration_ms: 0.849434
  type: 'test'
  ...
# Subtest: empty-field acceleration never interrupts a trial breathing interval
ok 96 - empty-field acceleration never interrupts a trial breathing interval
  ---
  duration_ms: 0.350614
  type: 'test'
  ...
# Subtest: trial spawns follow five-word waves with a visible breathing interval
ok 97 - trial spawns follow five-word waves with a visible breathing interval
  ---
  duration_ms: 0.397772
  type: 'test'
  ...
# Subtest: no surplus cards are spawned when the board already contains the remaining quota
ok 98 - no surplus cards are spawned when the board already contains the remaining quota
  ---
  duration_ms: 0.347174
  type: 'test'
  ...
# Subtest: a final-word completion clears exactly once with no stranded next-stage timers
ok 99 - a final-word completion clears exactly once with no stranded next-stage timers
  ---
  duration_ms: 1.222484
  type: 'test'
  ...
# Subtest: active text duplicates do not occur in authored spawns
ok 100 - active text duplicates do not occur in authored spawns
  ---
  duration_ms: 2.452785
  type: 'test'
  ...
# Subtest: blocked spawn preserves the exact next card rather than rerolling its reward
ok 101 - blocked spawn preserves the exact next card rather than rerolling its reward
  ---
  duration_ms: 0.308496
  type: 'test'
  ...
# Subtest: a shuffled power cycle includes all four spells before repeating
ok 102 - a shuffled power cycle includes all four spells before repeating
  ---
  duration_ms: 0.888054
  type: 'test'
  ...
# Subtest: power selection prefers a not-full shelf inside the remaining bag
ok 103 - power selection prefers a not-full shelf inside the remaining bag
  ---
  duration_ms: 0.271329
  type: 'test'
  ...
# Subtest: full shelves never inflate inventory on collection
ok 104 - full shelves never inflate inventory on collection
  ---
  duration_ms: 0.173638
  type: 'test'
  ...
# Subtest: first chapter introduces one earned ICE opportunity, not four free tutorial powers
ok 105 - first chapter introduces one earned ICE opportunity, not four free tutorial powers
  ---
  duration_ms: 0.48581
  type: 'test'
  ...
# Subtest: empty FIRE and WIND are STORED rather than falsely actionable READY
ok 106 - empty FIRE and WIND are STORED rather than falsely actionable READY
  ---
  duration_ms: 0.186935
  type: 'test'
  ...
# Subtest: readiness reflects per-spell cooldown as well as inventory
ok 107 - readiness reflects per-spell cooldown as well as inventory
  ---
  duration_ms: 0.331393
  type: 'test'
  ...
# Subtest: SLOW cast before ICE retains every unspent second while frozen
ok 108 - SLOW cast before ICE retains every unspent second while frozen
  ---
  duration_ms: 1.564736
  type: 'test'
  ...
# Subtest: SLOW cast during ICE is queued without consuming duration
ok 109 - SLOW cast during ICE is queued without consuming duration
  ---
  duration_ms: 0.633635
  type: 'test'
  ...
# Subtest: a second queued SLOW does not consume a second book
ok 110 - a second queued SLOW does not consume a second book
  ---
  duration_ms: 0.205215
  type: 'test'
  ...
# Subtest: ICE ending within a tick applies only the remaining unfrozen fraction
ok 111 - ICE ending within a tick applies only the remaining unfrozen fraction
  ---
  duration_ms: 0.16279
  type: 'test'
  ...
# Subtest: SLOW expiry integrates slowed and normal motion within the same tick
ok 112 - SLOW expiry integrates slowed and normal motion within the same tick
  ---
  duration_ms: 0.112365
  type: 'test'
  ...
# Subtest: pause freezes queued spells and spell readiness
ok 113 - pause freezes queued spells and spell readiness
  ---
  duration_ms: 0.436677
  type: 'test'
  ...
# Subtest: FIRE guarantees a short recovery instead of an immediate replacement spawn
ok 114 - FIRE guarantees a short recovery instead of an immediate replacement spawn
  ---
  duration_ms: 0.260832
  type: 'test'
  ...
# Subtest: WIND clears only pressure; it never silently removes falling cards
ok 115 - WIND clears only pressure; it never silently removes falling cards
  ---
  duration_ms: 0.274256
  type: 'test'
  ...
# Subtest: a just-landed exact submission has one miss penalty, not miss plus typo
ok 116 - a just-landed exact submission has one miss penalty, not miss plus typo
  ---
  duration_ms: 0.558
  type: 'test'
  ...
# Subtest: late-submission protection expires after the declared grace window
ok 117 - late-submission protection expires after the declared grace window
  ---
  duration_ms: 0.258351
  type: 'test'
  ...
# Subtest: the same expired word cannot repeatedly trigger late protection
ok 118 - the same expired word cannot repeatedly trigger late protection
  ---
  duration_ms: 0.228004
  type: 'test'
  ...
# Subtest: a still-live duplicate wins over the recently landed copy
ok 119 - a still-live duplicate wins over the recently landed copy
  ---
  duration_ms: 0.260259
  type: 'test'
  ...
# Subtest: a recently FIRE-cleared typed word does not create a phantom typo penalty
ok 120 - a recently FIRE-cleared typed word does not create a phantom typo penalty
  ---
  duration_ms: 0.192177
  type: 'test'
  ...
# Subtest: late protection cannot rescue an already terminal full-pile result
ok 121 - late protection cannot rescue an already terminal full-pile result
  ---
  duration_ms: 0.190459
  type: 'test'
  ...
# Subtest: chapter RNG is independent from how many earlier frames were simulated
ok 122 - chapter RNG is independent from how many earlier frames were simulated
  ---
  duration_ms: 0.163963
  type: 'test'
  ...
# Subtest: uninterrupted next chapter and restored bookmark produce identical cards
ok 123 - uninterrupted next chapter and restored bookmark produce identical cards
  ---
  duration_ms: 2.411332
  type: 'test'
  ...
# Subtest: chapter-boundary bookmark includes the pending power cycle
ok 124 - chapter-boundary bookmark includes the pending power cycle
  ---
  duration_ms: 0.444721
  type: 'test'
  ...
# Subtest: mid-chapter state cannot masquerade as a safe chapter bookmark
ok 125 - mid-chapter state cannot masquerade as a safe chapter bookmark
  ---
  duration_ms: 0.374847
  type: 'test'
  ...
# Subtest: first chapter can be bookmarked before a single word arrives
ok 126 - first chapter can be bookmarked before a single word arrives
  ---
  duration_ms: 2.964939
  type: 'test'
  ...
# Subtest: failed chapter retains its opening score and stock, recording retry count
ok 127 - failed chapter retains its opening score and stock, recording retry count
  ---
  duration_ms: 2.538043
  type: 'test'
  ...
# Subtest: retry increments cannot corrupt another expedition or chapter
ok 128 - retry increments cannot corrupt another expedition or chapter
  ---
  duration_ms: 2.697939
  type: 'test'
  ...
# Subtest: repeating a failed chapter cannot double-award its previous earned score
ok 129 - repeating a failed chapter cannot double-award its previous earned score
  ---
  duration_ms: 1.031147
  type: 'test'
  ...
# Subtest: campaign final clear cannot advance into chapter 49
ok 130 - campaign final clear cannot advance into chapter 49
  ---
  duration_ms: 0.460552
  type: 'test'
  ...
# Subtest: practice completion cannot advance into a multi-chapter practice score
ok 131 - practice completion cannot advance into a multi-chapter practice score
  ---
  duration_ms: 0.495452
  type: 'test'
  ...
# Subtest: endless can progress without receiving a false campaign victory
ok 132 - endless can progress without receiving a false campaign victory
  ---
  duration_ms: 0.500999
  type: 'test'
  ...
# Subtest: campaign victory cannot be declared in the middle of chapter 48
ok 133 - campaign victory cannot be declared in the middle of chapter 48
  ---
  duration_ms: 0.453669
  type: 'test'
  ...
# Subtest: retirement snapshots retain a voluntary finish distinction
ok 134 - retirement snapshots retain a voluntary finish distinction
  ---
  duration_ms: 0.417718
  type: 'test'
  ...
# Subtest: practice mastery on an unlocked chapter saves without unlocking another chapter
ok 135 - practice mastery on an unlocked chapter saves without unlocking another chapter
  ---
  duration_ms: 1.105832
  type: 'test'
  ...
# Subtest: practice cannot generate stars on a locked chapter
ok 136 - practice cannot generate stars on a locked chapter
  ---
  duration_ms: 0.1725
  type: 'test'
  ...
# Subtest: campaign clear after practice can unlock the next chapter
ok 137 - campaign clear after practice can unlock the next chapter
  ---
  duration_ms: 0.284372
  type: 'test'
  ...
# Subtest: practice best score is chapter-specific, not simply the longest chapter
ok 138 - practice best score is chapter-specific, not simply the longest chapter
  ---
  duration_ms: 0.818666
  type: 'test'
  ...
# Subtest: old rulesets remain in Legacy and cannot become a current personal best
ok 139 - old rulesets remain in Legacy and cannot become a current personal best
  ---
  duration_ms: 0.203163
  type: 'test'
  ...
# Subtest: a migrated in-progress expedition keeps its original scoring provenance
ok 140 - a migrated in-progress expedition keeps its original scoring provenance
  ---
  duration_ms: 0.586983
  type: 'test'
  ...
# Subtest: v3 migration does not overwrite or delete the original saved bytes
ok 141 - v3 migration does not overwrite or delete the original saved bytes
  ---
  duration_ms: 0.364348
  type: 'test'
  ...
# Subtest: corrupt power bags and nonfinite checkpoint identifiers are rejected
ok 142 - corrupt power bags and nonfinite checkpoint identifiers are rejected
  ---
  duration_ms: 0.301142
  type: 'test'
  ...
# Subtest: actual completed-stage score replaces only the comparable ruleset best
ok 143 - actual completed-stage score replaces only the comparable ruleset best
  ---
  duration_ms: 0.199151
  type: 'test'
  ...
# Subtest: paused application settings reject invalid volume and difficulty values
ok 144 - paused application settings reject invalid volume and difficulty values
  ---
  duration_ms: 0.162646
  type: 'test'
  ...
# Subtest: nonfinite and zero deltas cannot poison the game clock
ok 145 - nonfinite and zero deltas cannot poison the game clock
  ---
  duration_ms: 0.260193
  type: 'test'
  ...
# Subtest: long-session replay memory is bounded and truncation is explicit
ok 146 - long-session replay memory is bounded and truncation is explicit
  ---
  duration_ms: 28.889962
  type: 'test'
  ...
# Subtest: renderer frame rate cannot change a fixed-tick authored run
ok 147 - renderer frame rate cannot change a fixed-tick authored run
  ---
  duration_ms: 23.8975
  type: 'test'
  ...
# Subtest: 250 seeded adversarial sessions retain finite state, terminal uniqueness and stock bounds
ok 148 - 250 seeded adversarial sessions retain finite state, terminal uniqueness and stock bounds
  ---
  duration_ms: 443.476147
  type: 'test'
  ...
# Subtest: merging new-rule practice medals cannot revoke an old-rule campaign clear
ok 149 - merging new-rule practice medals cannot revoke an old-rule campaign clear
  ---
  duration_ms: 0.373024
  type: 'test'
  ...
# Subtest: corrupt current save is quarantined and a valid untouched v3 save is recovered
ok 150 - corrupt current save is quarantined and a valid untouched v3 save is recovered
  ---
  duration_ms: 0.42581
  type: 'test'
  ...
# Subtest: normalization accepts English letters, uppercases and bounds the buffer
ok 151 - normalization accepts English letters, uppercases and bounds the buffer
  ---
  duration_ms: 2.247387
  type: 'test'
  ...
# Subtest: dictionary is substantial, uppercase, unique within tiers, and all words fit the buffer
ok 152 - dictionary is substantial, uppercase, unique within tiers, and all words fit the buffer
  ---
  duration_ms: 1.042903
  type: 'test'
  ...
# Subtest: seeded random generator repeats exactly
ok 153 - seeded random generator repeats exactly
  ---
  duration_ms: 3.009818
  type: 'test'
  ...
# Subtest: fresh game is in menu, with no starting power stock
ok 154 - fresh game is in menu, with no starting power stock
  ---
  duration_ms: 0.738303
  type: 'test'
  ...
# Subtest: start resets all run state
ok 155 - start resets all run state
  ---
  duration_ms: 0.673249
  type: 'test'
  ...
# Subtest: complete exact word once, update points/progress/characters
ok 156 - complete exact word once, update points/progress/characters
  ---
  duration_ms: 0.683138
  type: 'test'
  ...
# Subtest: partial input never auto-clears or penalizes
ok 157 - partial input never auto-clears or penalizes
  ---
  duration_ms: 0.302674
  type: 'test'
  ...
# Subtest: empty Enter is a true no-op
ok 158 - empty Enter is a true no-op
  ---
  duration_ms: 0.381627
  type: 'test'
  ...
# Subtest: invalid submission penalizes once and clears the buffer
ok 159 - invalid submission penalizes once and clears the buffer
  ---
  duration_ms: 0.598969
  type: 'test'
  ...
# Subtest: editing a prefix is non-destructive
ok 160 - editing a prefix is non-destructive
  ---
  duration_ms: 0.504504
  type: 'test'
  ...
# Subtest: duplicate words resolve the lowest exact match
ok 161 - duplicate words resolve the lowest exact match
  ---
  duration_ms: 0.307545
  type: 'test'
  ...
# Subtest: ties are stable by ID
ok 162 - ties are stable by ID
  ---
  duration_ms: 0.192228
  type: 'test'
  ...
# Subtest: shared prefix does not lock onto a target
ok 163 - shared prefix does not lock onto a target
  ---
  duration_ms: 0.251196
  type: 'test'
  ...
# Subtest: falling FIRE word takes priority over available command
ok 164 - falling FIRE word takes priority over available command
  ---
  duration_ms: 0.139801
  type: 'test'
  ...
# Subtest: power collection is immediate and capped at two
ok 165 - power collection is immediate and capped at two
  ---
  duration_ms: 0.141055
  type: 'test'
  ...
# Subtest: all four power-card families grant the corresponding book
ok 166 - all four power-card families grant the corresponding book
  ---
  duration_ms: 0.226711
  type: 'test'
  ...
# Subtest: unavailable spell costs no points or danger and grants no stock
ok 167 - unavailable spell costs no points or danger and grants no stock
  ---
  duration_ms: 0.282617
  type: 'test'
  ...
# Subtest: FIRE clears active cards without scoring, progress, or harvesting books
ok 168 - FIRE clears active cards without scoring, progress, or harvesting books
  ---
  duration_ms: 0.417345
  type: 'test'
  ...
# Subtest: FIRE consumes exactly one charge per nonempty cast
ok 169 - FIRE consumes exactly one charge per nonempty cast
  ---
  duration_ms: 0.237986
  type: 'test'
  ...
# Subtest: ICE stops words and spawn timer for its duration
ok 170 - ICE stops words and spawn timer for its duration
  ---
  duration_ms: 0.420723
  type: 'test'
  ...
# Subtest: ICE active recast is rejected and preserves the next book
ok 171 - ICE active recast is rejected and preserves the next book
  ---
  duration_ms: 0.973551
  type: 'test'
  ...
# Subtest: SLOW scales motion by exactly 0.42
ok 172 - SLOW scales motion by exactly 0.42
  ---
  duration_ms: 0.221129
  type: 'test'
  ...
# Subtest: ICE and SLOW coexist; SLOW time is banked until ICE ends
ok 173 - ICE and SLOW coexist; SLOW time is banked until ICE ends
  ---
  duration_ms: 0.248596
  type: 'test'
  ...
# Subtest: WIND fully clears danger and paper without clearing active words
ok 174 - WIND fully clears danger and paper without clearing active words
  ---
  duration_ms: 0.376695
  type: 'test'
  ...
# Subtest: pause freezes timers, positions, game time, and spawn countdown
ok 175 - pause freezes timers, positions, game time, and spawn countdown
  ---
  duration_ms: 0.549166
  type: 'test'
  ...
# Subtest: paused input cannot change buffer or score
ok 176 - paused input cannot change buffer or score
  ---
  duration_ms: 0.10611
  type: 'test'
  ...
# Subtest: miss adds the configured danger once and clears streak
ok 177 - miss adds the configured danger once and clears streak
  ---
  duration_ms: 0.374911
  type: 'test'
  ...
# Subtest: dark miss penalty is larger; dark completion earns double
ok 178 - dark miss penalty is larger; dark completion earns double
  ---
  duration_ms: 0.310747
  type: 'test'
  ...
# Subtest: game over is terminal and emits only once
ok 179 - game over is terminal and emits only once
  ---
  duration_ms: 0.242487
  type: 'test'
  ...
# Subtest: an invalid submission can end a run at the limit
ok 180 - an invalid submission can end a run at the limit
  ---
  duration_ms: 0.160761
  type: 'test'
  ...
# Subtest: word submitted just before impact cannot subsequently land
ok 181 - word submitted just before impact cannot subsequently land
  ---
  duration_ms: 0.221222
  type: 'test'
  ...
# Subtest: perfect chapter awards 100 x level plus 250, then clears field
ok 182 - perfect chapter awards 100 x level plus 250, then clears field
  ---
  duration_ms: 0.503573
  type: 'test'
  ...
# Subtest: imperfect chapter excludes perfect bonus
ok 183 - imperfect chapter excludes perfect bonus
  ---
  duration_ms: 0.232023
  type: 'test'
  ...
# Subtest: next chapter resets quota and timed effects but retains danger and stock
ok 184 - next chapter resets quota and timed effects but retains danger and stock
  ---
  duration_ms: 0.259243
  type: 'test'
  ...
# Subtest: streak multiplier grows at eight and caps at three
ok 185 - streak multiplier grows at eight and caps at three
  ---
  duration_ms: 0.074296
  type: 'test'
  ...
# Subtest: word accuracy is submission accuracy, not a keystroke claim
ok 186 - word accuracy is submission accuracy, not a keystroke claim
  ---
  duration_ms: 0.122988
  type: 'test'
  ...
# Subtest: WPM uses correctly completed characters and active time
ok 187 - WPM uses correctly completed characters and active time
  ---
  duration_ms: 0.093122
  type: 'test'
  ...
# Subtest: same seed and input sequence yield the same simulation
ok 188 - same seed and input sequence yield the same simulation
  ---
  duration_ms: 4.807607
  type: 'test'
  ...
# Subtest: spawn bounds keep whole cards on the playfield
ok 189 - spawn bounds keep whole cards on the playfield
  ---
  duration_ms: 4.906216
  type: 'test'
  ...
# Subtest: spawn is bounded at 12 simultaneous cards
ok 190 - spawn is bounded at 12 simultaneous cards
  ---
  duration_ms: 0.147905
  type: 'test'
  ...
# Subtest: special cards include explicit glyph padding
ok 191 - special cards include explicit glyph padding
  ---
  duration_ms: 0.153052
  type: 'test'
  ...
# Subtest: level speed and quotas increase but remain bounded
ok 192 - level speed and quotas increase but remain bounded
  ---
  duration_ms: 0.133667
  type: 'test'
  ...
# Subtest: pace choice changes speed without changing correctness rules
ok 193 - pace choice changes speed without changing correctness rules
  ---
  duration_ms: 0.080204
  type: 'test'
  ...
# Subtest: fixed clock creates 60 bounded simulation steps over one second
ok 194 - fixed clock creates 60 bounded simulation steps over one second
  ---
  duration_ms: 0.276651
  type: 'test'
  ...
# Subtest: clock does not simulate a hidden-tab catch-up burst
ok 195 - clock does not simulate a hidden-tab catch-up burst
  ---
  duration_ms: 0.107308
  type: 'test'
  ...
# Subtest: settings and local records round-trip with schema validation
ok 196 - settings and local records round-trip with schema validation
  ---
  duration_ms: 1.133538
  type: 'test'
  ...
# Subtest: malformed local data recovers safely
ok 197 - malformed local data recovers safely
  ---
  duration_ms: 0.427825
  type: 'test'
  ...
# Subtest: unavailable storage is explicitly session-only
ok 198 - unavailable storage is explicitly session-only
  ---
  duration_ms: 0.208287
  type: 'test'
  ...
# Subtest: blocked storage never crashes game state
ok 199 - blocked storage never crashes game state
  ---
  duration_ms: 0.343054
  type: 'test'
  ...
# Subtest: records filter malformed entries and maintain independent pace bests
ok 200 - records filter malformed entries and maintain independent pace bests
  ---
  duration_ms: 0.219122
  type: 'test'
  ...
# Subtest: clearing records retains settings
ok 201 - clearing records retains settings
  ---
  duration_ms: 0.175089
  type: 'test'
  ...
# Subtest: new players get the original score without a separate setup screen
ok 202 - new players get the original score without a separate setup screen
  ---
  duration_ms: 0.964816
  type: 'test'
  ...
# Subtest: music, effects, and master volume have independent bounded defaults
ok 203 - music, effects, and master volume have independent bounded defaults
  ---
  duration_ms: 0.169921
  type: 'test'
  ...
# Subtest: default gameplay HUD is focused, not a metrics dashboard
ok 204 - default gameplay HUD is focused, not a metrics dashboard
  ---
  duration_ms: 0.145159
  type: 'test'
  ...
# Subtest: returning players have a configurable resume safety countdown
ok 205 - returning players have a configurable resume safety countdown
  ---
  duration_ms: 0.093847
  type: 'test'
  ...
# Subtest: v2 settings and records migrate non-destructively into Typekeeper
ok 206 - v2 settings and records migrate non-destructively into Typekeeper
  ---
  duration_ms: 1.009303
  type: 'test'
  ...
# Subtest: current Typekeeper preferences take priority over old defaults
ok 207 - current Typekeeper preferences take priority over old defaults
  ---
  duration_ms: 0.176771
  type: 'test'
  ...
# Subtest: new audio preferences persist through actual serialization
ok 208 - new audio preferences persist through actual serialization
  ---
  duration_ms: 0.505651
  type: 'test'
  ...
# Subtest: invalid imported audio gains do not reach the mixer
ok 209 - invalid imported audio gains do not reach the mixer
  ---
  duration_ms: 0.165697
  type: 'test'
  ...
# Subtest: new presentation toggles serialize without changing active game rules
ok 210 - new presentation toggles serialize without changing active game rules
  ---
  duration_ms: 0.304444
  type: 'test'
  ...
# Subtest: Typekeeper save exports identify the product and preserve schema compatibility
ok 211 - Typekeeper save exports identify the product and preserve schema compatibility
  ---
  duration_ms: 0.707414
  type: 'test'
  ...
# Subtest: migrated saves retain all earned mastery and chapter bookmarks
ok 212 - migrated saves retain all earned mastery and chapter bookmarks
  ---
  duration_ms: 3.947628
  type: 'test'
  ...
# Subtest: pile restoration agrees with the danger meter after a bookmark
ok 213 - pile restoration agrees with the danger meter after a bookmark
  ---
  duration_ms: 0.713881
  type: 'test'
  ...
# Subtest: restored pile does not retain references to imported data
ok 214 - restored pile does not retain references to imported data
  ---
  duration_ms: 1.208714
  type: 'test'
  ...
# Subtest: older checkpoints reconstruct visual papers for existing danger
ok 215 - older checkpoints reconstruct visual papers for existing danger
  ---
  duration_ms: 0.434135
  type: 'test'
  ...
# Subtest: malformed pile objects are rejected before save import
ok 216 - malformed pile objects are rejected before save import
  ---
  duration_ms: 0.205015
  type: 'test'
  ...
# Subtest: oversized or out-of-field imported piles are rejected
ok 217 - oversized or out-of-field imported piles are rejected
  ---
  duration_ms: 0.352086
  type: 'test'
  ...
# Subtest: campaign finale now uses the Typekeeper identity
ok 218 - campaign finale now uses the Typekeeper identity
  ---
  duration_ms: 0.07782
  type: 'test'
  ...
# Subtest: HTML contains no website header, footer, or edition labeling
ok 219 - HTML contains no website header, footer, or edition labeling
  ---
  duration_ms: 0.48776
  type: 'test'
  ...
# Subtest: live menu source removes prototype and defensive copy
ok 220 - live menu source removes prototype and defensive copy
  ---
  duration_ms: 0.312893
  type: 'test'
  ...
# Subtest: original score has two equal-length, original phase-aligned stems
ok 221 - original score has two equal-length, original phase-aligned stems
  ---
  duration_ms: 0.185595
  type: 'test'
  ...
# Subtest: both music exports are included locally and stay under 3 MiB each
ok 222 - both music exports are included locally and stay under 3 MiB each
  ---
  duration_ms: 0.156036
  type: 'test'
  ...
# Subtest: source soundtrack includes editable MIDI and lossless masters
ok 223 - source soundtrack includes editable MIDI and lossless masters
  ---
  duration_ms: 0.217365
  type: 'test'
  ...
# Subtest: old placeholder nocturne is not shipped as a runtime asset
ok 224 - old placeholder nocturne is not shipped as a runtime asset
  ---
  duration_ms: 0.087714
  type: 'test'
  ...
# Subtest: no font binaries or remote font dependencies are required
ok 225 - no font binaries or remote font dependencies are required
  ---
  duration_ms: 0.288836
  type: 'test'
  ...
# Subtest: Application 3.3.6 retains the 3.2.1 gameplay ruleset and resource capacity
ok 226 - Application 3.3.6 retains the 3.2.1 gameplay ruleset and resource capacity
  ---
  duration_ms: 1.045313
  type: 'test'
  ...
# Subtest: Source hashes preserve economy, rules, dictionary, clock and campaign; model randomness is intentionally revised
ok 227 - Source hashes preserve economy, rules, dictionary, clock and campaign; model randomness is intentionally revised
  ---
  duration_ms: 1.692471
  type: 'test'
  ...
# Subtest: Room state 1 follows campaign chapters 1–6
ok 228 - Room state 1 follows campaign chapters 1–6
  ---
  duration_ms: 0.219734
  type: 'test'
  ...
# Subtest: Room state 2 follows campaign chapters 7–12
ok 229 - Room state 2 follows campaign chapters 7–12
  ---
  duration_ms: 0.175596
  type: 'test'
  ...
# Subtest: Room state 3 follows campaign chapters 13–18
ok 230 - Room state 3 follows campaign chapters 13–18
  ---
  duration_ms: 0.092556
  type: 'test'
  ...
# Subtest: Room state 4 follows campaign chapters 19–24
ok 231 - Room state 4 follows campaign chapters 19–24
  ---
  duration_ms: 0.066786
  type: 'test'
  ...
# Subtest: Room state 5 follows campaign chapters 25–30
ok 232 - Room state 5 follows campaign chapters 25–30
  ---
  duration_ms: 0.123731
  type: 'test'
  ...
# Subtest: Room state 6 follows campaign chapters 31–36
ok 233 - Room state 6 follows campaign chapters 31–36
  ---
  duration_ms: 0.06718
  type: 'test'
  ...
# Subtest: Room state 7 follows campaign chapters 37–42
ok 234 - Room state 7 follows campaign chapters 37–42
  ---
  duration_ms: 0.289708
  type: 'test'
  ...
# Subtest: Room state 8 follows campaign chapters 43–48
ok 235 - Room state 8 follows campaign chapters 43–48
  ---
  duration_ms: 0.436624
  type: 'test'
  ...
# Subtest: Endless reuses the final room rather than generating unbounded stage textures
ok 236 - Endless reuses the final room rather than generating unbounded stage textures
  ---
  duration_ms: 0.146343
  type: 'test'
  ...
# Subtest: Visual prefix target is the same lowest-y, lowest-ID candidate as the model
ok 237 - Visual prefix target is the same lowest-y, lowest-ID candidate as the model
  ---
  duration_ms: 0.150802
  type: 'test'
  ...
# Subtest: Target selection never reorders the live model array
ok 238 - Target selection never reorders the live model array
  ---
  duration_ms: 0.649883
  type: 'test'
  ...
# Subtest: Words stay readable at presentation scale 0.72
ok 239 - Words stay readable at presentation scale 0.72
  ---
  duration_ms: 0.487349
  type: 'test'
  ...
# Subtest: Words stay readable at presentation scale 0.8355555556
ok 240 - Words stay readable at presentation scale 0.8355555556
  ---
  duration_ms: 0.294594
  type: 'test'
  ...
# Subtest: Words stay readable at presentation scale 1.18
ok 241 - Words stay readable at presentation scale 1.18
  ---
  duration_ms: 0.083215
  type: 'test'
  ...
# Subtest: EXTRAORDINARY remains one complete string and never splits into rows
ok 242 - EXTRAORDINARY remains one complete string and never splits into rows
  ---
  duration_ms: 0.104184
  type: 'test'
  ...
# Subtest: Physical-text material layouts leave room for all four element icons
ok 243 - Physical-text material layouts leave room for all four element icons
  ---
  duration_ms: 0.095597
  type: 'test'
  ...
# Subtest: Display-only collision resolution never changes y, speed, text or source coordinates
ok 244 - Display-only collision resolution never changes y, speed, text or source coordinates
  ---
  duration_ms: 0.33106
  type: 'test'
  ...
# Subtest: Display separation clamps complete card edges inside the playfield
ok 245 - Display separation clamps complete card edges inside the playfield
  ---
  duration_ms: 4.006666
  type: 'test'
  ...
# Subtest: Defeat ceremony lasts 1.2 presentation seconds and completes exactly once
ok 246 - Defeat ceremony lasts 1.2 presentation seconds and completes exactly once
  ---
  duration_ms: 0.260277
  type: 'test'
  ...
# Subtest: Chapter closure lasts less than a second and is independently skippable
ok 247 - Chapter closure lasts less than a second and is independently skippable
  ---
  duration_ms: 0.086047
  type: 'test'
  ...
# Subtest: Hidden-page time does not consume the ceremony
ok 248 - Hidden-page time does not consume the ceremony
  ---
  duration_ms: 0.097507
  type: 'test'
  ...
# Subtest: Canceling a ceremony prevents stale UI callbacks after retry or menu
ok 249 - Canceling a ceremony prevents stale UI callbacks after retry or menu
  ---
  duration_ms: 0.067262
  type: 'test'
  ...
# Subtest: Reduced-motion ceremonies complete immediately without simulated game time
ok 250 - Reduced-motion ceremonies complete immediately without simulated game time
  ---
  duration_ms: 0.066057
  type: 'test'
  ...
# Subtest: Long frame gaps cannot create a giant catch-up through the outcome presentation
ok 251 - Long frame gaps cannot create a giant catch-up through the outcome presentation
  ---
  duration_ms: 0.059953
  type: 'test'
  ...
# Subtest: Ceremony payload and progress never award a second model score
ok 252 - Ceremony payload and progress never award a second model score
  ---
  duration_ms: 1.271755
  type: 'test'
  ...
# Subtest: Presentation layout and effects do not change the authored 48-stage pace curve
ok 253 - Presentation layout and effects do not change the authored 48-stage pace curve
  ---
  duration_ms: 0.444124
  type: 'test'
  ...
# Subtest: chapter 1: the earlier pressure curve is pinned
ok 254 - chapter 1: the earlier pressure curve is pinned
  ---
  duration_ms: 1.184329
  type: 'test'
  ...
# Subtest: chapter 3: the earlier pressure curve is pinned
ok 255 - chapter 3: the earlier pressure curve is pinned
  ---
  duration_ms: 0.128645
  type: 'test'
  ...
# Subtest: chapter 6: the earlier pressure curve is pinned
ok 256 - chapter 6: the earlier pressure curve is pinned
  ---
  duration_ms: 0.124495
  type: 'test'
  ...
# Subtest: chapter 12: the earlier pressure curve is pinned
ok 257 - chapter 12: the earlier pressure curve is pinned
  ---
  duration_ms: 0.133095
  type: 'test'
  ...
# Subtest: chapter 24: the earlier pressure curve is pinned
ok 258 - chapter 24: the earlier pressure curve is pinned
  ---
  duration_ms: 0.15081
  type: 'test'
  ...
# Subtest: chapter 36: the earlier pressure curve is pinned
ok 259 - chapter 36: the earlier pressure curve is pinned
  ---
  duration_ms: 0.123119
  type: 'test'
  ...
# Subtest: chapter 48: the earlier pressure curve is pinned
ok 260 - chapter 48: the earlier pressure curve is pinned
  ---
  duration_ms: 0.082805
  type: 'test'
  ...
# Subtest: second chapter introduces medium words; the first chapter keeps its short onboarding words
ok 261 - second chapter introduces medium words; the first chapter keeps its short onboarding words
  ---
  duration_ms: 0.364835
  type: 'test'
  ...
# Subtest: all 48 vocabulary distributions are positive, normalized, and length-bounded
ok 262 - all 48 vocabulary distributions are positive, normalized, and length-bounded
  ---
  duration_ms: 4.42567
  type: 'test'
  ...
# Subtest: early speed changes are explicit between chapters; no within-card rubber banding
ok 263 - early speed changes are explicit between chapters; no within-card rubber banding
  ---
  duration_ms: 1.339165
  type: 'test'
  ...
# Subtest: chapter 48 into Endless does not reset difficulty downward
ok 264 - chapter 48 into Endless does not reset difficulty downward
  ---
  duration_ms: 0.229192
  type: 'test'
  ...
# Subtest: music adds no tension in calm play and builds continuously through danger
ok 265 - music adds no tension in calm play and builds continuously through danger
  ---
  duration_ms: 0.553944
  type: 'test'
  ...
# Subtest: adaptive layers can be disabled without changing the baseline scene groove
ok 266 - adaptive layers can be disabled without changing the baseline scene groove
  ---
  duration_ms: 0.644976
  type: 'test'
  ...
# Subtest: menu: high pile never leaves critical layers playing over a modal
ok 267 - menu: high pile never leaves critical layers playing over a modal
  ---
  duration_ms: 0.083809
  type: 'test'
  ...
# Subtest: pause: high pile never leaves critical layers playing over a modal
ok 268 - pause: high pile never leaves critical layers playing over a modal
  ---
  duration_ms: 0.044545
  type: 'test'
  ...
# Subtest: clear: high pile never leaves critical layers playing over a modal
ok 269 - clear: high pile never leaves critical layers playing over a modal
  ---
  duration_ms: 0.040124
  type: 'test'
  ...
# Subtest: over: high pile never leaves critical layers playing over a modal
ok 270 - over: high pile never leaves critical layers playing over a modal
  ---
  duration_ms: 0.038719
  type: 'test'
  ...
# Subtest: music rejects invalid pressure and clamps out-of-range numbers
ok 271 - music rejects invalid pressure and clamps out-of-range numbers
  ---
  duration_ms: 0.100002
  type: 'test'
  ...
# Subtest: all four stems use one exact original music-cycle duration
ok 272 - all four stems use one exact original music-cycle duration
  ---
  duration_ms: 0.06057
  type: 'test'
  ...
# Subtest: near-boundary pressure changes cannot cause abrupt target jumps
ok 273 - near-boundary pressure changes cannot cause abrupt target jumps
  ---
  duration_ms: 0.46978
  type: 'test'
  ...
# Subtest: input sparkle targets the lowest eligible prefix without auto-submitting
ok 274 - input sparkle targets the lowest eligible prefix without auto-submitting
  ---
  duration_ms: 0.358158
  type: 'test'
  ...
# Subtest: full-word ready cue is feedback only until Enter
ok 275 - full-word ready cue is feedback only until Enter
  ---
  duration_ms: 0.442039
  type: 'test'
  ...
# Subtest: wrong prefixes get no match sparkle and no extra penalty
ok 276 - wrong prefixes get no match sparkle and no extra penalty
  ---
  duration_ms: 0.23604
  type: 'test'
  ...
# Subtest: same-length replacement emits a new key event; unchanged input does not
ok 277 - same-length replacement emits a new key event; unchanged input does not
  ---
  duration_ms: 0.283109
  type: 'test'
  ...
# Subtest: backspace does not trigger a new typing-ready sound
ok 278 - backspace does not trigger a new typing-ready sound
  ---
  duration_ms: 0.348388
  type: 'test'
  ...
# Subtest: ICE and queued SLOW each emit exactly one natural ending
ok 279 - ICE and queued SLOW each emit exactly one natural ending
  ---
  duration_ms: 0.33185
  type: 'test'
  ...
# Subtest: pause suspends effect-end events and spell lifetime
ok 280 - pause suspends effect-end events and spell lifetime
  ---
  duration_ms: 0.162257
  type: 'test'
  ...
# Subtest: clearing a chapter cancels effects without false expiration cues
ok 281 - clearing a chapter cancels effects without false expiration cues
  ---
  duration_ms: 0.299726
  type: 'test'
  ...
# Subtest: score tally is monotone, bounded, and finishes at the authoritative total
ok 282 - score tally is monotone, bounded, and finishes at the authoritative total
  ---
  duration_ms: 0.347437
  type: 'test'
  ...
# Subtest: large totals finish in the same time rather than counting each point
ok 283 - large totals finish in the same time rather than counting each point
  ---
  duration_ms: 0.11823
  type: 'test'
  ...
# Subtest: slow-frame tally never schedules a backlog of ticks
ok 284 - slow-frame tally never schedules a backlog of ticks
  ---
  duration_ms: 0.089897
  type: 'test'
  ...
# Subtest: tally skip completes once; a canceled tally cannot leak a completion
ok 285 - tally skip completes once; a canceled tally cannot leak a completion
  ---
  duration_ms: 0.135962
  type: 'test'
  ...
# Subtest: reduced motion displays the final score immediately
ok 286 - reduced motion displays the final score immediately
  ---
  duration_ms: 0.121094
  type: 'test'
  ...
# Subtest: score presentation cannot mutate game totals or earn duplicate points
ok 287 - score presentation cannot mutate game totals or earn duplicate points
  ---
  duration_ms: 0.294929
  type: 'test'
  ...
# Subtest: v3.1 storage migrates into v3.2.1 without rewriting the old key
ok 288 - v3.1 storage migrates into v3.2.1 without rewriting the old key
  ---
  duration_ms: 0.970797
  type: 'test'
  ...
# Subtest: adaptive music and shimmer preferences persist without changing score rules
ok 289 - adaptive music and shimmer preferences persist without changing score rules
  ---
  duration_ms: 0.235226
  type: 'test'
  ...
# Subtest: normal: the ink, emblem and drawn hardware have separate safe regions for every authored word
ok 290 - normal: the ink, emblem and drawn hardware have separate safe regions for every authored word
  ---
  duration_ms: 14.426318
  type: 'test'
  ...
# Subtest: fire: the ink, emblem and drawn hardware have separate safe regions for every authored word
ok 291 - fire: the ink, emblem and drawn hardware have separate safe regions for every authored word
  ---
  duration_ms: 9.125156
  type: 'test'
  ...
# Subtest: ice: the ink, emblem and drawn hardware have separate safe regions for every authored word
ok 292 - ice: the ink, emblem and drawn hardware have separate safe regions for every authored word
  ---
  duration_ms: 7.797883
  type: 'test'
  ...
# Subtest: slow: the ink, emblem and drawn hardware have separate safe regions for every authored word
ok 293 - slow: the ink, emblem and drawn hardware have separate safe regions for every authored word
  ---
  duration_ms: 9.862329
  type: 'test'
  ...
# Subtest: wind: the ink, emblem and drawn hardware have separate safe regions for every authored word
ok 294 - wind: the ink, emblem and drawn hardware have separate safe regions for every authored word
  ---
  duration_ms: 4.568808
  type: 'test'
  ...
# Subtest: bonus: the ink, emblem and drawn hardware have separate safe regions for every authored word
ok 295 - bonus: the ink, emblem and drawn hardware have separate safe regions for every authored word
  ---
  duration_ms: 3.368763
  type: 'test'
  ...
# Subtest: INK: short and long scrolls fit their actual content, not the old model width
ok 296 - INK: short and long scrolls fit their actual content, not the old model width
  ---
  duration_ms: 0.949825
  type: 'test'
  ...
# Subtest: I: short and long scrolls fit their actual content, not the old model width
ok 297 - I: short and long scrolls fit their actual content, not the old model width
  ---
  duration_ms: 0.224353
  type: 'test'
  ...
# Subtest: WONDER: short and long scrolls fit their actual content, not the old model width
ok 298 - WONDER: short and long scrolls fit their actual content, not the old model width
  ---
  duration_ms: 0.392591
  type: 'test'
  ...
# Subtest: STORY: short and long scrolls fit their actual content, not the old model width
ok 299 - STORY: short and long scrolls fit their actual content, not the old model width
  ---
  duration_ms: 0.351927
  type: 'test'
  ...
# Subtest: IMAGINE: short and long scrolls fit their actual content, not the old model width
ok 300 - IMAGINE: short and long scrolls fit their actual content, not the old model width
  ---
  duration_ms: 0.207273
  type: 'test'
  ...
# Subtest: BIOLUMINESCENT: short and long scrolls fit their actual content, not the old model width
ok 301 - BIOLUMINESCENT: short and long scrolls fit their actual content, not the old model width
  ---
  duration_ms: 0.07031
  type: 'test'
  ...
# Subtest: Extreme 24-W custom cards remain single-line with a protected crest and both rollers
ok 302 - Extreme 24-W custom cards remain single-line with a protected crest and both rollers
  ---
  duration_ms: 0.182097
  type: 'test'
  ...
# Subtest: Ink overhangs are accounted for rather than relying only on advance width
ok 303 - Ink overhangs are accounted for rather than relying only on advance width
  ---
  duration_ms: 0.110964
  type: 'test'
  ...
# Subtest: Geometry remains frozen and defaults invalid dimensions safely
ok 304 - Geometry remains frozen and defaults invalid dimensions safely
  ---
  duration_ms: 0.133206
  type: 'test'
  ...
# Subtest: The ornament and tassels fit inside the pre-existing texture padding
ok 305 - The ornament and tassels fit inside the pre-existing texture padding
  ---
  duration_ms: 0.064043
  type: 'test'
  ...
# Subtest: Native WIND paths use all six cubic coordinates while FIRE/ICE/SLOW also draw without invalid parameters
ok 306 - Native WIND paths use all six cubic coordinates while FIRE/ICE/SLOW also draw without invalid parameters
  ---
  duration_ms: 1.014087
  type: 'test'
  ...
# Subtest: Reduced-motion casting emits no animated drawing calls
ok 307 - Reduced-motion casting emits no animated drawing calls
  ---
  duration_ms: 0.122973
  type: 'test'
  ...
# Subtest: Sizing repeated scrolls does not mutate game state or advance either random stream
ok 308 - Sizing repeated scrolls does not mutate game state or advance either random stream
  ---
  duration_ms: 7.461032
  type: 'test'
  ...
# Subtest: Standalone compiler includes scroll dependency before its consumers and checks the assembled script
ok 309 - Standalone compiler includes scroll dependency before its consumers and checks the assembled script
  ---
  duration_ms: 0.315072
  type: 'test'
  ...
# Subtest: Build rejects inconsistent HTML/application/package identity before exporting
ok 310 - Build rejects inconsistent HTML/application/package identity before exporting
  ---
  duration_ms: 0.122469
  type: 'test'
  ...
# Subtest: All 746 authored words × 6 materials remain complete single rows at scale 0.5
ok 311 - All 746 authored words × 6 materials remain complete single rows at scale 0.5
  ---
  duration_ms: 24.152789
  type: 'test'
  ...
# Subtest: All 746 authored words × 6 materials remain complete single rows at scale 0.65
ok 312 - All 746 authored words × 6 materials remain complete single rows at scale 0.65
  ---
  duration_ms: 8.378848
  type: 'test'
  ...
# Subtest: All 746 authored words × 6 materials remain complete single rows at scale 0.72
ok 313 - All 746 authored words × 6 materials remain complete single rows at scale 0.72
  ---
  duration_ms: 16.887919
  type: 'test'
  ...
# Subtest: All 746 authored words × 6 materials remain complete single rows at scale 0.8355555556
ok 314 - All 746 authored words × 6 materials remain complete single rows at scale 0.8355555556
  ---
  duration_ms: 7.932027
  type: 'test'
  ...
# Subtest: All 746 authored words × 6 materials remain complete single rows at scale 1
ok 315 - All 746 authored words × 6 materials remain complete single rows at scale 1
  ---
  duration_ms: 4.480459
  type: 'test'
  ...
# Subtest: All 746 authored words × 6 materials remain complete single rows at scale 1.18
ok 316 - All 746 authored words × 6 materials remain complete single rows at scale 1.18
  ---
  duration_ms: 4.25412
  type: 'test'
  ...
# Subtest: All 746 authored words × 6 materials remain complete single rows at scale 1.5
ok 317 - All 746 authored words × 6 materials remain complete single rows at scale 1.5
  ---
  duration_ms: 2.605993
  type: 'test'
  ...
# Subtest: All 746 authored words × 6 materials remain complete single rows at scale 2
ok 318 - All 746 authored words × 6 materials remain complete single rows at scale 2
  ---
  duration_ms: 2.196436
  type: 'test'
  ...
# Subtest: 24 widest glyphs fit card bounds instead of wrapping or clipping
ok 319 - 24 widest glyphs fit card bounds instead of wrapping or clipping
  ---
  duration_ms: 0.568032
  type: 'test'
  ...
# Subtest: Renderer ignores an obsolete two-line layout and paints only the complete canonical word
ok 320 - Renderer ignores an obsolete two-line layout and paints only the complete canonical word
  ---
  duration_ms: 0.685591
  type: 'test'
  ...
# Subtest: New runs use non-repeating consecutive entropy seeds, including same-tick fallback
ok 321 - New runs use non-repeating consecutive entropy seeds, including same-tick fallback
  ---
  duration_ms: 5.260774
  type: 'test'
  ...
# Subtest: 100 default new runs do not reuse one seed or the INK/TALE/BOOK/PAGE opening
ok 322 - 100 default new runs do not reuse one seed or the INK/TALE/BOOK/PAGE opening
  ---
  duration_ms: 52.973445
  type: 'test'
  ...
# Subtest: 200 explicit run seeds produce 200 different twelve-word openings
ok 323 - 200 explicit run seeds produce 200 different twelve-word openings
  ---
  duration_ms: 113.316563
  type: 'test'
  ...
# Subtest: Chapter 1: random words use authored pools, no active duplicate or recent repeat
ok 324 - Chapter 1: random words use authored pools, no active duplicate or recent repeat
  ---
  duration_ms: 12.940419
  type: 'test'
  ...
# Subtest: Chapter 2: random words use authored pools, no active duplicate or recent repeat
ok 325 - Chapter 2: random words use authored pools, no active duplicate or recent repeat
  ---
  duration_ms: 6.611762
  type: 'test'
  ...
# Subtest: Chapter 6: random words use authored pools, no active duplicate or recent repeat
ok 326 - Chapter 6: random words use authored pools, no active duplicate or recent repeat
  ---
  duration_ms: 7.773395
  type: 'test'
  ...
# Subtest: Chapter 12: random words use authored pools, no active duplicate or recent repeat
ok 327 - Chapter 12: random words use authored pools, no active duplicate or recent repeat
  ---
  duration_ms: 6.835819
  type: 'test'
  ...
# Subtest: Chapter 24: random words use authored pools, no active duplicate or recent repeat
ok 328 - Chapter 24: random words use authored pools, no active duplicate or recent repeat
  ---
  duration_ms: 6.017226
  type: 'test'
  ...
# Subtest: Chapter 36: random words use authored pools, no active duplicate or recent repeat
ok 329 - Chapter 36: random words use authored pools, no active duplicate or recent repeat
  ---
  duration_ms: 3.59227
  type: 'test'
  ...
# Subtest: Chapter 48: random words use authored pools, no active duplicate or recent repeat
ok 330 - Chapter 48: random words use authored pools, no active duplicate or recent repeat
  ---
  duration_ms: 4.013686
  type: 'test'
  ...
# Subtest: Chapter 49: random words use authored pools, no active duplicate or recent repeat
ok 331 - Chapter 49: random words use authored pools, no active duplicate or recent repeat
  ---
  duration_ms: 4.018513
  type: 'test'
  ...
# Subtest: Chapter 200: random words use authored pools, no active duplicate or recent repeat
ok 332 - Chapter 200: random words use authored pools, no active duplicate or recent repeat
  ---
  duration_ms: 4.865499
  type: 'test'
  ...
# Subtest: Fixed seed plus word seed still reproduces the complete word and item sequence
ok 333 - Fixed seed plus word seed still reproduces the complete word and item sequence
  ---
  duration_ms: 7.125927
  type: 'test'
  ...
# Subtest: relaxed: retry draws new words but restores score, danger, books, pacing and item schedule
ok 334 - relaxed: retry draws new words but restores score, danger, books, pacing and item schedule
  ---
  duration_ms: 1.847054
  type: 'test'
  ...
# Subtest: classic: retry draws new words but restores score, danger, books, pacing and item schedule
ok 335 - classic: retry draws new words but restores score, danger, books, pacing and item schedule
  ---
  duration_ms: 1.06868
  type: 'test'
  ...
# Subtest: maniac: retry draws new words but restores score, danger, books, pacing and item schedule
ok 336 - maniac: retry draws new words but restores score, danger, books, pacing and item schedule
  ---
  duration_ms: 1.327026
  type: 'test'
  ...
# Subtest: Repeated retries cannot accumulate failed-attempt earnings
ok 337 - Repeated retries cannot accumulate failed-attempt earnings
  ---
  duration_ms: 2.440269
  type: 'test'
  ...
# Subtest: Continue restores the same vocabulary attempt, including a saved retry
ok 338 - Continue restores the same vocabulary attempt, including a saved retry
  ---
  duration_ms: 2.691684
  type: 'test'
  ...
# Subtest: Export/import preserves randomized vocabulary provenance without changing balance version
ok 339 - Export/import preserves randomized vocabulary provenance without changing balance version
  ---
  duration_ms: 1.110433
  type: 'test'
  ...
# Subtest: Older bookmarks without vocabulary metadata retain legacy opener on Continue, but Retry randomizes
ok 340 - Older bookmarks without vocabulary metadata retain legacy opener on Continue, but Retry randomizes
  ---
  duration_ms: 2.711116
  type: 'test'
  ...
# Subtest: Malformed vocabulary bookmark metadata is rejected
ok 341 - Malformed vocabulary bookmark metadata is rejected
  ---
  duration_ms: 0.272137
  type: 'test'
  ...
# Subtest: Renderer/readability calculations never advance the word RNG or change the model
ok 342 - Renderer/readability calculations never advance the word RNG or change the model
  ---
  duration_ms: 7.515931
  type: 'test'
  ...
# Subtest: Word randomness cannot inject stock, shorten spell durations, or alter the sparse tutorial
ok 343 - Word randomness cannot inject stock, shorten spell durations, or alter the sparse tutorial
  ---
  duration_ms: 47.003286
  type: 'test'
  ...
# Subtest: campaign has 48 unique named stages across eight six-stage wings
ok 344 - campaign has 48 unique named stages across eight six-stage wings
  ---
  duration_ms: 1.877573
  type: 'test'
  ...
# Subtest: eight trials occur at the end of each wing
ok 345 - eight trials occur at the end of each wing
  ---
  duration_ms: 1.087441
  type: 'test'
  ...
# Subtest: all 48 stages have smooth rising speed and falling arrival interval
ok 346 - all 48 stages have smooth rising speed and falling arrival interval
  ---
  duration_ms: 1.553109
  type: 'test'
  ...
# Subtest: endless mode is named and has bounded speed and spawn intervals
ok 347 - endless mode is named and has bounded speed and spawn intervals
  ---
  duration_ms: 0.20548
  type: 'test'
  ...
# Subtest: every numbered hotkey and numpad key maps to its spell
ok 348 - every numbered hotkey and numpad key maps to its spell
  ---
  duration_ms: 0.342281
  type: 'test'
  ...
# Subtest: hotkeys ignore modifiers, key repeat, IME and ordinary typing
ok 349 - hotkeys ignore modifiers, key repeat, IME and ordinary typing
  ---
  duration_ms: 0.257712
  type: 'test'
  ...
# Subtest: quick cast preserves the typed buffer and records input provenance
ok 350 - quick cast preserves the typed buffer and records input provenance
  ---
  duration_ms: 2.215142
  type: 'test'
  ...
# Subtest: quick FIRE is unambiguous even with a falling FIRE word
ok 351 - quick FIRE is unambiguous even with a falling FIRE word
  ---
  duration_ms: 1.155443
  type: 'test'
  ...
# Subtest: empty FIRE does not waste inventory
ok 352 - empty FIRE does not waste inventory
  ---
  duration_ms: 1.400164
  type: 'test'
  ...
# Subtest: empty WIND does not waste inventory
ok 353 - empty WIND does not waste inventory
  ---
  duration_ms: 0.946013
  type: 'test'
  ...
# Subtest: active SLOW cannot waste a second book
ok 354 - active SLOW cannot waste a second book
  ---
  duration_ms: 2.936746
  type: 'test'
  ...
# Subtest: SLOW creates breathing room in spawn countdown as well as motion
ok 355 - SLOW creates breathing room in spawn countdown as well as motion
  ---
  duration_ms: 0.874444
  type: 'test'
  ...
# Subtest: casting after ICE expires consumes the next book once
ok 356 - casting after ICE expires consumes the next book once
  ---
  duration_ms: 1.354802
  type: 'test'
  ...
# Subtest: anti-doublecast cooldown applies per power without blocking combinations
ok 357 - anti-doublecast cooldown applies per power without blocking combinations
  ---
  duration_ms: 0.572593
  type: 'test'
  ...
# Subtest: pressure state thresholds include every exact boundary
ok 358 - pressure state thresholds include every exact boundary
  ---
  duration_ms: 0.255619
  type: 'test'
  ...
# Subtest: defeat and celebration override the normal pressure expression
ok 359 - defeat and celebration override the normal pressure expression
  ---
  duration_ms: 0.115606
  type: 'test'
  ...
# Subtest: WIND immediately restores the calm gameplay state
ok 360 - WIND immediately restores the calm gameplay state
  ---
  duration_ms: 0.204343
  type: 'test'
  ...
# Subtest: pressure events fire on transitions rather than every frame
ok 361 - pressure events fire on transitions rather than every frame
  ---
  duration_ms: 0.267699
  type: 'test'
  ...
# Subtest: mastery stars use documented gold, silver and bronze thresholds
ok 362 - mastery stars use documented gold, silver and bronze thresholds
  ---
  duration_ms: 0.139688
  type: 'test'
  ...
# Subtest: stage summaries use stage-local WPM and accuracy
ok 363 - stage summaries use stage-local WPM and accuracy
  ---
  duration_ms: 2.101071
  type: 'test'
  ...
# Subtest: a full campaign advances through all 48 stages without stale phase or progress
ok 364 - a full campaign advances through all 48 stages without stale phase or progress
  ---
  duration_ms: 15.031405
  type: 'test'
  ...
# Subtest: checkpoint restores score, books, danger and completed stages at the next boundary
ok 365 - checkpoint restores score, books, danger and completed stages at the next boundary
  ---
  duration_ms: 3.057694
  type: 'test'
  ...
# Subtest: checkpoint is validated before being saved
ok 366 - checkpoint is validated before being saved
  ---
  duration_ms: 3.013072
  type: 'test'
  ...
# Subtest: checkpoint survives actual store serialization and clear is persistent
ok 367 - checkpoint survives actual store serialization and clear is persistent
  ---
  duration_ms: 1.55652
  type: 'test'
  ...
# Subtest: mastery keeps the best grade and paces stay independent
ok 368 - mastery keeps the best grade and paces stay independent
  ---
  duration_ms: 0.474321
  type: 'test'
  ...
# Subtest: practice can improve an earned grade but cannot create expedition progress
ok 369 - practice can improve an earned grade but cannot create expedition progress
  ---
  duration_ms: 0.325967
  type: 'test'
  ...
# Subtest: save export/import merges rather than duplicates records
ok 370 - save export/import merges rather than duplicates records
  ---
  duration_ms: 1.466811
  type: 'test'
  ...
# Subtest: current, practice and legacy records are not mixed in best score
ok 371 - current, practice and legacy records are not mixed in best score
  ---
  duration_ms: 0.688912
  type: 'test'
  ...
# Subtest: record time windows use date cutoffs and actual records
ok 372 - record time windows use date cutoffs and actual records
  ---
  duration_ms: 0.424778
  type: 'test'
  ...
# Subtest: legacy migration tolerates null and malformed rows and tags valid V1 scores
ok 373 - legacy migration tolerates null and malformed rows and tags valid V1 scores
  ---
  duration_ms: 0.406266
  type: 'test'
  ...
# Subtest: wide words allocate glyph-aware card widths
ok 374 - wide words allocate glyph-aware card widths
  ---
  duration_ms: 0.147821
  type: 'test'
  ...
# Subtest: spawned long cards remain wholly within the game field
ok 375 - spawned long cards remain wholly within the game field
  ---
  duration_ms: 7.332109
  type: 'test'
  ...
# Subtest: pause freezes cooldowns and resume does not erase partial input
ok 376 - pause freezes cooldowns and resume does not erase partial input
  ---
  duration_ms: 0.475946
  type: 'test'
  ...
# Subtest: checkpoint cannot be imported into a different pace slot
ok 377 - checkpoint cannot be imported into a different pace slot
  ---
  duration_ms: 0.434922
  type: 'test'
  ...
1..377
# tests 377
# suites 0
# pass 377
# fail 0
# cancelled 0
# skipped 0
# todo 0
# duration_ms 1113.823445
