Traceback (most recent call last):
  File "/mnt/data/tk_ui_pass/work/Typekeeper_Enchanted_Library_v3_5_1/e2e/clarity_mastery_tests.py", line 21, in <module>
    page.set_content(inline_fixture(ROOT) if args.mode=='standalone' else module_fixture(ROOT),wait_until='load');page.wait_for_function('!!window.__TM_TEST__')
    ~~~~~~~~~~~~~~~~^^^^^^^^^^^^^^^^^^^^^^^^^^^^^^^^^^^^^^^^^^^^^^^^^^^^^^^^^^^^^^^^^^^^^^^^^^^^^^^^^^^^^^^^^^^^^
  File "/opt/pyvenv/lib/python3.13/site-packages/playwright/sync_api/_generated.py", line 8982, in set_content
    self._sync(
    ~~~~~~~~~~^
        self._impl_obj.set_content(
        ^^^^^^^^^^^^^^^^^^^^^^^^^^^
            html=html, timeout=timeout, waitUntil=wait_until
            ^^^^^^^^^^^^^^^^^^^^^^^^^^^^^^^^^^^^^^^^^^^^^^^^
        )
        ^
    )
    ^
  File "/opt/pyvenv/lib/python3.13/site-packages/playwright/_impl/_sync_base.py", line 115, in _sync
    return task.result()
           ~~~~~~~~~~~^^
  File "/opt/pyvenv/lib/python3.13/site-packages/playwright/_impl/_page.py", line 543, in set_content
    return await self._main_frame.set_content(**locals_to_params(locals()))
           ^^^^^^^^^^^^^^^^^^^^^^^^^^^^^^^^^^^^^^^^^^^^^^^^^^^^^^^^^^^^^^^^
  File "/opt/pyvenv/lib/python3.13/site-packages/playwright/_impl/_frame.py", line 483, in set_content
    await self._channel.send(
        "setContent", self._navigation_timeout, locals_to_params(locals())
    )
  File "/opt/pyvenv/lib/python3.13/site-packages/playwright/_impl/_connection.py", line 69, in send
    return await self._connection.wrap_api_call(
           ^^^^^^^^^^^^^^^^^^^^^^^^^^^^^^^^^^^^^
    ...<3 lines>...
    )
    ^
  File "/opt/pyvenv/lib/python3.13/site-packages/playwright/_impl/_connection.py", line 559, in wrap_api_call
    raise rewrite_error(error, f"{parsed_st['apiName']}: {error}") from None
playwright._impl._errors.Error: Page.set_content: Page crashed
Call log:
  - setting frame content, waiting until "load"

