{"name": "Source/HTML/runtime identity and exact non-diagnostic startup both succeed", "status": "PASS", "seconds": 2.339}
{"name": "All 48 actual chapter titles have distinct rasterized scenery; scene cache stays bounded", "status": "PASS", "seconds": 1.456}
{"name": "Real chapter-5 completion, Next and saved Continue select the right chapter artwork", "status": "PASS", "seconds": 0.97}
{"name": "Revisiting chapters restores their deterministic cosmetics without stale wing layers", "status": "PASS", "seconds": 0.818}
{"name": "FIRE actual keyboard cast preserves input/selection and authoritative rules", "status": "PASS", "seconds": 1.138}
{"name": "ICE actual keyboard cast preserves input/selection and authoritative rules", "status": "PASS", "seconds": 1.094}
{"name": "SLOW actual keyboard cast preserves input/selection and authoritative rules", "status": "PASS", "seconds": 0.937}
{"name": "WIND actual keyboard cast preserves input/selection and authoritative rules", "status": "PASS", "seconds": 0.963}
{"name": "ICE freezes drift as well as words; queued SLOW waits, thaw clears and movement resumes", "status": "PASS", "seconds": 3.305}
{"name": "180 native raster masks prove frozen-card decoration never covers the word lettering", "status": "PASS", "seconds": 0.531}
{"name": "260 native spell animation samples and all six destruction paths render and finish", "status": "FAIL", "error": "AssertionError()", "seconds": 2.434}
{"name": "Pause freezes new FIRE/ICE timelines and resumes them without consuming game time", "status": "PASS", "seconds": 0.924}
{"name": "Reduced motion/high contrast keep chapter identity and word ink without particle or drift animation", "status": "PASS", "seconds": 0.555}
{"name": "Menu, New game and Retry clear transient frost/flames rather than carrying them into another run", "status": "PASS", "seconds": 3.073}
{"name": "190 varying freeze-card surfaces stay within the 12 MiB/48-entry effect cache budget", "status": "PASS", "seconds": 0.39}
Traceback (most recent call last):
  File "/mnt/data/tk_ui_pass/work/Typekeeper_Enchanted_Library_v3_5_1/e2e/chapter_art_tests.py", line 119, in <module>
    check('Actual chapter comparison and FIRE/ICE captures at laptop and 1080p sizes',screenshots)
    ~~~~~^^^^^^^^^^^^^^^^^^^^^^^^^^^^^^^^^^^^^^^^^^^^^^^^^^^^^^^^^^^^^^^^^^^^^^^^^^^^^^^^^^^^^^^^^
  File "/mnt/data/tk_ui_pass/work/Typekeeper_Enchanted_Library_v3_5_1/e2e/chapter_art_tests.py", line 28, in check
    page.screenshot(path=str(OUT/f'failure-chapter-{args.mode}-{len(rows)}.png'))
    ~~~~~~~~~~~~~~~^^^^^^^^^^^^^^^^^^^^^^^^^^^^^^^^^^^^^^^^^^^^^^^^^^^^^^^^^^^^^^
  File "/opt/pyvenv/lib/python3.13/site-packages/playwright/sync_api/_generated.py", line 9815, in screenshot
    self._sync(
    ~~~~~~~~~~^
        self._impl_obj.screenshot(
        ^^^^^^^^^^^^^^^^^^^^^^^^^^
    ...<13 lines>...
        )
        ^
    )
    ^
  File "/opt/pyvenv/lib/python3.13/site-packages/playwright/_impl/_sync_base.py", line 115, in _sync
    return task.result()
           ~~~~~~~~~~~^^
  File "/opt/pyvenv/lib/python3.13/site-packages/playwright/_impl/_page.py", line 814, in screenshot
    encoded_binary = await self._channel.send(
                     ^^^^^^^^^^^^^^^^^^^^^^^^^
        "screenshot", self._timeout_settings.timeout, params
        ^^^^^^^^^^^^^^^^^^^^^^^^^^^^^^^^^^^^^^^^^^^^^^^^^^^^
    )
    ^
  File "/opt/pyvenv/lib/python3.13/site-packages/playwright/_impl/_connection.py", line 69, in send
    return await self._connection.wrap_api_call(
           ^^^^^^^^^^^^^^^^^^^^^^^^^^^^^^^^^^^^^
    ...<3 lines>...
    )
    ^
  File "/opt/pyvenv/lib/python3.13/site-packages/playwright/_impl/_connection.py", line 559, in wrap_api_call
    raise rewrite_error(error, f"{parsed_st['apiName']}: {error}") from None
playwright._impl._errors.TargetClosedError: Page.screenshot: Target page, context or browser has been closed
