{"name": "3.5 identity and clean first-load contextual prompts", "status": "PASS", "seconds": 0.119}
{"name": "First exact word reveals ENTER \u00b7 SAVE; no auto-submit, focus theft or repeat tutorial", "status": "PASS", "seconds": 1.705}
{"name": "The genuine sixth-card ICE opportunity teaches only when ready and preserves scarce economy", "status": "PASS", "seconds": 1.161}
{"name": "One star / 100% result explicitly shows three misses and the exact next-star requirement", "status": "PASS", "seconds": 0.396}
{"name": "Both miss and wrong-submission deficits are explained; no fake improvement is shown", "status": "PASS", "seconds": 0.062}
{"name": "Real star gains and +120 scoped PB appear once using previous values, including return from map", "status": "PASS", "seconds": 0.506}
{"name": "Practice attempts cannot beat or relabel a campaign PB; a tied repeat does not celebrate", "status": "PASS", "seconds": 0.101}
{"name": "8/16/64 model milestones, sound and visual stamp agree; 5/15/63/72 do not falsely celebrate", "status": "PASS", "seconds": 0.841}
{"name": "Continue preserves an existing multiplier without re-awarding its animation or sound", "status": "PASS", "seconds": 0.031}
{"name": "14px effective key labels, single-line long words and unclipped captions at four viewport sizes", "status": "PASS", "seconds": 2.297}
{"name": "All seven intermediate wings celebrate, keyboard-skip safely and continue to the correct next chapter", "status": "PASS", "seconds": 5.056}
{"name": "Campaign 48 plays the complete four-second finale, lights all eight seals and opens Endless", "status": "PASS", "seconds": 4.709}
{"name": "Practice 48 and Endless never trigger or claim the campaign ending", "status": "PASS", "seconds": 0.209}
{"name": "Reduced motion immediately presents a static complete ending with usable keyboard navigation", "status": "PASS", "seconds": 0.383}
{"name": "Held Enter does not skip; Escape/button skip once and old ceremonies cannot reopen a later menu", "status": "PASS", "seconds": 4.851}
{"name": "Visibility-change fixture suspends ceremony time and resumes without progressing gameplay", "status": "PASS", "seconds": 0.767}
{"name": "Actual WebAudio finale motif schedules and cancels cleanly; independent SFX-off keeps the visual reward", "status": "PASS", "seconds": 0.522}
node:events:486
      throw er; // Unhandled 'error' event
      ^

Error: write EPIPE
    at afterWriteDispatched (node:internal/stream_base_commons:159:15)
    at writeGeneric (node:internal/stream_base_commons:150:3)
    at Socket._writeGeneric (node:net:966:11)
    at Socket._write (node:net:978:8)
    at writeOrBuffer (node:internal/streams/writable:570:12)
    at _write (node:internal/streams/writable:499:10)
    at Writable.write (node:internal/streams/writable:508:10)
    at PipeTransport.send (/opt/pyvenv/lib/python3.13/site-packages/playwright/driver/package/lib/server/utils/pipeTransport.js:52:21)
    at dispatcherConnection.onmessage (/opt/pyvenv/lib/python3.13/site-packages/playwright/driver/package/lib/cli/driver.js:60:59)
    at DispatcherConnection.dispatch (/opt/pyvenv/lib/python3.13/site-packages/playwright/driver/package/lib/server/dispatchers/dispatcher.js:354:10)
Emitted 'error' event on Socket instance at:
    at emitErrorNT (node:internal/streams/destroy:170:8)
    at emitErrorCloseNT (node:internal/streams/destroy:129:3)
    at process.processTicksAndRejections (node:internal/process/task_queues:89:21) {
  errno: -32,
  code: 'EPIPE',
  syscall: 'write'
}

Node.js v24.11.1
