TAP version 13
# Subtest: Differential-test reference hashes match the immutable user-uploaded 3.4.0 source
ok 1 - Differential-test reference hashes match the immutable user-uploaded 3.4.0 source
  ---
  duration_ms: 2.218687
  type: 'test'
  ...
# Subtest: All authored rules, pace curves, power metadata and 1..100 chapter configurations match 3.4
ok 2 - All authored rules, pace curves, power metadata and 1..100 chapter configurations match 3.4
  ---
  duration_ms: 2.59282
  type: 'test'
  ...
# Subtest: 3.4 → 3.5 authoritative parity: chapter 1, all three paces, identical genuine spawns/actions
ok 3 - 3.4 → 3.5 authoritative parity: chapter 1, all three paces, identical genuine spawns/actions
  ---
  duration_ms: 28.908939
  type: 'test'
  ...
# Subtest: 3.4 → 3.5 authoritative parity: chapter 2, all three paces, identical genuine spawns/actions
ok 4 - 3.4 → 3.5 authoritative parity: chapter 2, all three paces, identical genuine spawns/actions
  ---
  duration_ms: 17.79911
  type: 'test'
  ...
# Subtest: 3.4 → 3.5 authoritative parity: chapter 3, all three paces, identical genuine spawns/actions
ok 5 - 3.4 → 3.5 authoritative parity: chapter 3, all three paces, identical genuine spawns/actions
  ---
  duration_ms: 24.999529
  type: 'test'
  ...
# Subtest: 3.4 → 3.5 authoritative parity: chapter 4, all three paces, identical genuine spawns/actions
ok 6 - 3.4 → 3.5 authoritative parity: chapter 4, all three paces, identical genuine spawns/actions
  ---
  duration_ms: 20.230106
  type: 'test'
  ...
# Subtest: 3.4 → 3.5 authoritative parity: chapter 5, all three paces, identical genuine spawns/actions
ok 7 - 3.4 → 3.5 authoritative parity: chapter 5, all three paces, identical genuine spawns/actions
  ---
  duration_ms: 11.396951
  type: 'test'
  ...
# Subtest: 3.4 → 3.5 authoritative parity: chapter 6, all three paces, identical genuine spawns/actions
ok 8 - 3.4 → 3.5 authoritative parity: chapter 6, all three paces, identical genuine spawns/actions
  ---
  duration_ms: 16.995792
  type: 'test'
  ...
# Subtest: 3.4 → 3.5 authoritative parity: chapter 7, all three paces, identical genuine spawns/actions
ok 9 - 3.4 → 3.5 authoritative parity: chapter 7, all three paces, identical genuine spawns/actions
  ---
  duration_ms: 20.687624
  type: 'test'
  ...
# Subtest: 3.4 → 3.5 authoritative parity: chapter 8, all three paces, identical genuine spawns/actions
ok 10 - 3.4 → 3.5 authoritative parity: chapter 8, all three paces, identical genuine spawns/actions
  ---
  duration_ms: 20.594143
  type: 'test'
  ...
# Subtest: 3.4 → 3.5 authoritative parity: chapter 9, all three paces, identical genuine spawns/actions
ok 11 - 3.4 → 3.5 authoritative parity: chapter 9, all three paces, identical genuine spawns/actions
  ---
  duration_ms: 14.887681
  type: 'test'
  ...
# Subtest: 3.4 → 3.5 authoritative parity: chapter 10, all three paces, identical genuine spawns/actions
ok 12 - 3.4 → 3.5 authoritative parity: chapter 10, all three paces, identical genuine spawns/actions
  ---
  duration_ms: 22.305303
  type: 'test'
  ...
# Subtest: 3.4 → 3.5 authoritative parity: chapter 11, all three paces, identical genuine spawns/actions
ok 13 - 3.4 → 3.5 authoritative parity: chapter 11, all three paces, identical genuine spawns/actions
  ---
  duration_ms: 16.666657
  type: 'test'
  ...
# Subtest: 3.4 → 3.5 authoritative parity: chapter 12, all three paces, identical genuine spawns/actions
ok 14 - 3.4 → 3.5 authoritative parity: chapter 12, all three paces, identical genuine spawns/actions
  ---
  duration_ms: 23.75639
  type: 'test'
  ...
# Subtest: 3.4 → 3.5 authoritative parity: chapter 13, all three paces, identical genuine spawns/actions
ok 15 - 3.4 → 3.5 authoritative parity: chapter 13, all three paces, identical genuine spawns/actions
  ---
  duration_ms: 22.587292
  type: 'test'
  ...
# Subtest: 3.4 → 3.5 authoritative parity: chapter 14, all three paces, identical genuine spawns/actions
ok 16 - 3.4 → 3.5 authoritative parity: chapter 14, all three paces, identical genuine spawns/actions
  ---
  duration_ms: 18.786204
  type: 'test'
  ...
# Subtest: 3.4 → 3.5 authoritative parity: chapter 15, all three paces, identical genuine spawns/actions
ok 17 - 3.4 → 3.5 authoritative parity: chapter 15, all three paces, identical genuine spawns/actions
  ---
  duration_ms: 16.462379
  type: 'test'
  ...
# Subtest: 3.4 → 3.5 authoritative parity: chapter 16, all three paces, identical genuine spawns/actions
ok 18 - 3.4 → 3.5 authoritative parity: chapter 16, all three paces, identical genuine spawns/actions
  ---
  duration_ms: 17.519816
  type: 'test'
  ...
# Subtest: 3.4 → 3.5 authoritative parity: chapter 17, all three paces, identical genuine spawns/actions
ok 19 - 3.4 → 3.5 authoritative parity: chapter 17, all three paces, identical genuine spawns/actions
  ---
  duration_ms: 18.306943
  type: 'test'
  ...
# Subtest: 3.4 → 3.5 authoritative parity: chapter 18, all three paces, identical genuine spawns/actions
ok 20 - 3.4 → 3.5 authoritative parity: chapter 18, all three paces, identical genuine spawns/actions
  ---
  duration_ms: 28.995901
  type: 'test'
  ...
# Subtest: 3.4 → 3.5 authoritative parity: chapter 19, all three paces, identical genuine spawns/actions
ok 21 - 3.4 → 3.5 authoritative parity: chapter 19, all three paces, identical genuine spawns/actions
  ---
  duration_ms: 18.290859
  type: 'test'
  ...
# Subtest: 3.4 → 3.5 authoritative parity: chapter 20, all three paces, identical genuine spawns/actions
ok 22 - 3.4 → 3.5 authoritative parity: chapter 20, all three paces, identical genuine spawns/actions
  ---
  duration_ms: 16.360932
  type: 'test'
  ...
# Subtest: 3.4 → 3.5 authoritative parity: chapter 21, all three paces, identical genuine spawns/actions
ok 23 - 3.4 → 3.5 authoritative parity: chapter 21, all three paces, identical genuine spawns/actions
  ---
  duration_ms: 15.227853
  type: 'test'
  ...
# Subtest: 3.4 → 3.5 authoritative parity: chapter 22, all three paces, identical genuine spawns/actions
ok 24 - 3.4 → 3.5 authoritative parity: chapter 22, all three paces, identical genuine spawns/actions
  ---
  duration_ms: 19.956345
  type: 'test'
  ...
# Subtest: 3.4 → 3.5 authoritative parity: chapter 23, all three paces, identical genuine spawns/actions
ok 25 - 3.4 → 3.5 authoritative parity: chapter 23, all three paces, identical genuine spawns/actions
  ---
  duration_ms: 16.491123
  type: 'test'
  ...
# Subtest: 3.4 → 3.5 authoritative parity: chapter 24, all three paces, identical genuine spawns/actions
ok 26 - 3.4 → 3.5 authoritative parity: chapter 24, all three paces, identical genuine spawns/actions
  ---
  duration_ms: 23.113388
  type: 'test'
  ...
# Subtest: 3.4 → 3.5 authoritative parity: chapter 25, all three paces, identical genuine spawns/actions
ok 27 - 3.4 → 3.5 authoritative parity: chapter 25, all three paces, identical genuine spawns/actions
  ---
  duration_ms: 14.445105
  type: 'test'
  ...
# Subtest: 3.4 → 3.5 authoritative parity: chapter 26, all three paces, identical genuine spawns/actions
ok 28 - 3.4 → 3.5 authoritative parity: chapter 26, all three paces, identical genuine spawns/actions
  ---
  duration_ms: 14.1888
  type: 'test'
  ...
# Subtest: 3.4 → 3.5 authoritative parity: chapter 27, all three paces, identical genuine spawns/actions
ok 29 - 3.4 → 3.5 authoritative parity: chapter 27, all three paces, identical genuine spawns/actions
  ---
  duration_ms: 14.212335
  type: 'test'
  ...
# Subtest: 3.4 → 3.5 authoritative parity: chapter 28, all three paces, identical genuine spawns/actions
ok 30 - 3.4 → 3.5 authoritative parity: chapter 28, all three paces, identical genuine spawns/actions
  ---
  duration_ms: 13.854747
  type: 'test'
  ...
# Subtest: 3.4 → 3.5 authoritative parity: chapter 29, all three paces, identical genuine spawns/actions
ok 31 - 3.4 → 3.5 authoritative parity: chapter 29, all three paces, identical genuine spawns/actions
  ---
  duration_ms: 15.963048
  type: 'test'
  ...
# Subtest: 3.4 → 3.5 authoritative parity: chapter 30, all three paces, identical genuine spawns/actions
ok 32 - 3.4 → 3.5 authoritative parity: chapter 30, all three paces, identical genuine spawns/actions
  ---
  duration_ms: 15.867175
  type: 'test'
  ...
# Subtest: 3.4 → 3.5 authoritative parity: chapter 31, all three paces, identical genuine spawns/actions
ok 33 - 3.4 → 3.5 authoritative parity: chapter 31, all three paces, identical genuine spawns/actions
  ---
  duration_ms: 16.080986
  type: 'test'
  ...
# Subtest: 3.4 → 3.5 authoritative parity: chapter 32, all three paces, identical genuine spawns/actions
ok 34 - 3.4 → 3.5 authoritative parity: chapter 32, all three paces, identical genuine spawns/actions
  ---
  duration_ms: 25.103741
  type: 'test'
  ...
# Subtest: 3.4 → 3.5 authoritative parity: chapter 33, all three paces, identical genuine spawns/actions
ok 35 - 3.4 → 3.5 authoritative parity: chapter 33, all three paces, identical genuine spawns/actions
  ---
  duration_ms: 21.470586
  type: 'test'
  ...
# Subtest: 3.4 → 3.5 authoritative parity: chapter 34, all three paces, identical genuine spawns/actions
ok 36 - 3.4 → 3.5 authoritative parity: chapter 34, all three paces, identical genuine spawns/actions
  ---
  duration_ms: 15.150256
  type: 'test'
  ...
# Subtest: 3.4 → 3.5 authoritative parity: chapter 35, all three paces, identical genuine spawns/actions
ok 37 - 3.4 → 3.5 authoritative parity: chapter 35, all three paces, identical genuine spawns/actions
  ---
  duration_ms: 64.531771
  type: 'test'
  ...
# Subtest: 3.4 → 3.5 authoritative parity: chapter 36, all three paces, identical genuine spawns/actions
ok 38 - 3.4 → 3.5 authoritative parity: chapter 36, all three paces, identical genuine spawns/actions
  ---
  duration_ms: 18.415487
  type: 'test'
  ...
# Subtest: 3.4 → 3.5 authoritative parity: chapter 37, all three paces, identical genuine spawns/actions
ok 39 - 3.4 → 3.5 authoritative parity: chapter 37, all three paces, identical genuine spawns/actions
  ---
  duration_ms: 22.938459
  type: 'test'
  ...
# Subtest: 3.4 → 3.5 authoritative parity: chapter 38, all three paces, identical genuine spawns/actions
ok 40 - 3.4 → 3.5 authoritative parity: chapter 38, all three paces, identical genuine spawns/actions
  ---
  duration_ms: 28.012641
  type: 'test'
  ...
# Subtest: 3.4 → 3.5 authoritative parity: chapter 39, all three paces, identical genuine spawns/actions
ok 41 - 3.4 → 3.5 authoritative parity: chapter 39, all three paces, identical genuine spawns/actions
  ---
  duration_ms: 31.579897
  type: 'test'
  ...
# Subtest: 3.4 → 3.5 authoritative parity: chapter 40, all three paces, identical genuine spawns/actions
ok 42 - 3.4 → 3.5 authoritative parity: chapter 40, all three paces, identical genuine spawns/actions
  ---
  duration_ms: 21.669226
  type: 'test'
  ...
# Subtest: 3.4 → 3.5 authoritative parity: chapter 41, all three paces, identical genuine spawns/actions
ok 43 - 3.4 → 3.5 authoritative parity: chapter 41, all three paces, identical genuine spawns/actions
  ---
  duration_ms: 17.34082
  type: 'test'
  ...
# Subtest: 3.4 → 3.5 authoritative parity: chapter 42, all three paces, identical genuine spawns/actions
ok 44 - 3.4 → 3.5 authoritative parity: chapter 42, all three paces, identical genuine spawns/actions
  ---
  duration_ms: 16.931766
  type: 'test'
  ...
# Subtest: 3.4 → 3.5 authoritative parity: chapter 43, all three paces, identical genuine spawns/actions
ok 45 - 3.4 → 3.5 authoritative parity: chapter 43, all three paces, identical genuine spawns/actions
  ---
  duration_ms: 19.3547
  type: 'test'
  ...
# Subtest: 3.4 → 3.5 authoritative parity: chapter 44, all three paces, identical genuine spawns/actions
ok 46 - 3.4 → 3.5 authoritative parity: chapter 44, all three paces, identical genuine spawns/actions
  ---
  duration_ms: 16.373796
  type: 'test'
  ...
# Subtest: 3.4 → 3.5 authoritative parity: chapter 45, all three paces, identical genuine spawns/actions
ok 47 - 3.4 → 3.5 authoritative parity: chapter 45, all three paces, identical genuine spawns/actions
  ---
  duration_ms: 17.810477
  type: 'test'
  ...
# Subtest: 3.4 → 3.5 authoritative parity: chapter 46, all three paces, identical genuine spawns/actions
ok 48 - 3.4 → 3.5 authoritative parity: chapter 46, all three paces, identical genuine spawns/actions
  ---
  duration_ms: 24.965518
  type: 'test'
  ...
# Subtest: 3.4 → 3.5 authoritative parity: chapter 47, all three paces, identical genuine spawns/actions
ok 49 - 3.4 → 3.5 authoritative parity: chapter 47, all three paces, identical genuine spawns/actions
  ---
  duration_ms: 29.280944
  type: 'test'
  ...
# Subtest: 3.4 → 3.5 authoritative parity: chapter 48, all three paces, identical genuine spawns/actions
ok 50 - 3.4 → 3.5 authoritative parity: chapter 48, all three paces, identical genuine spawns/actions
  ---
  duration_ms: 18.118696
  type: 'test'
  ...
# Subtest: Miss, late-submit, compound FIRE/ICE/SLOW/WIND, and restoration retain exact 3.4 authority
ok 51 - Miss, late-submit, compound FIRE/ICE/SLOW/WIND, and restoration retain exact 3.4 authority
  ---
  duration_ms: 6.531914
  type: 'test'
  ...
# Subtest: Star explanation shares the actual thresholds, including both simultaneous deficits
ok 52 - Star explanation shares the actual thresholds, including both simultaneous deficits
  ---
  duration_ms: 1.393215
  type: 'test'
  ...
# Subtest: Every generated next-star instruction actually reaches that star when fulfilled
ok 53 - Every generated next-star instruction actually reaches that star when fulfilled
  ---
  duration_ms: 2.46693
  type: 'test'
  ...
# Subtest: 100% submission accuracy with three misses remains one star, not a new scoring rule
ok 54 - 100% submission accuracy with three misses remains one star, not a new scoring rule
  ---
  duration_ms: 1.397372
  type: 'test'
  ...
# Subtest: Eight real multiplier upgrades occur at 8..64, never at 5/15 or after cap
ok 55 - Eight real multiplier upgrades occur at 8..64, never at 5/15 or after cap
  ---
  duration_ms: 2.244686
  type: 'test'
  ...
# Subtest: Authoritative 7 → 8 event and word points agree
ok 56 - Authoritative 7 → 8 event and word points agree
  ---
  duration_ms: 0.650058
  type: 'test'
  ...
# Subtest: Authoritative 15 → 16 event and word points agree
ok 57 - Authoritative 15 → 16 event and word points agree
  ---
  duration_ms: 0.430247
  type: 'test'
  ...
# Subtest: Authoritative 63 → 64 event and word points agree
ok 58 - Authoritative 63 → 64 event and word points agree
  ---
  duration_ms: 0.26629
  type: 'test'
  ...
# Subtest: Wrong input resets the multiplier; next correct input does not invent a level-up
ok 59 - Wrong input resets the multiplier; next correct input does not invent a level-up
  ---
  duration_ms: 0.41839
  type: 'test'
  ...
# Subtest: Restoring an existing streak/checkpoint emits no spurious multiplier upgrade
not ok 60 - Restoring an existing streak/checkpoint emits no spurious multiplier upgrade
  ---
  duration_ms: 10.446602
  type: 'test'
  location: '/mnt/data/typekeeper_work/Typekeeper_Enchanted_Library_v3_5_0/tests/clarity-mastery.test.mjs:56:1'
  failureType: 'testCodeFailure'
  error: |-
    The expression evaluated to a falsy value:
    
      assert(b.restoreCheckpoint(cp))
    
  code: 'ERR_ASSERTION'
  name: 'AssertionError'
  expected: true
  operator: '=='
  stack: |-
    TestContext.<anonymous> (file:///mnt/data/typekeeper_work/Typekeeper_Enchanted_Library_v3_5_0/tests/clarity-mastery.test.mjs:58:16)
    Test.runInAsyncScope (node:async_hooks:214:14)
    Test.run (node:internal/test_runner/test:1047:25)
    Test.processPendingSubtests (node:internal/test_runner/test:744:18)
    Test.postRun (node:internal/test_runner/test:1173:19)
    Test.run (node:internal/test_runner/test:1101:12)
    async Test.processPendingSubtests (node:internal/test_runner/test:744:7)
  ...
# Subtest: Audio milestone reacts to one model event, not its own correct-word modulus
not ok 61 - Audio milestone reacts to one model event, not its own correct-word modulus
  ---
  duration_ms: 1.111161
  type: 'test'
  location: '/mnt/data/typekeeper_work/Typekeeper_Enchanted_Library_v3_5_0/tests/clarity-mastery.test.mjs:60:1'
  failureType: 'testCodeFailure'
  error: |-
    Expected values to be strictly equal:
    
    0 !== 1
    
  code: 'ERR_ASSERTION'
  name: 'AssertionError'
  expected: 1
  actual: 0
  operator: 'strictEqual'
  stack: |-
    TestContext.<anonymous> (file:///mnt/data/typekeeper_work/Typekeeper_Enchanted_Library_v3_5_0/tests/clarity-mastery.test.mjs:64:69)
    Test.runInAsyncScope (node:async_hooks:214:14)
    Test.run (node:internal/test_runner/test:1047:25)
    Test.processPendingSubtests (node:internal/test_runner/test:744:18)
    Test.postRun (node:internal/test_runner/test:1173:19)
    Test.run (node:internal/test_runner/test:1101:12)
    async Test.processPendingSubtests (node:internal/test_runner/test:744:7)
  ...
# Subtest: Record keys isolate all 288 pace/mode/chapter combinations and the ruleset
ok 62 - Record keys isolate all 288 pace/mode/chapter combinations and the ruleset
  ---
  duration_ms: 0.760334
  type: 'test'
  ...
# Subtest: Chapter PB captures the previous atomic attempt before updating
ok 63 - Chapter PB captures the previous atomic attempt before updating
  ---
  duration_ms: 0.661825
  type: 'test'
  ...
# Subtest: Ties/lower scores never mix WPM, accuracy or medal maxima into the score-best attempt
ok 64 - Ties/lower scores never mix WPM, accuracy or medal maxima into the score-best attempt
  ---
  duration_ms: 0.41904
  type: 'test'
  ...
# Subtest: Practice, different pace and other chapter cannot beat a campaign chapter PB
ok 65 - Practice, different pace and other chapter cannot beat a campaign chapter PB
  ---
  duration_ms: 0.556787
  type: 'test'
  ...
# Subtest: Old saves preserve settings, mastery and checkpoints without inventing scoped PBs
ok 66 - Old saves preserve settings, mastery and checkpoints without inventing scoped PBs
  ---
  duration_ms: 1.406145
  type: 'test'
  ...
# Subtest: Scoped save round trip retains actual word sequence provenance
ok 67 - Scoped save round trip retains actual word sequence provenance
  ---
  duration_ms: 0.359772
  type: 'test'
  ...
# Subtest: Malformed or unscoped imports are rejected instead of promoted to a trusted PB
ok 68 - Malformed or unscoped imports are rejected instead of promoted to a trusted PB
  ---
  duration_ms: 0.320152
  type: 'test'
  ...
# Subtest: Missing random provenance stays missing, not a fabricated seed or sequence version
ok 69 - Missing random provenance stays missing, not a fabricated seed or sequence version
  ---
  duration_ms: 0.104838
  type: 'test'
  ...
# Subtest: Mastery improvement has priority; unchanged attempts receive no fake celebration
ok 70 - Mastery improvement has priority; unchanged attempts receive no fake celebration
  ---
  duration_ms: 17.929586
  type: 'test'
  ...
# Subtest: ENTER guidance is exact-match only and disappears after first actual save
ok 71 - ENTER guidance is exact-match only and disappears after first actual save
  ---
  duration_ms: 0.256576
  type: 'test'
  ...
# Subtest: ICE hint waits for a usable spell and six visible active seconds, not wall time
ok 72 - ICE hint waits for a usable spell and six visible active seconds, not wall time
  ---
  duration_ms: 0.336416
  type: 'test'
  ...
# Subtest: Hint toggle and pause hide prompts without consuming their learning window
ok 73 - Hint toggle and pause hide prompts without consuming their learning window
  ---
  duration_ms: 0.155554
  type: 'test'
  ...
# Subtest: Laptop helper labels meet the proposed 14 CSS-pixel target without changing word geometry
ok 74 - Laptop helper labels meet the proposed 14 CSS-pixel target without changing word geometry
  ---
  duration_ms: 0.218498
  type: 'test'
  ...
# Subtest: Journey metadata exists at exactly eight campaign boundaries, never practice/endless
ok 75 - Journey metadata exists at exactly eight campaign boundaries, never practice/endless
  ---
  duration_ms: 0.289525
  type: 'test'
  ...
# Subtest: Restored wing markers require all six campaign clears, not practice-only stars
ok 76 - Restored wing markers require all six campaign clears, not practice-only stars
  ---
  duration_ms: 0.235444
  type: 'test'
  ...
# Subtest: Eight distinct small seals and landmarks reuse bounded identities beyond the campaign
ok 77 - Eight distinct small seals and landmarks reuse bounded identities beyond the campaign
  ---
  duration_ms: 0.226351
  type: 'test'
  ...
# Subtest: wing ceremony is bounded, pausable, skippable, cancel-safe and motion-optional
ok 78 - wing ceremony is bounded, pausable, skippable, cancel-safe and motion-optional
  ---
  duration_ms: 0.68475
  type: 'test'
  ...
# Subtest: finale ceremony is bounded, pausable, skippable, cancel-safe and motion-optional
ok 79 - finale ceremony is bounded, pausable, skippable, cancel-safe and motion-optional
  ---
  duration_ms: 0.088943
  type: 'test'
  ...
1..79
# tests 79
# suites 0
# pass 77
# fail 2
# cancelled 0
# skipped 0
# todo 0
# duration_ms 1092.390259
