{
  "scope": "Controlled 12-card browser profile with four-layer music and real typing\nfeedback. Diagnostic fixtures hold positions and replenish cards; scores/Enter,\nrenderer, DOM and synthesis are shipping code. Not a human run or device benchmark.\n",
  "shippingSHA256": "02c17d77a87c20d539f521d2df2d72e895508eec6ed96cec0b5f4382ae661da9",
  "browser": "144.0.7559.96",
  "viewport": {
    "width": 1440,
    "height": 1040
  },
  "frameIntervals": 300,
  "averageFPS": 55.39,
  "medianFrameMs": 16.699999999999818,
  "p95FrameMs": 33.30000000000018,
  "maxFrameMs": 33.400000000000546,
  "medianCanvasDrawMs": 1.0,
  "pressure": 95,
  "audioSources": 4,
  "peakParticles": 19,
  "peakGleams": 1,
  "peakToneVoices": 7,
  "peakNoiseVoices": 1,
  "cardRange": [
    12,
    12
  ],
  "unhandledErrors": []
}
