{"name": "Shipped document, running model and build tag all identify the new quota release", "status": "PASS", "seconds": 0.015}
{"name": "All 48 chapter HUD denominators agree with the model in all three paces; none is 13", "status": "PASS", "seconds": 1.078}
{"name": "classic chapter 3: real Enter at word 13 keeps playing; word 14 clears exactly once", "status": "PASS", "seconds": 1.076}
{"name": "classic chapter 4: real Enter at word 13 keeps playing; word 14 clears exactly once", "status": "PASS", "seconds": 1.036}
{"name": "relaxed chapter 3: real Enter at word 13 keeps playing; word 14 clears exactly once", "status": "PASS", "seconds": 0.805}
{"name": "relaxed chapter 4: real Enter at word 13 keeps playing; word 14 clears exactly once", "status": "PASS", "seconds": 0.559}
{"name": "maniac chapter 3: real Enter at word 13 keeps playing; word 14 clears exactly once", "status": "PASS", "seconds": 0.493}
{"name": "maniac chapter 4: real Enter at word 13 keeps playing; word 14 clears exactly once", "status": "PASS", "seconds": 0.502}
{"name": "Real room-layer pixels change only in the shelf art; live-word corridor remains byte-identical", "status": "PASS", "seconds": 0.67}
{"name": "Regenerating aged paper/leather produces identical pixels without moving either model RNG", "status": "PASS", "seconds": 0.257}
{"name": "Repeated traversal of every wing keeps the existing two-layer cache bounded", "status": "PASS", "seconds": 2.182}
{"name": "1920x1080: fourteen-word HUD, targeting, paper input and score retain their layout under pressure", "status": "PASS", "seconds": 1.855}
{"name": "1440x900: fourteen-word HUD, targeting, paper input and score retain their layout under pressure", "status": "PASS", "seconds": 0.278}
{"name": "1366x768: fourteen-word HUD, targeting, paper input and score retain their layout under pressure", "status": "PASS", "seconds": 0.57}
{"name": "1280x720: fourteen-word HUD, targeting, paper input and score retain their layout under pressure", "status": "PASS", "seconds": 0.21}
{"name": "1024x768: fourteen-word HUD, targeting, paper input and score retain their layout under pressure", "status": "PASS", "seconds": 0.233}
{"name": "1024x600: fourteen-word HUD, targeting, paper input and score retain their layout under pressure", "status": "PASS", "seconds": 0.492}
{"name": "800x600: fourteen-word HUD, targeting, paper input and score retain their layout under pressure", "status": "PASS", "seconds": 0.48}
{"name": "960x540: fourteen-word HUD, targeting, paper input and score retain their layout under pressure", "status": "PASS", "seconds": 0.195}
{"name": "640x480: fourteen-word HUD, targeting, paper input and score retain their layout under pressure", "status": "PASS", "seconds": 0.176}
{"name": "2560x1080: fourteen-word HUD, targeting, paper input and score retain their layout under pressure", "status": "PASS", "seconds": 0.287}
{"name": "768x1024: fourteen-word HUD, targeting, paper input and score retain their layout under pressure", "status": "PASS", "seconds": 0.205}
{"name": "360x640: fourteen-word HUD, targeting, paper input and score retain their layout under pressure", "status": "PASS", "seconds": 0.212}
{"name": "High contrast and reduced motion retain the physical book without new background animation", "status": "PASS", "seconds": 0.552}
{"name": "Actual file import retains old PBs and displays the continued old run as EARLIER RULES", "status": "PASS", "seconds": 1.172}
{"name": "After migration, Fresh Journey preserves all unlocks/PBs and later chapter Practice does not overwrite Continue", "status": "PASS", "seconds": 1.618}
{"name": "Actual download/export preserves historical score collections and earned chapter access", "status": "PASS", "seconds": 0.082}
{"name": "FIRE keeps its original action/resource behavior beside the new shelf artwork", "status": "PASS", "seconds": 0.616}
{"name": "ICE keeps its original action/resource behavior beside the new shelf artwork", "status": "PASS", "seconds": 0.607}
{"name": "SLOW keeps its original action/resource behavior beside the new shelf artwork", "status": "PASS", "seconds": 0.652}
{"name": "WIND keeps its original action/resource behavior beside the new shelf artwork", "status": "PASS", "seconds": 0.528}
{"name": "Unmodified production document starts without exposing the diagnostic API", "status": "PASS", "seconds": 2.634}
