$ npm ci --offline --ignore-scripts --no-audit --no-fund

up to date in 220ms


$ npm test

> typekeeper-enchanted-library@3.1.0 test
> node --test

TAP version 13
# Subtest: relaxed: all 48 chapters stay within smooth speed and interval bounds
ok 1 - relaxed: all 48 chapters stay within smooth speed and interval bounds
  ---
  duration_ms: 1.963289
  type: 'test'
  ...
# Subtest: relaxed: all spawned ordinary and power cards remain fully readable and non-overlapping
ok 2 - relaxed: all spawned ordinary and power cards remain fully readable and non-overlapping
  ---
  duration_ms: 81.18423
  type: 'test'
  ...
# Subtest: classic: all 48 chapters stay within smooth speed and interval bounds
ok 3 - classic: all 48 chapters stay within smooth speed and interval bounds
  ---
  duration_ms: 0.233623
  type: 'test'
  ...
# Subtest: classic: all spawned ordinary and power cards remain fully readable and non-overlapping
ok 4 - classic: all spawned ordinary and power cards remain fully readable and non-overlapping
  ---
  duration_ms: 66.789198
  type: 'test'
  ...
# Subtest: maniac: all 48 chapters stay within smooth speed and interval bounds
ok 5 - maniac: all 48 chapters stay within smooth speed and interval bounds
  ---
  duration_ms: 0.260354
  type: 'test'
  ...
# Subtest: maniac: all spawned ordinary and power cards remain fully readable and non-overlapping
ok 6 - maniac: all spawned ordinary and power cards remain fully readable and non-overlapping
  ---
  duration_ms: 80.79979
  type: 'test'
  ...
# Subtest: vocabulary mixture is normalized at every campaign and endless chapter
ok 7 - vocabulary mixture is normalized at every campaign and endless chapter
  ---
  duration_ms: 0.672617
  type: 'test'
  ...
# Subtest: no abrupt dictionary mix switch remains at 5, 13, 25 or 37
ok 8 - no abrupt dictionary mix switch remains at 5, 13, 25 or 37
  ---
  duration_ms: 0.139701
  type: 'test'
  ...
# Subtest: newly introduced words obey their chapter length cap
ok 9 - newly introduced words obey their chapter length cap
  ---
  duration_ms: 1.624567
  type: 'test'
  ...
# Subtest: a fast clear shortens empty-field downtime without changing falling speed
ok 10 - a fast clear shortens empty-field downtime without changing falling speed
  ---
  duration_ms: 0.465053
  type: 'test'
  ...
# Subtest: empty-field acceleration never interrupts a trial breathing interval
ok 11 - empty-field acceleration never interrupts a trial breathing interval
  ---
  duration_ms: 0.213132
  type: 'test'
  ...
# Subtest: trial spawns follow five-word waves with a visible breathing interval
ok 12 - trial spawns follow five-word waves with a visible breathing interval
  ---
  duration_ms: 0.234134
  type: 'test'
  ...
# Subtest: no surplus cards are spawned when the board already contains the remaining quota
ok 13 - no surplus cards are spawned when the board already contains the remaining quota
  ---
  duration_ms: 0.096616
  type: 'test'
  ...
# Subtest: a final-word completion clears exactly once with no stranded next-stage timers
ok 14 - a final-word completion clears exactly once with no stranded next-stage timers
  ---
  duration_ms: 0.625967
  type: 'test'
  ...
# Subtest: active text duplicates do not occur in authored spawns
ok 15 - active text duplicates do not occur in authored spawns
  ---
  duration_ms: 2.287009
  type: 'test'
  ...
# Subtest: blocked spawn preserves the exact next card rather than rerolling its reward
ok 16 - blocked spawn preserves the exact next card rather than rerolling its reward
  ---
  duration_ms: 0.238821
  type: 'test'
  ...
# Subtest: a shuffled power cycle includes all four spells before repeating
ok 17 - a shuffled power cycle includes all four spells before repeating
  ---
  duration_ms: 0.549041
  type: 'test'
  ...
# Subtest: power selection prefers a not-full shelf inside the remaining bag
ok 18 - power selection prefers a not-full shelf inside the remaining bag
  ---
  duration_ms: 0.125941
  type: 'test'
  ...
# Subtest: full shelves never inflate inventory on collection
ok 19 - full shelves never inflate inventory on collection
  ---
  duration_ms: 0.117698
  type: 'test'
  ...
# Subtest: guaranteed first-chapter spells retain their familiar onboarding order
ok 20 - guaranteed first-chapter spells retain their familiar onboarding order
  ---
  duration_ms: 0.307425
  type: 'test'
  ...
# Subtest: empty FIRE and WIND are STORED rather than falsely actionable READY
ok 21 - empty FIRE and WIND are STORED rather than falsely actionable READY
  ---
  duration_ms: 0.189307
  type: 'test'
  ...
# Subtest: readiness reflects per-spell cooldown as well as inventory
ok 22 - readiness reflects per-spell cooldown as well as inventory
  ---
  duration_ms: 0.281716
  type: 'test'
  ...
# Subtest: SLOW cast before ICE retains every unspent second while frozen
ok 23 - SLOW cast before ICE retains every unspent second while frozen
  ---
  duration_ms: 0.433195
  type: 'test'
  ...
# Subtest: SLOW cast during ICE is queued without consuming duration
ok 24 - SLOW cast during ICE is queued without consuming duration
  ---
  duration_ms: 0.29133
  type: 'test'
  ...
# Subtest: a second queued SLOW does not consume a second book
ok 25 - a second queued SLOW does not consume a second book
  ---
  duration_ms: 0.150448
  type: 'test'
  ...
# Subtest: ICE ending within a tick applies only the remaining unfrozen fraction
ok 26 - ICE ending within a tick applies only the remaining unfrozen fraction
  ---
  duration_ms: 0.114242
  type: 'test'
  ...
# Subtest: SLOW expiry integrates slowed and normal motion within the same tick
ok 27 - SLOW expiry integrates slowed and normal motion within the same tick
  ---
  duration_ms: 0.142275
  type: 'test'
  ...
# Subtest: pause freezes queued spells and spell readiness
ok 28 - pause freezes queued spells and spell readiness
  ---
  duration_ms: 0.308957
  type: 'test'
  ...
# Subtest: FIRE guarantees a short recovery instead of an immediate replacement spawn
ok 29 - FIRE guarantees a short recovery instead of an immediate replacement spawn
  ---
  duration_ms: 0.143147
  type: 'test'
  ...
# Subtest: WIND clears only pressure; it never silently removes falling cards
ok 30 - WIND clears only pressure; it never silently removes falling cards
  ---
  duration_ms: 0.14504
  type: 'test'
  ...
# Subtest: a just-landed exact submission has one miss penalty, not miss plus typo
ok 31 - a just-landed exact submission has one miss penalty, not miss plus typo
  ---
  duration_ms: 0.147283
  type: 'test'
  ...
# Subtest: late-submission protection expires after the declared grace window
ok 32 - late-submission protection expires after the declared grace window
  ---
  duration_ms: 0.122625
  type: 'test'
  ...
# Subtest: the same expired word cannot repeatedly trigger late protection
ok 33 - the same expired word cannot repeatedly trigger late protection
  ---
  duration_ms: 0.100492
  type: 'test'
  ...
# Subtest: a still-live duplicate wins over the recently landed copy
ok 34 - a still-live duplicate wins over the recently landed copy
  ---
  duration_ms: 0.105359
  type: 'test'
  ...
# Subtest: a recently FIRE-cleared typed word does not create a phantom typo penalty
ok 35 - a recently FIRE-cleared typed word does not create a phantom typo penalty
  ---
  duration_ms: 0.098409
  type: 'test'
  ...
# Subtest: late protection cannot rescue an already terminal full-pile result
ok 36 - late protection cannot rescue an already terminal full-pile result
  ---
  duration_ms: 0.438012
  type: 'test'
  ...
# Subtest: chapter RNG is independent from how many earlier frames were simulated
ok 37 - chapter RNG is independent from how many earlier frames were simulated
  ---
  duration_ms: 0.087782
  type: 'test'
  ...
# Subtest: uninterrupted next chapter and restored bookmark produce identical cards
ok 38 - uninterrupted next chapter and restored bookmark produce identical cards
  ---
  duration_ms: 1.014554
  type: 'test'
  ...
# Subtest: chapter-boundary bookmark includes the pending power cycle
ok 39 - chapter-boundary bookmark includes the pending power cycle
  ---
  duration_ms: 0.214284
  type: 'test'
  ...
# Subtest: mid-chapter state cannot masquerade as a safe chapter bookmark
ok 40 - mid-chapter state cannot masquerade as a safe chapter bookmark
  ---
  duration_ms: 0.129556
  type: 'test'
  ...
# Subtest: first chapter can be bookmarked before a single word arrives
ok 41 - first chapter can be bookmarked before a single word arrives
  ---
  duration_ms: 0.481458
  type: 'test'
  ...
# Subtest: failed chapter retains its opening score and stock, recording retry count
ok 42 - failed chapter retains its opening score and stock, recording retry count
  ---
  duration_ms: 0.417411
  type: 'test'
  ...
# Subtest: retry increments cannot corrupt another expedition or chapter
ok 43 - retry increments cannot corrupt another expedition or chapter
  ---
  duration_ms: 0.33712
  type: 'test'
  ...
# Subtest: repeating a failed chapter cannot double-award its previous earned score
ok 44 - repeating a failed chapter cannot double-award its previous earned score
  ---
  duration_ms: 0.420055
  type: 'test'
  ...
# Subtest: campaign final clear cannot advance into chapter 49
ok 45 - campaign final clear cannot advance into chapter 49
  ---
  duration_ms: 0.26456
  type: 'test'
  ...
# Subtest: practice completion cannot advance into a multi-chapter practice score
ok 46 - practice completion cannot advance into a multi-chapter practice score
  ---
  duration_ms: 0.164118
  type: 'test'
  ...
# Subtest: endless can progress without receiving a false campaign victory
ok 47 - endless can progress without receiving a false campaign victory
  ---
  duration_ms: 0.203838
  type: 'test'
  ...
# Subtest: campaign victory cannot be declared in the middle of chapter 48
ok 48 - campaign victory cannot be declared in the middle of chapter 48
  ---
  duration_ms: 0.223938
  type: 'test'
  ...
# Subtest: retirement snapshots retain a voluntary finish distinction
ok 49 - retirement snapshots retain a voluntary finish distinction
  ---
  duration_ms: 0.170218
  type: 'test'
  ...
# Subtest: practice mastery on an unlocked chapter saves without unlocking another chapter
ok 50 - practice mastery on an unlocked chapter saves without unlocking another chapter
  ---
  duration_ms: 0.511083
  type: 'test'
  ...
# Subtest: practice cannot generate stars on a locked chapter
ok 51 - practice cannot generate stars on a locked chapter
  ---
  duration_ms: 0.094854
  type: 'test'
  ...
# Subtest: campaign clear after practice can unlock the next chapter
ok 52 - campaign clear after practice can unlock the next chapter
  ---
  duration_ms: 0.159261
  type: 'test'
  ...
# Subtest: practice best score is chapter-specific, not simply the longest chapter
ok 53 - practice best score is chapter-specific, not simply the longest chapter
  ---
  duration_ms: 0.367966
  type: 'test'
  ...
# Subtest: old rulesets remain in Legacy and cannot become a current personal best
ok 54 - old rulesets remain in Legacy and cannot become a current personal best
  ---
  duration_ms: 0.126732
  type: 'test'
  ...
# Subtest: a migrated in-progress expedition keeps its original scoring provenance
ok 55 - a migrated in-progress expedition keeps its original scoring provenance
  ---
  duration_ms: 0.382989
  type: 'test'
  ...
# Subtest: v3 migration does not overwrite or delete the original saved bytes
ok 56 - v3 migration does not overwrite or delete the original saved bytes
  ---
  duration_ms: 0.307705
  type: 'test'
  ...
# Subtest: corrupt power bags and nonfinite checkpoint identifiers are rejected
ok 57 - corrupt power bags and nonfinite checkpoint identifiers are rejected
  ---
  duration_ms: 0.241956
  type: 'test'
  ...
# Subtest: actual completed-stage score replaces only the comparable ruleset best
ok 58 - actual completed-stage score replaces only the comparable ruleset best
  ---
  duration_ms: 0.170948
  type: 'test'
  ...
# Subtest: paused application settings reject invalid volume and difficulty values
ok 59 - paused application settings reject invalid volume and difficulty values
  ---
  duration_ms: 0.146472
  type: 'test'
  ...
# Subtest: nonfinite and zero deltas cannot poison the game clock
ok 60 - nonfinite and zero deltas cannot poison the game clock
  ---
  duration_ms: 0.140122
  type: 'test'
  ...
# Subtest: long-session replay memory is bounded and truncation is explicit
ok 61 - long-session replay memory is bounded and truncation is explicit
  ---
  duration_ms: 32.279943
  type: 'test'
  ...
# Subtest: renderer frame rate cannot change a fixed-tick authored run
ok 62 - renderer frame rate cannot change a fixed-tick authored run
  ---
  duration_ms: 3.666325
  type: 'test'
  ...
# Subtest: 250 seeded adversarial sessions retain finite state, terminal uniqueness and stock bounds
ok 63 - 250 seeded adversarial sessions retain finite state, terminal uniqueness and stock bounds
  ---
  duration_ms: 244.004531
  type: 'test'
  ...
# Subtest: merging new-rule practice medals cannot revoke an old-rule campaign clear
ok 64 - merging new-rule practice medals cannot revoke an old-rule campaign clear
  ---
  duration_ms: 0.400787
  type: 'test'
  ...
# Subtest: corrupt current save is quarantined and a valid untouched v3 save is recovered
ok 65 - corrupt current save is quarantined and a valid untouched v3 save is recovered
  ---
  duration_ms: 0.236538
  type: 'test'
  ...
# Subtest: normalization accepts English letters, uppercases and bounds the buffer
ok 66 - normalization accepts English letters, uppercases and bounds the buffer
  ---
  duration_ms: 1.17026
  type: 'test'
  ...
# Subtest: dictionary is substantial, uppercase, unique within tiers, and all words fit the buffer
ok 67 - dictionary is substantial, uppercase, unique within tiers, and all words fit the buffer
  ---
  duration_ms: 0.545906
  type: 'test'
  ...
# Subtest: seeded random generator repeats exactly
ok 68 - seeded random generator repeats exactly
  ---
  duration_ms: 0.710675
  type: 'test'
  ...
# Subtest: fresh game is in menu, with no starting power stock
ok 69 - fresh game is in menu, with no starting power stock
  ---
  duration_ms: 0.308647
  type: 'test'
  ...
# Subtest: start resets all run state
ok 70 - start resets all run state
  ---
  duration_ms: 0.929425
  type: 'test'
  ...
# Subtest: complete exact word once, update points/progress/characters
ok 71 - complete exact word once, update points/progress/characters
  ---
  duration_ms: 0.489551
  type: 'test'
  ...
# Subtest: partial input never auto-clears or penalizes
ok 72 - partial input never auto-clears or penalizes
  ---
  duration_ms: 0.321025
  type: 'test'
  ...
# Subtest: empty Enter is a true no-op
ok 73 - empty Enter is a true no-op
  ---
  duration_ms: 0.185221
  type: 'test'
  ...
# Subtest: invalid submission penalizes once and clears the buffer
ok 74 - invalid submission penalizes once and clears the buffer
  ---
  duration_ms: 0.424041
  type: 'test'
  ...
# Subtest: editing a prefix is non-destructive
ok 75 - editing a prefix is non-destructive
  ---
  duration_ms: 0.48232
  type: 'test'
  ...
# Subtest: duplicate words resolve the lowest exact match
ok 76 - duplicate words resolve the lowest exact match
  ---
  duration_ms: 0.267084
  type: 'test'
  ...
# Subtest: ties are stable by ID
ok 77 - ties are stable by ID
  ---
  duration_ms: 0.128214
  type: 'test'
  ...
# Subtest: shared prefix does not lock onto a target
ok 78 - shared prefix does not lock onto a target
  ---
  duration_ms: 0.114933
  type: 'test'
  ...
# Subtest: falling FIRE word takes priority over available command
ok 79 - falling FIRE word takes priority over available command
  ---
  duration_ms: 0.144258
  type: 'test'
  ...
# Subtest: power collection is immediate and capped at three
ok 80 - power collection is immediate and capped at three
  ---
  duration_ms: 0.280674
  type: 'test'
  ...
# Subtest: all four power-card families grant the corresponding book
ok 81 - all four power-card families grant the corresponding book
  ---
  duration_ms: 0.175756
  type: 'test'
  ...
# Subtest: unavailable spell costs no points or danger and grants no stock
ok 82 - unavailable spell costs no points or danger and grants no stock
  ---
  duration_ms: 0.305272
  type: 'test'
  ...
# Subtest: FIRE clears active cards without scoring, progress, or harvesting books
ok 83 - FIRE clears active cards without scoring, progress, or harvesting books
  ---
  duration_ms: 0.336028
  type: 'test'
  ...
# Subtest: FIRE consumes exactly one charge per nonempty cast
ok 84 - FIRE consumes exactly one charge per nonempty cast
  ---
  duration_ms: 0.220794
  type: 'test'
  ...
# Subtest: ICE stops words and spawn timer for its duration
ok 85 - ICE stops words and spawn timer for its duration
  ---
  duration_ms: 0.304771
  type: 'test'
  ...
# Subtest: ICE active recast is rejected and preserves the next book
ok 86 - ICE active recast is rejected and preserves the next book
  ---
  duration_ms: 0.229397
  type: 'test'
  ...
# Subtest: SLOW scales motion by exactly 0.42
ok 87 - SLOW scales motion by exactly 0.42
  ---
  duration_ms: 0.190208
  type: 'test'
  ...
# Subtest: ICE and SLOW coexist; SLOW time is banked until ICE ends
ok 88 - ICE and SLOW coexist; SLOW time is banked until ICE ends
  ---
  duration_ms: 0.267224
  type: 'test'
  ...
# Subtest: WIND fully clears danger and paper without clearing active words
ok 89 - WIND fully clears danger and paper without clearing active words
  ---
  duration_ms: 0.185701
  type: 'test'
  ...
# Subtest: pause freezes timers, positions, game time, and spawn countdown
ok 90 - pause freezes timers, positions, game time, and spawn countdown
  ---
  duration_ms: 0.434077
  type: 'test'
  ...
# Subtest: paused input cannot change buffer or score
ok 91 - paused input cannot change buffer or score
  ---
  duration_ms: 0.133662
  type: 'test'
  ...
# Subtest: miss adds the configured danger once and clears streak
ok 92 - miss adds the configured danger once and clears streak
  ---
  duration_ms: 0.182226
  type: 'test'
  ...
# Subtest: dark miss penalty is larger; dark completion earns double
ok 93 - dark miss penalty is larger; dark completion earns double
  ---
  duration_ms: 0.237229
  type: 'test'
  ...
# Subtest: game over is terminal and emits only once
ok 94 - game over is terminal and emits only once
  ---
  duration_ms: 0.208595
  type: 'test'
  ...
# Subtest: an invalid submission can end a run at the limit
ok 95 - an invalid submission can end a run at the limit
  ---
  duration_ms: 0.161584
  type: 'test'
  ...
# Subtest: word submitted just before impact cannot subsequently land
ok 96 - word submitted just before impact cannot subsequently land
  ---
  duration_ms: 0.437372
  type: 'test'
  ...
# Subtest: perfect chapter awards 100 x level plus 250, then clears field
ok 97 - perfect chapter awards 100 x level plus 250, then clears field
  ---
  duration_ms: 0.280875
  type: 'test'
  ...
# Subtest: imperfect chapter excludes perfect bonus
ok 98 - imperfect chapter excludes perfect bonus
  ---
  duration_ms: 0.151359
  type: 'test'
  ...
# Subtest: next chapter resets quota and timed effects but retains danger and stock
ok 99 - next chapter resets quota and timed effects but retains danger and stock
  ---
  duration_ms: 0.243349
  type: 'test'
  ...
# Subtest: streak multiplier grows at eight and caps at three
ok 100 - streak multiplier grows at eight and caps at three
  ---
  duration_ms: 0.06603
  type: 'test'
  ...
# Subtest: word accuracy is submission accuracy, not a keystroke claim
ok 101 - word accuracy is submission accuracy, not a keystroke claim
  ---
  duration_ms: 0.100602
  type: 'test'
  ...
# Subtest: WPM uses correctly completed characters and active time
ok 102 - WPM uses correctly completed characters and active time
  ---
  duration_ms: 0.079661
  type: 'test'
  ...
# Subtest: same seed and input sequence yield the same simulation
ok 103 - same seed and input sequence yield the same simulation
  ---
  duration_ms: 3.486243
  type: 'test'
  ...
# Subtest: spawn bounds keep whole cards on the playfield
ok 104 - spawn bounds keep whole cards on the playfield
  ---
  duration_ms: 3.376127
  type: 'test'
  ...
# Subtest: spawn is bounded at 12 simultaneous cards
ok 105 - spawn is bounded at 12 simultaneous cards
  ---
  duration_ms: 0.126101
  type: 'test'
  ...
# Subtest: special cards include explicit glyph padding
ok 106 - special cards include explicit glyph padding
  ---
  duration_ms: 0.131128
  type: 'test'
  ...
# Subtest: level speed and quotas increase but remain bounded
ok 107 - level speed and quotas increase but remain bounded
  ---
  duration_ms: 0.087012
  type: 'test'
  ...
# Subtest: pace choice changes speed without changing correctness rules
ok 108 - pace choice changes speed without changing correctness rules
  ---
  duration_ms: 0.061433
  type: 'test'
  ...
# Subtest: fixed clock creates 60 bounded simulation steps over one second
ok 109 - fixed clock creates 60 bounded simulation steps over one second
  ---
  duration_ms: 0.267905
  type: 'test'
  ...
# Subtest: clock does not simulate a hidden-tab catch-up burst
ok 110 - clock does not simulate a hidden-tab catch-up burst
  ---
  duration_ms: 0.103677
  type: 'test'
  ...
# Subtest: settings and local records round-trip with schema validation
ok 111 - settings and local records round-trip with schema validation
  ---
  duration_ms: 1.046833
  type: 'test'
  ...
# Subtest: malformed local data recovers safely
ok 112 - malformed local data recovers safely
  ---
  duration_ms: 0.291911
  type: 'test'
  ...
# Subtest: unavailable storage is explicitly session-only
ok 113 - unavailable storage is explicitly session-only
  ---
  duration_ms: 0.130847
  type: 'test'
  ...
# Subtest: blocked storage never crashes game state
ok 114 - blocked storage never crashes game state
  ---
  duration_ms: 0.217078
  type: 'test'
  ...
# Subtest: records filter malformed entries and maintain independent pace bests
ok 115 - records filter malformed entries and maintain independent pace bests
  ---
  duration_ms: 0.278271
  type: 'test'
  ...
# Subtest: clearing records retains settings
ok 116 - clearing records retains settings
  ---
  duration_ms: 0.204569
  type: 'test'
  ...
# Subtest: new players get the original score without a separate setup screen
ok 117 - new players get the original score without a separate setup screen
  ---
  duration_ms: 1.365085
  type: 'test'
  ...
# Subtest: music, effects, and master volume have independent bounded defaults
ok 118 - music, effects, and master volume have independent bounded defaults
  ---
  duration_ms: 0.452915
  type: 'test'
  ...
# Subtest: default gameplay HUD is focused, not a metrics dashboard
ok 119 - default gameplay HUD is focused, not a metrics dashboard
  ---
  duration_ms: 0.164339
  type: 'test'
  ...
# Subtest: returning players have a configurable resume safety countdown
ok 120 - returning players have a configurable resume safety countdown
  ---
  duration_ms: 0.080061
  type: 'test'
  ...
# Subtest: v2 settings and records migrate non-destructively into Typekeeper
ok 121 - v2 settings and records migrate non-destructively into Typekeeper
  ---
  duration_ms: 0.890757
  type: 'test'
  ...
# Subtest: current Typekeeper preferences take priority over old defaults
ok 122 - current Typekeeper preferences take priority over old defaults
  ---
  duration_ms: 0.157579
  type: 'test'
  ...
# Subtest: new audio preferences persist through actual serialization
ok 123 - new audio preferences persist through actual serialization
  ---
  duration_ms: 0.370511
  type: 'test'
  ...
# Subtest: invalid imported audio gains do not reach the mixer
ok 124 - invalid imported audio gains do not reach the mixer
  ---
  duration_ms: 0.192121
  type: 'test'
  ...
# Subtest: new presentation toggles serialize without changing active game rules
ok 125 - new presentation toggles serialize without changing active game rules
  ---
  duration_ms: 0.381117
  type: 'test'
  ...
# Subtest: Typekeeper save exports identify the product and preserve schema compatibility
ok 126 - Typekeeper save exports identify the product and preserve schema compatibility
  ---
  duration_ms: 0.806359
  type: 'test'
  ...
# Subtest: migrated saves retain all earned mastery and chapter bookmarks
ok 127 - migrated saves retain all earned mastery and chapter bookmarks
  ---
  duration_ms: 1.000573
  type: 'test'
  ...
# Subtest: pile restoration agrees with the danger meter after a bookmark
ok 128 - pile restoration agrees with the danger meter after a bookmark
  ---
  duration_ms: 0.401628
  type: 'test'
  ...
# Subtest: restored pile does not retain references to imported data
ok 129 - restored pile does not retain references to imported data
  ---
  duration_ms: 0.28414
  type: 'test'
  ...
# Subtest: older checkpoints reconstruct visual papers for existing danger
ok 130 - older checkpoints reconstruct visual papers for existing danger
  ---
  duration_ms: 0.293013
  type: 'test'
  ...
# Subtest: malformed pile objects are rejected before save import
ok 131 - malformed pile objects are rejected before save import
  ---
  duration_ms: 0.177198
  type: 'test'
  ...
# Subtest: oversized or out-of-field imported piles are rejected
ok 132 - oversized or out-of-field imported piles are rejected
  ---
  duration_ms: 0.17166
  type: 'test'
  ...
# Subtest: campaign finale now uses the Typekeeper identity
ok 133 - campaign finale now uses the Typekeeper identity
  ---
  duration_ms: 0.068684
  type: 'test'
  ...
# Subtest: HTML contains no website header, footer, or edition labeling
ok 134 - HTML contains no website header, footer, or edition labeling
  ---
  duration_ms: 0.814792
  type: 'test'
  ...
# Subtest: live menu source removes prototype and defensive copy
ok 135 - live menu source removes prototype and defensive copy
  ---
  duration_ms: 1.021074
  type: 'test'
  ...
# Subtest: original score has two equal-length, original phase-aligned stems
ok 136 - original score has two equal-length, original phase-aligned stems
  ---
  duration_ms: 0.203298
  type: 'test'
  ...
# Subtest: both music exports are included locally and stay under 3 MiB each
ok 137 - both music exports are included locally and stay under 3 MiB each
  ---
  duration_ms: 0.160212
  type: 'test'
  ...
# Subtest: source soundtrack includes editable MIDI and lossless masters
ok 138 - source soundtrack includes editable MIDI and lossless masters
  ---
  duration_ms: 0.367616
  type: 'test'
  ...
# Subtest: old placeholder nocturne is not shipped as a runtime asset
ok 139 - old placeholder nocturne is not shipped as a runtime asset
  ---
  duration_ms: 0.104798
  type: 'test'
  ...
# Subtest: no font binaries or remote font dependencies are required
ok 140 - no font binaries or remote font dependencies are required
  ---
  duration_ms: 0.203748
  type: 'test'
  ...
# Subtest: campaign has 48 unique named stages across eight six-stage wings
ok 141 - campaign has 48 unique named stages across eight six-stage wings
  ---
  duration_ms: 1.964431
  type: 'test'
  ...
# Subtest: eight trials occur at the end of each wing
ok 142 - eight trials occur at the end of each wing
  ---
  duration_ms: 0.895725
  type: 'test'
  ...
# Subtest: all 48 stages have smooth rising speed and falling arrival interval
ok 143 - all 48 stages have smooth rising speed and falling arrival interval
  ---
  duration_ms: 0.831377
  type: 'test'
  ...
# Subtest: endless mode is named and has bounded speed and spawn intervals
ok 144 - endless mode is named and has bounded speed and spawn intervals
  ---
  duration_ms: 0.156086
  type: 'test'
  ...
# Subtest: every numbered hotkey and numpad key maps to its spell
ok 145 - every numbered hotkey and numpad key maps to its spell
  ---
  duration_ms: 3.203705
  type: 'test'
  ...
# Subtest: hotkeys ignore modifiers, key repeat, IME and ordinary typing
ok 146 - hotkeys ignore modifiers, key repeat, IME and ordinary typing
  ---
  duration_ms: 0.286663
  type: 'test'
  ...
# Subtest: quick cast preserves the typed buffer and records input provenance
ok 147 - quick cast preserves the typed buffer and records input provenance
  ---
  duration_ms: 1.19009
  type: 'test'
  ...
# Subtest: quick FIRE is unambiguous even with a falling FIRE word
ok 148 - quick FIRE is unambiguous even with a falling FIRE word
  ---
  duration_ms: 0.464673
  type: 'test'
  ...
# Subtest: empty FIRE does not waste inventory
ok 149 - empty FIRE does not waste inventory
  ---
  duration_ms: 0.457311
  type: 'test'
  ...
# Subtest: empty WIND does not waste inventory
ok 150 - empty WIND does not waste inventory
  ---
  duration_ms: 0.556712
  type: 'test'
  ...
# Subtest: active SLOW cannot waste a second book
ok 151 - active SLOW cannot waste a second book
  ---
  duration_ms: 1.480769
  type: 'test'
  ...
# Subtest: SLOW creates breathing room in spawn countdown as well as motion
ok 152 - SLOW creates breathing room in spawn countdown as well as motion
  ---
  duration_ms: 1.032561
  type: 'test'
  ...
# Subtest: casting after ICE expires consumes the next book once
ok 153 - casting after ICE expires consumes the next book once
  ---
  duration_ms: 0.677695
  type: 'test'
  ...
# Subtest: anti-doublecast cooldown applies per power without blocking combinations
ok 154 - anti-doublecast cooldown applies per power without blocking combinations
  ---
  duration_ms: 0.454017
  type: 'test'
  ...
# Subtest: pressure state thresholds include every exact boundary
ok 155 - pressure state thresholds include every exact boundary
  ---
  duration_ms: 0.147303
  type: 'test'
  ...
# Subtest: defeat and celebration override the normal pressure expression
ok 156 - defeat and celebration override the normal pressure expression
  ---
  duration_ms: 0.096516
  type: 'test'
  ...
# Subtest: WIND immediately restores the calm gameplay state
ok 157 - WIND immediately restores the calm gameplay state
  ---
  duration_ms: 0.162606
  type: 'test'
  ...
# Subtest: pressure events fire on transitions rather than every frame
ok 158 - pressure events fire on transitions rather than every frame
  ---
  duration_ms: 0.229457
  type: 'test'
  ...
# Subtest: mastery stars use documented gold, silver and bronze thresholds
ok 159 - mastery stars use documented gold, silver and bronze thresholds
  ---
  duration_ms: 0.130728
  type: 'test'
  ...
# Subtest: stage summaries use stage-local WPM and accuracy
ok 160 - stage summaries use stage-local WPM and accuracy
  ---
  duration_ms: 1.007284
  type: 'test'
  ...
# Subtest: a full campaign advances through all 48 stages without stale phase or progress
ok 161 - a full campaign advances through all 48 stages without stale phase or progress
  ---
  duration_ms: 7.571822
  type: 'test'
  ...
# Subtest: checkpoint restores score, books, danger and completed stages at the next boundary
ok 162 - checkpoint restores score, books, danger and completed stages at the next boundary
  ---
  duration_ms: 0.696043
  type: 'test'
  ...
# Subtest: checkpoint is validated before being saved
ok 163 - checkpoint is validated before being saved
  ---
  duration_ms: 0.864517
  type: 'test'
  ...
# Subtest: checkpoint survives actual store serialization and clear is persistent
ok 164 - checkpoint survives actual store serialization and clear is persistent
  ---
  duration_ms: 0.96511
  type: 'test'
  ...
# Subtest: mastery keeps the best grade and paces stay independent
ok 165 - mastery keeps the best grade and paces stay independent
  ---
  duration_ms: 0.303249
  type: 'test'
  ...
# Subtest: practice can improve an earned grade but cannot create expedition progress
ok 166 - practice can improve an earned grade but cannot create expedition progress
  ---
  duration_ms: 0.308557
  type: 'test'
  ...
# Subtest: save export/import merges rather than duplicates records
ok 167 - save export/import merges rather than duplicates records
  ---
  duration_ms: 1.268369
  type: 'test'
  ...
# Subtest: current, practice and legacy records are not mixed in best score
ok 168 - current, practice and legacy records are not mixed in best score
  ---
  duration_ms: 0.419966
  type: 'test'
  ...
# Subtest: record time windows use date cutoffs and actual records
ok 169 - record time windows use date cutoffs and actual records
  ---
  duration_ms: 0.260383
  type: 'test'
  ...
# Subtest: legacy migration tolerates null and malformed rows and tags valid V1 scores
ok 170 - legacy migration tolerates null and malformed rows and tags valid V1 scores
  ---
  duration_ms: 0.279463
  type: 'test'
  ...
# Subtest: wide words allocate glyph-aware card widths
ok 171 - wide words allocate glyph-aware card widths
  ---
  duration_ms: 0.121183
  type: 'test'
  ...
# Subtest: spawned long cards remain wholly within the game field
ok 172 - spawned long cards remain wholly within the game field
  ---
  duration_ms: 6.119716
  type: 'test'
  ...
# Subtest: pause freezes cooldowns and resume does not erase partial input
ok 173 - pause freezes cooldowns and resume does not erase partial input
  ---
  duration_ms: 0.400055
  type: 'test'
  ...
# Subtest: checkpoint cannot be imported into a different pace slot
ok 174 - checkpoint cannot be imported into a different pace slot
  ---
  duration_ms: 0.464032
  type: 'test'
  ...
1..174
# tests 174
# suites 0
# pass 174
# fail 0
# cancelled 0
# skipped 0
# todo 0
# duration_ms 641.147391


$ npm run check

> typekeeper-enchanted-library@3.1.0 check
> node scripts/check.mjs

All application and build modules pass JavaScript syntax checks.


$ npm run build

> typekeeper-enchanted-library@3.1.0 build
> node scripts/build.mjs

Manifest verified: 21 local assets.
Built 37 local files; 5.53 MiB. No CDN or network build dependency.
Standalone PLAY.html: 7.62 MiB. All art, music and code embedded.
